D/PicasaSyncManager( 5302): reject PrefetchAlbumCover (******************) because auto sync is off
D/PicasaSyncManager( 5302): reject PrefetchScreenNail (******************) because auto sync is off
D/PicasaSyncManager( 5302): active network: NetworkInfo: type: WIFI[], state: CONNECTED/CONNECTED, reason: (unspecified), extra: (none), roaming: false, failover: false, isAvailable: true
D/PicasaSyncManager( 5302): background data: true
D/PicasaUploaderSyncManager( 6840): active network: NetworkInfo: type: WIFI[], state: CONNECTED/CONNECTED, reason: (unspecified), extra: (none), roaming: false, failover: false, isAvailable: true
D/PicasaUploaderSyncManager( 6840): background data: true
D/dalvikvm( 6885): GC_CONCURRENT freed 435K, 11% free 6509K/7239K, paused 20ms+2ms, total 55ms
D/dalvikvm( 6885): WAIT_FOR_CONCURRENT_GC blocked 0ms
D/dalvikvm( 6885): GC_EXPLICIT freed 52K, 11% free 6502K/7239K, paused 11ms+3ms, total 47ms
D/dalvikvm( 7180): GC_CONCURRENT freed 306K, 9% free 6365K/6983K, paused 12ms+2ms, total 24ms
D/ConnectivityService(  270): handleInetConditionHoldEnd: net=1, condition=100, published condition=0
D/dalvikvm( 6885): GC_CONCURRENT freed 376K, 10% free 6567K/7239K, paused 12ms+17ms, total 47ms
D/dalvikvm(  493): GC_CONCURRENT freed 390K, 20% free 6411K/7943K, paused 6ms+2ms, total 42ms
W/ThrottleService(  270): unable to find stats for iface rmnet0
D/dalvikvm(  270): GC_CONCURRENT freed 1538K, 16% free 12360K/14663K, paused 8ms+4ms, total 79ms
D/SurfaceFlinger(   93): About to give-up screen, flinger = 0x40d93bb8
D/WifiService(  270): ---- mWifiWakeLock.acquire ----
D/GamePadConfigManager(  493): loadConfig user profile (com.android.launcher.txt)
D/GamePadConfigManager(  493): No user configuration file (com.android.launcher.txt) found
D/GamePadConfigManager(  493): loadConfig default profile (com.android.launcher.txt)
D/GamePadConfigManager(  493): File (com.android.launcher.txt) not in database
I/ActivityManager(  270): Start proc com.google.android.gm for service com.google.android.gm/.provider.MailIndexerService: pid=7280 uid=10036 gids={3003, 1015, 1028}
E/Trace   ( 7280): error opening trace file: No such file or directory (2)
I/ActivityThread( 7280): Pub com.google.android.gm2.accountcache: com.android.mail.providers.GmailAccountCacheProvider
D/dalvikvm( 7280): GC_CONCURRENT freed 232K, 8% free 6309K/6791K, paused 17ms+2ms, total 53ms
D/dalvikvm( 7280): WAIT_FOR_CONCURRENT_GC blocked 8ms
D/dalvikvm( 7280): WAIT_FOR_CONCURRENT_GC blocked 14ms
D/ActivityThread( 7280): Loading provider com.android.gmail.ui: com.google.android.gm.provider.UiProvider
I/ActivityThread( 7280): Pub gmail-ls: com.google.android.gm.provider.MailProvider
I/ActivityThread( 7280): Pub com.google.android.gm2.conversation.provider: com.android.mail.browse.GmailConversationProvider
I/ActivityThread( 7280): Pub com.google.android.gm.suggestionsprovider: com.android.mail.providers.SuggestionsProvider
I/ActivityThread( 7280): Pub com.android.gmail.ui: com.google.android.gm.provider.UiProvider
I/ActivityThread( 7280): Pub com.google.android.gm: com.google.android.gm.provider.PublicContentProvider
D/dalvikvm( 7280): GC_CONCURRENT freed 356K, 9% free 6426K/7047K, paused 19ms+44ms, total 93ms
I/Gmail   ( 7280): calculateUnknownSyncRationalesAndPurgeInBackground: exiting (labelMap not synced
I/Gmail   ( 7280): calculateUnknownSyncRationalesAndPurgeInBackground: exiting (labelMap not synced
D/dalvikvm(  270): WAIT_FOR_CONCURRENT_GC blocked 0ms
D/dalvikvm(  270): GC_EXPLICIT freed 410K, 16% free 12432K/14663K, paused 3ms+6ms, total 84ms
I/ActivityManager(  270): No longer want com.sega.soniccd (pid 6947): hidden #16
W/ActivityManager(  270): Scheduling restart of crashed service com.sega.soniccd/.GameDownloaderService in 5000ms
D/dalvikvm( 7280): GC_CONCURRENT freed 294K, 9% free 6568K/7175K, paused 12ms+14ms, total 53ms
I/Gmail   ( 7280): calculateUnknownSyncRationalesAndPurgeInBackground: queueing
I/Gmail   ( 7280): calculateUnknownSyncRationalesAndPurgeInBackground: queueing
E/Gmail.LabelManager( 7280): Unable to get label ^i for account panreyes@gmail.com
E/Gmail   ( 7280): Couldn't find label: ^i
I/Gmail   ( 7280): calculateUnknownSyncRationalesAndPurgeInBackground: running
I/Gmail   ( 7280): calculateUnknownSyncRationalesAndPurgeInBackground: running
E/Gmail.LabelManager( 7280): Unable to get label ^i for account panreyes@gmail.com
E/Gmail   ( 7280): Couldn't find label: ^i
D/dalvikvm( 7280): GC_CONCURRENT freed 497K, 11% free 6619K/7367K, paused 12ms+2ms, total 57ms
D/dalvikvm( 7280): WAIT_FOR_CONCURRENT_GC blocked 9ms
D/dalvikvm(   94): WAIT_FOR_CONCURRENT_GC blocked 0ms
E/Trace   ( 7309): error opening trace file: No such file or directory (2)
I/ActivityManager(  270): Start proc com.sega.soniccd for service com.sega.soniccd/.GameDownloaderService: pid=7309 uid=10066 gids={1015, 3003, 1028}
D/dalvikvm(   94): GC_EXPLICIT freed 38K, 8% free 6036K/6531K, paused 4ms+2ms, total 40ms
D/dalvikvm(   94): WAIT_FOR_CONCURRENT_GC blocked 0ms
I/ActivityThread( 7309): Pub com.sega.soniccd: com.sega.soniccd.APEZProvider
I/ActivityManager(  270): No longer want com.android.vending (pid 1069): hidden #16
D/dalvikvm(   94): GC_EXPLICIT freed <1K, 8% free 6036K/6531K, paused 5ms+1ms, total 34ms
D/dalvikvm(   94): WAIT_FOR_CONCURRENT_GC blocked 0ms
D/dalvikvm(   94): GC_EXPLICIT freed <1K, 8% free 6036K/6531K, paused 1ms+12ms, total 30ms
I/WindowState(  270): WIN DEATH: Window{419d6278 com.android.vending/com.android.vending.AssetBrowserActivity paused=false}
W/ActivityManager(  270): Scheduling restart of crashed service com.android.vending/com.google.android.finsky.billing.iab.PendingNotificationsService in 5000ms
D/dalvikvm(  493): GC_CONCURRENT freed 388K, 20% free 6410K/7943K, paused 16ms+2ms, total 45ms
I/EventLogService( 6885): Aggregate from 1363123399089 (log), 1363123399089 (data)
D/dzy     (  270): userActivity
D/SurfaceFlinger(   93): Screen about to return, flinger = 0x40d93bb8
E/Lights  (  270): write_int failed to open sys/class/leds/rk29_key_led/brightness
D/dpt     (  270): setPerformanceMode: 2 ;value: 133
I/WindowManager(  270): No lock screen!
D/WifiService(  270): ---- mWifiWakeLock.release ----
D/dzy     (  270): userActivity
D/AudioHardware(   96): AudioHardware pcm playback is exiting standby.
D/AudioHardware(   96): openPcmOut_l() mPcmOpenCnt: 0
D/dzy     (  270): userActivity
D/dalvikvm(  613): GC_CONCURRENT freed 442K, 54% free 7660K/16647K, paused 12ms+4ms, total 55ms
D/dzy     (  270): userActivity
D/dzy     (  270): userActivity
D/AndroidRuntime( 7348): 
D/AndroidRuntime( 7348): >>>>>> AndroidRuntime START com.android.internal.os.RuntimeInit <<<<<<
D/AndroidRuntime( 7348): CheckJNI is OFF
I/AndroidRuntime( 7348): JNI options: '-Xjniopts:warnonly'
D/dalvikvm( 7348): Unable to stat classpath element '/system/framework/filterfw.jar'
D/dalvikvm( 7348): Trying to load lib libjavacore.so 0x0
D/dalvikvm( 7348): Added shared lib libjavacore.so 0x0
D/dalvikvm( 7348): Trying to load lib libnativehelper.so 0x0
D/dalvikvm( 7348): Added shared lib libnativehelper.so 0x0
D/AndroidRuntime( 7348): Calling main entry com.android.commands.pm.Pm
I/ActivityManager(  270): Start proc com.android.defcontainer for service com.android.defcontainer/.DefaultContainerService: pid=7358 uid=10035 gids={1015, 2001, 1028}
E/Trace   ( 7358): error opening trace file: No such file or directory (2)
W/ActivityManager(  270): No content provider found for permission revoke: file:///data/local/tmp/Ripolles-release.apk
W/ActivityManager(  270): No content provider found for permission revoke: file:///data/local/tmp/Ripolles-release.apk
D/AudioHardware(   96): AudioHardware pcm playback is going to standby.
D/AudioHardware(   96): closePcmOut_l() mPcmOpenCnt: 1
D/dalvikvm(  270): GC_FOR_ALLOC freed 1319K, 16% free 12459K/14663K, paused 76ms, total 76ms
D/dzy     (  270): userActivity
I/PackageManager(  270): Removing non-system package:com.pixjuegos.ripolles
I/ActivityManager(  270): Force stopping package com.pixjuegos.ripolles uid=10069
I/PackageManager(  270): Package com.pixjuegos.ripolles codePath changed from /data/app/com.pixjuegos.ripolles-2.apk to /data/app/com.pixjuegos.ripolles-1.apk; Retaining data and using new
I/PackageManager(  270): Running dexopt on: com.pixjuegos.ripolles
D/dalvikvm( 7373): Unable to stat classpath element '/system/framework/filterfw.jar'
D/dalvikvm( 7373): DexOpt: load 7ms, verify+opt 11ms, 282956 bytes
W/PackageManager(  270): Code path for pkg : com.pixjuegos.ripolles changing from /data/app/com.pixjuegos.ripolles-2.apk to /data/app/com.pixjuegos.ripolles-1.apk
I/ActivityManager(  270): Force stopping package com.pixjuegos.ripolles uid=10069
W/PackageManager(  270): Resource path for pkg : com.pixjuegos.ripolles changing from /data/app/com.pixjuegos.ripolles-2.apk to /data/app/com.pixjuegos.ripolles-1.apk
D/PackageManager(  270): New package installed in /data/app/com.pixjuegos.ripolles-1.apk
D/dzy     (  270): userActivity
I/ActivityManager(  270): Force stopping package com.pixjuegos.ripolles uid=10069
D/dalvikvm( 7180): WAIT_FOR_CONCURRENT_GC blocked 0ms
I/InputReader(  270): Reconfiguring input devices.  changes=0x00000010
I/InputReader(  270): Reconfiguring input devices.  changes=0x00000010
D/dalvikvm(  613): WAIT_FOR_CONCURRENT_GC blocked 0ms
D/dalvikvm(  270): WAIT_FOR_CONCURRENT_GC blocked 0ms
W/InputMethodManagerService(  270): Found no subtypes in a system IME: com.archos.remote.serverrk
D/dalvikvm( 7180): GC_EXPLICIT freed 182K, 9% free 6395K/6983K, paused 3ms+1ms, total 59ms
D/PackageManager(  270): generateServicesMap(android.accounts.AccountAuthenticator): 3 services unchanged
D/dalvikvm(  613): GC_EXPLICIT freed 436K, 55% free 7644K/16647K, paused 12ms+2ms, total 40ms
D/PackageManager(  270): generateServicesMap(android.content.SyncAdapter): 19 services unchanged
D/PackageManager(  270): generateServicesMap(android.accounts.AccountAuthenticator): 3 services unchanged
I/ActivityManager(  270): Start proc com.android.keychain for broadcast com.android.keychain/.KeyChainBroadcastReceiver: pid=7375 uid=1000 gids={3003, 1015, 1006, 1028, 3002, 3001, 3007}
D/BackupManagerService(  270): Received broadcast Intent { act=android.intent.action.PACKAGE_REMOVED dat=package:com.pixjuegos.ripolles flg=0x8000010 (has extras) }
D/PackageManager(  270): generateServicesMap(android.content.SyncAdapter): 19 services unchanged
D/BackupManagerService(  270): Received broadcast Intent { act=android.intent.action.PACKAGE_ADDED dat=package:com.pixjuegos.ripolles flg=0x8000010 (has extras) }
V/BackupManagerService(  270): removePackageParticipantsLocked: uid=10069 #1
E/Trace   ( 7375): error opening trace file: No such file or directory (2)
V/BackupManagerService(  270): addPackageParticipantsLocked: #1
I/ActivityManager(  270): Start proc com.android.musicfx for broadcast com.android.musicfx/.Compatibility$Receiver: pid=7387 uid=10014 gids={3003, 3002, 1028}
E/Trace   ( 7387): error opening trace file: No such file or directory (2)
D/PicasaSyncManager( 5302): reject PrefetchAlbumCover (******************) because auto sync is off
W/ResourceType(  270): Failure getting entry for 0x7f060000 (t=5 e=0) in package 0 (error -75)
W/ResourceType(  270): Failure getting entry for 0x7f060000 (t=5 e=0) in package 0 (error -75)
W/InputMethodManagerService(  270): Found no subtypes in a system IME: com.android.inputmethod.pinyin
D/PicasaSyncManager( 5302): reject PrefetchScreenNail (******************) because auto sync is off
I/ActivityManager(  270): Start proc com.android.vending for broadcast com.android.vending/com.google.android.finsky.receivers.PackageMonitorReceiver$RegisteredReceiver: pid=7401 uid=10044 gids={3003, 1015, 1028}
E/Trace   ( 7401): error opening trace file: No such file or directory (2)
D/SyncManager(  270): setIsSyncable: Account {name=panreyes@panreyes.com, type=com.google}, provider com.google.android.apps.plus.content.EsGooglePhotoProvider, user 0 -> 0
D/SyncManager(  270): setIsSyncable: already set to 0, doing nothing
D/SyncManager(  270): setIsSyncable: Account {name=panreyes@gmail.com, type=com.google}, provider com.google.android.apps.plus.content.EsGooglePhotoProvider, user 0 -> 0
D/SyncManager(  270): setIsSyncable: already set to 0, doing nothing
I/ActivityManager(  270): No longer want com.google.android.gms (pid 7145): hidden #16
I/ActivityManager(  270): No longer want com.archos.daos (pid 7054): hidden #16
D/dalvikvm(  270): GC_EXPLICIT freed 1452K, 15% free 12551K/14663K, paused 40ms+13ms, total 342ms
D/dalvikvm(  270): WAIT_FOR_CONCURRENT_GC blocked 232ms
D/AndroidRuntime( 7348): Shutting down VM
D/dalvikvm( 7348): GC_CONCURRENT freed 98K, 89% free 453K/4096K, paused 1ms+0ms, total 5ms
D/dalvikvm(  270): GC_EXPLICIT freed 84K, 15% free 12468K/14663K, paused 1ms+3ms, total 76ms
D/dalvikvm( 7401): GC_CONCURRENT freed 140K, 6% free 6336K/6727K, paused 11ms+152ms, total 177ms
I/ActivityThread( 7401): Pub com.google.android.finsky.QSBSuggestionsProvider2: com.google.android.finsky.providers.QSBSuggestionsProvider
I/ActivityThread( 7401): Pub com.google.android.finsky.AppIconProvider: com.google.android.finsky.providers.AppIconProvider
I/ActivityThread( 7401): Pub com.google.android.finsky.RecentSuggestionsProvider: com.google.android.finsky.providers.RecentSuggestionsProvider
D/Finsky  ( 7401): [1] FinskyApp.onCreate: Initializing network with DFE https://android.clients.google.com/fdfe/
D/dalvikvm( 7401): GC_CONCURRENT freed 266K, 8% free 6588K/7111K, paused 13ms+2ms, total 29ms
D/Finsky  ( 7401): [1] DailyHygiene.goMakeHygieneIfDirty: Dirty, need more hygiene.
D/dalvikvm( 7401): GC_CONCURRENT freed 328K, 9% free 6692K/7303K, paused 14ms+15ms, total 49ms
I/ActivityManager(  270): Start proc com.google.android.gms for broadcast com.google.android.gms/.common.receiver.SystemBroadcastReceiver: pid=7439 uid=10009 gids={3003, 1015, 1028, 1007, 2001, 3006}
I/ActivityManager(  270): No longer want com.google.android.apps.uploader (pid 6840): hidden #16
D/Finsky  ( 7401): [1] InstallerImpl.recoverRunningDownloads: Attempt recovery of content://downloads/my_downloads/67 200
D/Finsky  ( 7401): [1] InstallerImpl.recoverRunningDownloads: Releasing content://downloads/my_downloads/67 200
D/Finsky  ( 7401): [1] InstallerImpl.recoverRunningDownloads: Attempt recovery of content://downloads/my_downloads/68 200
D/Finsky  ( 7401): [1] InstallerImpl.recoverRunningDownloads: Releasing content://downloads/my_downloads/68 200
D/Finsky  ( 7401): [1] 2.run: Loaded library for account: [w2P3BBYp91TKMxOM2nXT3VFWDak]
D/dalvikvm( 7401): GC_CONCURRENT freed 301K, 9% free 6890K/7495K, paused 16ms+12ms, total 93ms
E/Trace   ( 7439): error opening trace file: No such file or directory (2)
I/ActivityThread( 7439): Pub com.google.android.gms.plus;com.google.android.gms.plus.action: com.google.android.gms.plus.provider.PlusProvider
I/ActivityManager(  270): Start proc com.google.android.googlequicksearchbox for broadcast com.google.android.googlequicksearchbox/com.google.android.apps.sidekick.GmmLocationProviderImpl$GmmPackageWatcher: pid=7453 uid=10021 gids={3003, 1028, 1007, 3002, 1015, 1006}
E/Trace   ( 7453): error opening trace file: No such file or directory (2)
D/dalvikvm( 7453): WAIT_FOR_CONCURRENT_GC blocked 0ms
D/Finsky  ( 7401): [1] 2.run: Loaded library for account: [i_KgIQVPLC6zPT54SyiPhwa8RxA]
D/Finsky  ( 7401): [1] 2.run: Finished loading 2 libraries.
D/dzy     (  270): userActivity
D/GamePadService(  493): Foreground application changed new=com.google.android.googlequicksearchbox.txt old=com.android.launcher.txt
D/GamePadConfigManager(  493): loadConfig user profile (com.google.android.googlequicksearchbox.txt)
D/GamePadConfigManager(  493): No user configuration file (com.google.android.googlequicksearchbox.txt) found
D/GamePadConfigManager(  493): loadConfig default profile (com.google.android.googlequicksearchbox.txt)
D/GamePadConfigManager(  493): File (com.google.android.googlequicksearchbox.txt) not in database
D/dalvikvm( 7439): GC_CONCURRENT freed 225K, 8% free 6316K/6791K, paused 21ms+2ms, total 49ms
D/dalvikvm( 7439): WAIT_FOR_CONCURRENT_GC blocked 9ms
D/dalvikvm( 7439): WAIT_FOR_CONCURRENT_GC blocked 10ms
D/dalvikvm( 7439): Trying to load lib /data/data/com.google.android.gms/lib/libAppDataSearch.so 0x41373f08
D/dalvikvm( 7439): Added shared lib /data/data/com.google.android.gms/lib/libAppDataSearch.so 0x41373f08
D/dalvikvm( 7439): No JNI_OnLoad found in /data/data/com.google.android.gms/lib/libAppDataSearch.so 0x41373f08, skipping init
D/Icing   ( 7439): Init last flush num docs 0 last docstore size 0
D/Icing   ( 7439): Docid map file has no data, nothing to scan
D/Icing   ( 7439): File /data/data/com.google.android.gms/files/AppDataSearch/main/cur/ds.perdocdata contains 0 records of size 6
D/dalvikvm( 6885): GC_CONCURRENT freed 277K, 9% free 6713K/7303K, paused 17ms+3ms, total 91ms
D/Icing   ( 7439): Init docstore ok num docs 0 bytes 0
V/Icing   ( 7439): Lite index crc computed in 0.152ms
V/Icing   ( 7439): Lite index init ok in 3.041ms
V/Icing   ( 7439): Warming lite-index took 0.011ms
V/Icing   ( 7439): Warming lexicon took 0.005ms
V/Icing   ( 7439): Warming display mappings took 0.006ms
D/Icing   ( 7439): Init index ok num docs 0
D/Icing   ( 7439): Init done
D/dalvikvm( 7453): GC_CONCURRENT freed 157K, 7% free 6363K/6791K, paused 2ms+73ms, total 98ms
I/ActivityManager(  270): No longer want com.google.android.gcm (pid 7075): hidden #16
I/ActivityManager(  270): START {act=android.intent.action.MAIN cat=[android.intent.category.LAUNCHER] flg=0x10200000 pkg=com.pixjuegos.ripolles cmp=com.pixjuegos.ripolles/.Ripolles bnds=[304,31][384,111] u=0} from pid 613
D/dpt     (  270): setPerformanceMode: 0 ;value: 0
D/AudioHardware(   96): AudioHardware pcm playback is exiting standby.
D/AudioHardware(   96): openPcmOut_l() mPcmOpenCnt: 0
D/dpt     (  270): setPerformanceMode: 0 ;value: 0
I/ActivityManager(  270): Start proc com.pixjuegos.ripolles for activity com.pixjuegos.ripolles/.Ripolles: pid=7470 uid=10069 gids={1028}
I/dalvikvm( 7470): Turning on JNI app bug workarounds for target SDK version 10...
E/Trace   ( 7470): error opening trace file: No such file or directory (2)
D/dalvikvm( 7470): Trying to load lib /data/data/com.pixjuegos.ripolles/lib/libpng.so 0x41375830
D/dalvikvm( 7470): Added shared lib /data/data/com.pixjuegos.ripolles/lib/libpng.so 0x41375830
D/dalvikvm( 7470): No JNI_OnLoad found in /data/data/com.pixjuegos.ripolles/lib/libpng.so 0x41375830, skipping init
D/dalvikvm( 7470): Trying to load lib /data/data/com.pixjuegos.ripolles/lib/libmikmod.so 0x41375830
D/dalvikvm( 7470): Added shared lib /data/data/com.pixjuegos.ripolles/lib/libmikmod.so 0x41375830
D/dalvikvm( 7470): No JNI_OnLoad found in /data/data/com.pixjuegos.ripolles/lib/libmikmod.so 0x41375830, skipping init
D/dalvikvm( 7470): Trying to load lib /data/data/com.pixjuegos.ripolles/lib/libSDL2.so 0x41375830
D/dalvikvm( 7470): Added shared lib /data/data/com.pixjuegos.ripolles/lib/libSDL2.so 0x41375830
D/dalvikvm( 7470): Trying to load lib /data/data/com.pixjuegos.ripolles/lib/libSDL2_mixer.so 0x41375830
D/dalvikvm( 7470): Added shared lib /data/data/com.pixjuegos.ripolles/lib/libSDL2_mixer.so 0x41375830
D/dalvikvm( 7470): No JNI_OnLoad found in /data/data/com.pixjuegos.ripolles/lib/libSDL2_mixer.so 0x41375830, skipping init
D/dalvikvm( 7470): Trying to load lib /data/data/com.pixjuegos.ripolles/lib/libbgdrtm.so 0x41375830
D/dalvikvm( 7470): Added shared lib /data/data/com.pixjuegos.ripolles/lib/libbgdrtm.so 0x41375830
D/dalvikvm( 7470): No JNI_OnLoad found in /data/data/com.pixjuegos.ripolles/lib/libbgdrtm.so 0x41375830, skipping init
D/dalvikvm( 7470): Trying to load lib /data/data/com.pixjuegos.ripolles/lib/libmain.so 0x41375830
D/dalvikvm( 7470): Added shared lib /data/data/com.pixjuegos.ripolles/lib/libmain.so 0x41375830
D/dalvikvm( 7470): No JNI_OnLoad found in /data/data/com.pixjuegos.ripolles/lib/libmain.so 0x41375830, skipping init
D/dalvikvm(  613): GC_CONCURRENT freed 380K, 54% free 7689K/16647K, paused 13ms+9ms, total 54ms
V/TabletStatusBar(  411): setLightsOn(true)
I/ActivityThread( 7453): Pub com.google.android.googlequicksearchbox.AudioProvider: com.google.android.speech.audio.AudioProvider
I/ActivityThread( 7453): Pub com.google.android.velvet.gallery.ImageProvider: com.google.android.velvet.gallery.ImageProvider
I/ActivityThread( 7453): Pub com.google.android.googlequicksearchbox.google: com.google.android.searchcommon.google.GoogleSuggestionProvider
V/SDL     ( 7470): surfaceCreated()
V/SDL     ( 7470): surfaceChanged()
V/SDL     ( 7470): pixel format RGB_565
V/SDL     ( 7470): Window size:1024x552
I/SDL     ( 7470): SDL_Android_Init()
I/SDL     ( 7470): SDL_Android_Init() finished!
W/SDL/APP ( 7470): BennuGD init
W/SDL/APP ( 7470): main.dcb exists in APK
W/SDL/APP ( 7470): Loading main.dcb...
D/DownloadManager( 6065): deleteDownloadLocked() deleting /storage/sdcard0/Android/obb/com.sega.soniccd/temp.main.6.com.sega.soniccd.obb
I/ActivityManager(  270): Displayed com.pixjuegos.ripolles/.Ripolles: +216ms
D/dalvikvm( 7470): GC_CONCURRENT freed 407K, 11% free 6100K/6791K, paused 12ms+11ms, total 69ms
D/dalvikvm( 7470): GC_CONCURRENT freed 562K, 12% free 6103K/6919K, paused 12ms+1ms, total 31ms
D/dalvikvm( 7470): WAIT_FOR_CONCURRENT_GC blocked 14ms
D/dalvikvm( 7470): GC_CONCURRENT freed 447K, 11% free 6189K/6919K, paused 12ms+0ms, total 29ms
D/dalvikvm( 7470): GC_CONCURRENT freed 604K, 13% free 6099K/6983K, paused 1ms+1ms, total 9ms
D/dalvikvm( 7470): WAIT_FOR_CONCURRENT_GC blocked 5ms
D/dalvikvm( 7470): GC_CONCURRENT freed 508K, 13% free 6099K/6983K, paused 1ms+2ms, total 13ms
D/dalvikvm( 7470): WAIT_FOR_CONCURRENT_GC blocked 8ms
D/dalvikvm( 7401): GC_CONCURRENT freed 307K, 8% free 7034K/7623K, paused 66ms+21ms, total 122ms
D/dalvikvm( 7470): GC_CONCURRENT freed 509K, 13% free 6099K/6983K, paused 1ms+1ms, total 13ms
D/dalvikvm( 7470): WAIT_FOR_CONCURRENT_GC blocked 8ms
D/DownloadManager( 6065): deleteDownloadLocked() deleting /storage/sdcard0/Android/obb/com.sega.soniccd/temp.patch.8.com.sega.soniccd.obb
D/dalvikvm( 7470): GC_CONCURRENT freed 508K, 13% free 6103K/6983K, paused 11ms+1ms, total 27ms
D/dalvikvm( 7470): WAIT_FOR_CONCURRENT_GC blocked 7ms
D/dalvikvm( 7470): GC_CONCURRENT freed 511K, 13% free 6103K/6983K, paused 13ms+1ms, total 26ms
D/dalvikvm( 7470): WAIT_FOR_CONCURRENT_GC blocked 8ms
D/dalvikvm( 7470): GC_CONCURRENT freed 510K, 13% free 6103K/6983K, paused 11ms+1ms, total 18ms
D/dalvikvm( 7470): WAIT_FOR_CONCURRENT_GC blocked 2ms
D/dalvikvm( 7470): GC_CONCURRENT freed 409K, 13% free 6103K/6983K, paused 1ms+2ms, total 10ms
D/dalvikvm( 7470): GC_CONCURRENT freed 384K, 13% free 6103K/6983K, paused 12ms+1ms, total 19ms
I/ActivityManager(  270): Start proc com.google.android.partnersetup for content provider com.google.android.partnersetup/.RlzAppProvider: pid=7492 uid=10017 gids={3003, 1028}
E/Trace   ( 7492): error opening trace file: No such file or directory (2)
D/dalvikvm( 7470): GC_CONCURRENT freed 509K, 13% free 6103K/6983K, paused 11ms+0ms, total 24ms
D/dalvikvm( 7470): WAIT_FOR_CONCURRENT_GC blocked 11ms
D/dalvikvm( 7470): GC_CONCURRENT freed 495K, 13% free 6116K/6983K, paused 1ms+2ms, total 10ms
D/dalvikvm( 7470): WAIT_FOR_CONCURRENT_GC blocked 1ms
D/dalvikvm( 7470): GC_CONCURRENT freed 521K, 13% free 6103K/6983K, paused 11ms+1ms, total 22ms
D/dalvikvm( 7470): WAIT_FOR_CONCURRENT_GC blocked 4ms
D/dalvikvm( 7470): GC_CONCURRENT freed 508K, 13% free 6103K/6983K, paused 11ms+1ms, total 24ms
D/dalvikvm( 7470): WAIT_FOR_CONCURRENT_GC blocked 10ms
I/ActivityThread( 7492): Pub com.google.android.partnersetup.rlzprovider: com.google.android.partnersetup.RlzProvider
I/ActivityThread( 7492): Pub com.google.android.partnersetup.rlzappprovider: com.google.android.partnersetup.RlzAppProvider
D/dalvikvm( 7470): GC_CONCURRENT freed 509K, 13% free 6103K/6983K, paused 12ms+5ms, total 29ms
D/dalvikvm( 7470): WAIT_FOR_CONCURRENT_GC blocked 14ms
D/dalvikvm( 7470): GC_CONCURRENT freed 509K, 13% free 6103K/6983K, paused 11ms+1ms, total 20ms
D/dalvikvm( 7470): WAIT_FOR_CONCURRENT_GC blocked 2ms
D/dalvikvm( 7470): GC_FOR_ALLOC freed 514K, 13% free 6099K/6983K, paused 7ms, total 7ms
D/dalvikvm( 7470): GC_CONCURRENT freed 315K, 13% free 6107K/6983K, paused 1ms+0ms, total 10ms
D/dalvikvm( 7401): GC_CONCURRENT freed 352K, 9% free 7168K/7815K, paused 28ms+20ms, total 89ms
D/dalvikvm( 7470): GC_CONCURRENT freed 516K, 13% free 6099K/6983K, paused 1ms+1ms, total 11ms
D/dalvikvm( 7470): WAIT_FOR_CONCURRENT_GC blocked 7ms
W/GAV2    ( 7453): Thread[main,5,main]: Connection to service failed 1
W/ActivityManager(  270): Unable to start service Intent { act=com.google.android.gms.analytics.service.START (has extras) }: not found
D/dalvikvm( 7453): GC_CONCURRENT freed 244K, 8% free 6612K/7111K, paused 2ms+2ms, total 24ms
W/GAV2    ( 7453): Thread[main,5,main]: Need to call initialize() and be in fallback mode to start dispatch.
W/SDL/APP ( 7470): (null)
W/InputDispatcher(  270): channel '4140a548 com.pixjuegos.ripolles/com.pixjuegos.ripolles.Ripolles (server)' ~ Consumer closed input channel or an error occurred.  events=0x9
E/InputDispatcher(  270): channel '4140a548 com.pixjuegos.ripolles/com.pixjuegos.ripolles.Ripolles (server)' ~ Channel is unrecoverably broken and will be disposed!
W/InputDispatcher(  270): Attempted to unregister already unregistered input channel '4140a548 com.pixjuegos.ripolles/com.pixjuegos.ripolles.Ripolles (server)'
I/WindowState(  270): WIN DEATH: Window{414764e8 SurfaceView paused=false}
I/ActivityManager(  270): Process com.pixjuegos.ripolles (pid 7470) has died.
W/ActivityManager(  270): Force removing ActivityRecord{415b2d20 com.pixjuegos.ripolles/.Ripolles}: app died, no saved state
I/WindowState(  270): WIN DEATH: Window{4140a548 com.pixjuegos.ripolles/com.pixjuegos.ripolles.Ripolles paused=false}
D/dzy     (  270): userActivity
D/dzy     (  270): userActivity
D/dpt     (  270): setPerformanceMode: 2 ;value: 133
I/WindowManager(  270): WINDOW DIED Window{4140a548 com.pixjuegos.ripolles/com.pixjuegos.ripolles.Ripolles paused=false}
W/InputMethodManagerService(  270): Got RemoteException sending setActive(false) notification to pid 7470 uid 10069
D/SyncManager(  270): setIsSyncable: Account {name=panreyes@panreyes.com, type=com.google}, provider com.google.android.apps.plus.content.EsGooglePhotoProvider, user 0 -> 0
D/SyncManager(  270): setIsSyncable: already set to 0, doing nothing
D/SyncManager(  270): setIsSyncable: Account {name=panreyes@gmail.com, type=com.google}, provider com.google.android.apps.plus.content.EsGooglePhotoProvider, user 0 -> 0
D/SyncManager(  270): setIsSyncable: already set to 0, doing nothing
D/PicasaSyncManager( 5302): reject PrefetchAlbumCover (******************) because auto sync is off
I/ActivityManager(  270): Start proc com.google.android.apps.maps:FriendService for broadcast com.google.android.apps.maps/com.google.googlenav.friend.android.ServiceReceiver: pid=7525 uid=10033 gids={3003, 1015, 1028}
D/PicasaSyncManager( 5302): reject PrefetchScreenNail (******************) because auto sync is off
I/ActivityManager(  270): No longer want com.android.chrome (pid 6856): hidden #16
E/Trace   ( 7525): error opening trace file: No such file or directory (2)
D/dalvikvm( 7525): GC_CONCURRENT freed 172K, 7% free 6368K/6791K, paused 17ms+1ms, total 34ms
D/dalvikvm( 7525): WAIT_FOR_CONCURRENT_GC blocked 16ms
D/dalvikvm( 7401): GC_CONCURRENT freed 294K, 8% free 7316K/7879K, paused 14ms+13ms, total 70ms
D/dalvikvm( 7525): GC_CONCURRENT freed 191K, 7% free 6664K/7111K, paused 11ms+3ms, total 27ms
D/dalvikvm(  270): WAIT_FOR_CONCURRENT_GC blocked 0ms
D/dalvikvm(  270): GC_EXPLICIT freed 849K, 16% free 12383K/14663K, paused 3ms+4ms, total 62ms
I/ActivityManager(  270): No longer want com.google.android.youtube (pid 6872): hidden #16
D/GamePadService(  493): onStartCommand with CMD=-1
I/Recovery( 7439): Received: Intent { act=com.google.android.gms.INITIALIZE flg=0x10 pkg=com.google.android.gms cmp=com.google.android.gms/.recovery.AccountRecoveryService$Receiver }
I/ActivityManager(  270): Start proc com.google.android.apps.maps:LocationFriendService for broadcast com.google.android.apps.maps/com.google.googlenav.friend.reporting.LocationReportingIntentReceiver: pid=7538 uid=10033 gids={3003, 1015, 1028}
E/Trace   ( 7538): error opening trace file: No such file or directory (2)
D/dalvikvm( 7401): GC_CONCURRENT freed 309K, 8% free 7470K/8071K, paused 14ms+14ms, total 47ms
D/dalvikvm( 7538): GC_CONCURRENT freed 175K, 7% free 6366K/6791K, paused 1ms+1ms, total 14ms
D/dalvikvm( 7538): WAIT_FOR_CONCURRENT_GC blocked 6ms
D/dalvikvm( 7538): GC_CONCURRENT freed 203K, 7% free 6701K/7175K, paused 1ms+4ms, total 20ms
D/dalvikvm( 7401): GC_CONCURRENT freed 277K, 7% free 7725K/8263K, paused 12ms+2ms, total 43ms
D/dalvikvm( 7401): WAIT_FOR_CONCURRENT_GC blocked 12ms
D/dalvikvm( 7401): WAIT_FOR_CONCURRENT_GC blocked 13ms
I/ActivityManager(  270): No longer want com.archos.mediacenter.music (pid 7091): hidden #16
D/dalvikvm( 7401): GC_FOR_ALLOC freed 258K, 7% free 7930K/8519K, paused 18ms, total 18ms
D/dalvikvm( 7401): GC_FOR_ALLOC freed 256K, 9% free 8038K/8775K, paused 18ms, total 18ms
D/dalvikvm( 7401): GC_FOR_ALLOC freed 252K, 9% free 8146K/8903K, paused 16ms, total 16ms
D/dalvikvm( 7401): GC_CONCURRENT freed 370K, 7% free 8539K/9159K, paused 1ms+2ms, total 20ms
D/dalvikvm( 7401): WAIT_FOR_CONCURRENT_GC blocked 11ms
D/dalvikvm( 7401): WAIT_FOR_CONCURRENT_GC blocked 11ms
D/dalvikvm( 7401): GC_CONCURRENT freed 383K, 7% free 9038K/9671K, paused 11ms+2ms, total 40ms
D/dalvikvm( 7401): WAIT_FOR_CONCURRENT_GC blocked 19ms
D/dalvikvm( 7401): GC_CONCURRENT freed 680K, 10% free 9299K/10247K, paused 11ms+1ms, total 37ms
D/Finsky  ( 7401): [1] 3.onMutationsApplied: App library has changed, requesting content sync.
D/dzy     (  270): userActivity
D/dpt     (  270): setPerformanceMode: 0 ;value: 0
I/ActivityManager(  270): START {act=android.intent.action.MAIN cat=[android.intent.category.LAUNCHER] flg=0x10200000 pkg=com.pixjuegos.ripolles cmp=com.pixjuegos.ripolles/.Ripolles bnds=[304,31][384,111] u=0} from pid 613
D/dpt     (  270): setPerformanceMode: 0 ;value: 0
D/dalvikvm(   94): WAIT_FOR_CONCURRENT_GC blocked 0ms
I/ActivityManager(  270): Start proc com.pixjuegos.ripolles for activity com.pixjuegos.ripolles/.Ripolles: pid=7558 uid=10069 gids={1028}
D/dalvikvm(   94): GC_EXPLICIT freed 38K, 8% free 6036K/6531K, paused 1ms+3ms, total 22ms
D/dalvikvm(   94): WAIT_FOR_CONCURRENT_GC blocked 0ms
I/dalvikvm( 7558): Turning on JNI app bug workarounds for target SDK version 10...
D/dalvikvm(   94): GC_EXPLICIT freed <1K, 8% free 6036K/6531K, paused 2ms+1ms, total 19ms
D/dalvikvm(   94): WAIT_FOR_CONCURRENT_GC blocked 0ms
E/Trace   ( 7558): error opening trace file: No such file or directory (2)
D/dalvikvm(   94): GC_EXPLICIT freed <1K, 8% free 6036K/6531K, paused 1ms+1ms, total 14ms
D/dalvikvm( 7558): Trying to load lib /data/data/com.pixjuegos.ripolles/lib/libpng.so 0x41379008
D/dalvikvm( 7558): Added shared lib /data/data/com.pixjuegos.ripolles/lib/libpng.so 0x41379008
D/dalvikvm( 7558): No JNI_OnLoad found in /data/data/com.pixjuegos.ripolles/lib/libpng.so 0x41379008, skipping init
D/dalvikvm( 7558): Trying to load lib /data/data/com.pixjuegos.ripolles/lib/libmikmod.so 0x41379008
D/dalvikvm( 7558): Added shared lib /data/data/com.pixjuegos.ripolles/lib/libmikmod.so 0x41379008
D/dalvikvm( 7558): No JNI_OnLoad found in /data/data/com.pixjuegos.ripolles/lib/libmikmod.so 0x41379008, skipping init
D/dalvikvm( 7558): Trying to load lib /data/data/com.pixjuegos.ripolles/lib/libSDL2.so 0x41379008
D/dalvikvm( 7558): Added shared lib /data/data/com.pixjuegos.ripolles/lib/libSDL2.so 0x41379008
D/dalvikvm( 7558): Trying to load lib /data/data/com.pixjuegos.ripolles/lib/libSDL2_mixer.so 0x41379008
D/dalvikvm( 7558): Added shared lib /data/data/com.pixjuegos.ripolles/lib/libSDL2_mixer.so 0x41379008
D/dalvikvm( 7558): No JNI_OnLoad found in /data/data/com.pixjuegos.ripolles/lib/libSDL2_mixer.so 0x41379008, skipping init
D/dalvikvm( 7558): Trying to load lib /data/data/com.pixjuegos.ripolles/lib/libbgdrtm.so 0x41379008
D/dalvikvm( 7558): Added shared lib /data/data/com.pixjuegos.ripolles/lib/libbgdrtm.so 0x41379008
D/dalvikvm( 7558): No JNI_OnLoad found in /data/data/com.pixjuegos.ripolles/lib/libbgdrtm.so 0x41379008, skipping init
D/dalvikvm( 7558): Trying to load lib /data/data/com.pixjuegos.ripolles/lib/libmain.so 0x41379008
D/dalvikvm( 7558): Added shared lib /data/data/com.pixjuegos.ripolles/lib/libmain.so 0x41379008
D/dalvikvm( 7558): No JNI_OnLoad found in /data/data/com.pixjuegos.ripolles/lib/libmain.so 0x41379008, skipping init
V/SDL     ( 7558): surfaceCreated()
V/SDL     ( 7558): surfaceChanged()
V/SDL     ( 7558): pixel format RGB_565
V/SDL     ( 7558): Window size:1024x552
I/SDL     ( 7558): SDL_Android_Init()
I/SDL     ( 7558): SDL_Android_Init() finished!
W/SDL/APP ( 7558): BennuGD init
W/SDL/APP ( 7558): main.dcb exists in APK
W/SDL/APP ( 7558): Loading main.dcb...
V/TabletStatusBar(  411): setLightsOn(true)
D/GamePadService(  493): Foreground application changed new=com.pixjuegos.ripolles.txt old=com.google.android.googlequicksearchbox.txt
D/GamePadConfigManager(  493): loadConfig user profile (com.pixjuegos.ripolles.txt)
D/GamePadConfigManager(  493): No user configuration file (com.pixjuegos.ripolles.txt) found
D/GamePadConfigManager(  493): loadConfig default profile (com.pixjuegos.ripolles.txt)
I/ActivityManager(  270): Displayed com.pixjuegos.ripolles/.Ripolles: +167ms
D/GamePadConfigManager(  493): File (com.pixjuegos.ripolles.txt) not in database
D/dalvikvm( 7558): GC_CONCURRENT freed 406K, 10% free 6113K/6791K, paused 12ms+19ms, total 44ms
D/dalvikvm( 7558): GC_CONCURRENT freed 568K, 12% free 6099K/6919K, paused 12ms+0ms, total 20ms
D/dalvikvm( 7558): WAIT_FOR_CONCURRENT_GC blocked 2ms
D/dalvikvm( 7558): GC_CONCURRENT freed 504K, 12% free 6103K/6919K, paused 11ms+1ms, total 23ms
D/dalvikvm( 7558): WAIT_FOR_CONCURRENT_GC blocked 4ms
I/GAV2    ( 7453): Thread[GAThread,5,main]: No campaign data found.
W/Finsky  ( 7401): [1] 1.onResponse: No document details for app: pkg=com.sega.soniccd
D/dalvikvm( 7558): GC_CONCURRENT freed 386K, 12% free 6107K/6919K, paused 12ms+1ms, total 19ms
W/Finsky  ( 7401): [1] 1.onResponse: No document details for app: pkg=com.pixjuegos.ripolles
D/dalvikvm( 7558): GC_CONCURRENT freed 499K, 12% free 6099K/6919K, paused 1ms+12ms, total 27ms
D/dalvikvm( 7558): GC_CONCURRENT freed 504K, 12% free 6103K/6919K, paused 12ms+1ms, total 27ms
D/dalvikvm( 7558): WAIT_FOR_CONCURRENT_GC blocked 11ms
I/ActivityManager(  270): No longer want com.archos.mediacenter.music:scanner (pid 7103): hidden #16
D/dalvikvm( 7558): GC_CONCURRENT freed 508K, 12% free 6103K/6919K, paused 11ms+1ms, total 20ms
D/dalvikvm( 7558): WAIT_FOR_CONCURRENT_GC blocked 3ms
D/dalvikvm( 7558): GC_CONCURRENT freed 509K, 12% free 6103K/6919K, paused 14ms+1ms, total 26ms
D/dalvikvm( 7558): WAIT_FOR_CONCURRENT_GC blocked 6ms
D/dalvikvm( 7558): GC_CONCURRENT freed 508K, 12% free 6103K/6919K, paused 12ms+1ms, total 24ms
D/dalvikvm( 7558): WAIT_FOR_CONCURRENT_GC blocked 4ms
D/dalvikvm( 7558): GC_CONCURRENT freed 398K, 12% free 6111K/6919K, paused 11ms+1ms, total 17ms
D/dalvikvm( 7558): GC_CONCURRENT freed 520K, 12% free 6103K/6919K, paused 13ms+3ms, total 36ms
D/dalvikvm( 7558): WAIT_FOR_CONCURRENT_GC blocked 13ms
D/dalvikvm( 7558): GC_CONCURRENT freed 513K, 12% free 6099K/6919K, paused 11ms+1ms, total 21ms
D/dalvikvm( 7558): WAIT_FOR_CONCURRENT_GC blocked 5ms
D/dalvikvm( 7558): GC_CONCURRENT freed 506K, 12% free 6103K/6919K, paused 12ms+1ms, total 23ms
D/dalvikvm( 7558): WAIT_FOR_CONCURRENT_GC blocked 6ms
D/dalvikvm( 7558): GC_CONCURRENT freed 514K, 12% free 6099K/6919K, paused 12ms+1ms, total 20ms
D/dalvikvm( 7558): WAIT_FOR_CONCURRENT_GC blocked 4ms
D/dalvikvm( 7558): GC_CONCURRENT freed 384K, 12% free 6099K/6919K, paused 11ms+1ms, total 18ms
D/dalvikvm( 7558): GC_CONCURRENT freed 504K, 12% free 6103K/6919K, paused 11ms+1ms, total 18ms
D/dalvikvm( 7558): WAIT_FOR_CONCURRENT_GC blocked 4ms
D/dalvikvm( 7558): GC_CONCURRENT freed 508K, 12% free 6103K/6919K, paused 8ms+1ms, total 31ms
D/dalvikvm( 7558): WAIT_FOR_CONCURRENT_GC blocked 12ms
D/dalvikvm( 7558): GC_CONCURRENT freed 510K, 12% free 6103K/6919K, paused 12ms+5ms, total 34ms
D/dalvikvm( 7558): WAIT_FOR_CONCURRENT_GC blocked 18ms
D/dalvikvm( 7558): GC_CONCURRENT freed 516K, 12% free 6099K/6919K, paused 11ms+2ms, total 23ms
D/dalvikvm( 7558): WAIT_FOR_CONCURRENT_GC blocked 7ms
D/dalvikvm( 7558): GC_CONCURRENT freed 508K, 12% free 6099K/6919K, paused 1ms+2ms, total 13ms
D/dalvikvm( 7558): WAIT_FOR_CONCURRENT_GC blocked 7ms
W/SDL/APP ( 7558): (null)
W/InputDispatcher(  270): channel '41553d00 com.pixjuegos.ripolles/com.pixjuegos.ripolles.Ripolles (server)' ~ Consumer closed input channel or an error occurred.  events=0x9
E/InputDispatcher(  270): channel '41553d00 com.pixjuegos.ripolles/com.pixjuegos.ripolles.Ripolles (server)' ~ Channel is unrecoverably broken and will be disposed!
W/InputDispatcher(  270): Attempted to unregister already unregistered input channel '41553d00 com.pixjuegos.ripolles/com.pixjuegos.ripolles.Ripolles (server)'
D/dzy     (  270): userActivity
I/ActivityManager(  270): Process com.pixjuegos.ripolles (pid 7558) has died.
I/WindowState(  270): WIN DEATH: Window{415e3660 SurfaceView paused=false}
W/ActivityManager(  270): Force removing ActivityRecord{413673a0 com.pixjuegos.ripolles/.Ripolles}: app died, no saved state
I/WindowState(  270): WIN DEATH: Window{41553d00 com.pixjuegos.ripolles/com.pixjuegos.ripolles.Ripolles paused=false}
D/dzy     (  270): userActivity
D/dpt     (  270): setPerformanceMode: 2 ;value: 133
I/WindowManager(  270): WINDOW DIED Window{41553d00 com.pixjuegos.ripolles/com.pixjuegos.ripolles.Ripolles paused=false}
W/InputMethodManagerService(  270): Got RemoteException sending setActive(false) notification to pid 7558 uid 10069
D/dalvikvm(  613): GC_CONCURRENT freed 492K, 55% free 7642K/16647K, paused 2ms+2ms, total 17ms
I/ActivityManager(  270): No longer want com.google.android.talk (pid 7126): hidden #16
D/AudioHardware(   96): AudioHardware pcm playback is going to standby.
D/AudioHardware(   96): closePcmOut_l() mPcmOpenCnt: 1
D/GamePadService(  493): Foreground application changed new=com.android.launcher.txt old=com.pixjuegos.ripolles.txt
D/GamePadConfigManager(  493): loadConfig user profile (com.android.launcher.txt)
D/GamePadConfigManager(  493): No user configuration file (com.android.launcher.txt) found
D/GamePadConfigManager(  493): loadConfig default profile (com.android.launcher.txt)
D/GamePadConfigManager(  493): File (com.android.launcher.txt) not in database
W/GAV2    ( 7453): Thread[Service Reconnect,5,main]: Connection to service failed 1
W/ActivityManager(  270): Unable to start service Intent { act=com.google.android.gms.analytics.service.START (has extras) }: not found
E/Lights  (  270): write_int failed to open sys/class/leds/rk29_key_led/brightness
I/dalvikvm(  613): Jit: resizing JitTable from 8192 to 16384
D/dalvikvm( 7401): GC_CONCURRENT freed 898K, 11% free 9537K/10695K, paused 20ms+8ms, total 96ms
D/dalvikvm( 7401): WAIT_FOR_CONCURRENT_GC blocked 30ms
D/Finsky  ( 7401): [1] 5.onFinished: Installation state replication succeeded.
D/dzy     (  270): userActivity
D/dzy     (  270): userActivity
D/dzy     (  270): userActivity
D/AudioHardware(   96): AudioHardware pcm playback is exiting standby.
D/AudioHardware(   96): openPcmOut_l() mPcmOpenCnt: 0
D/dzy     (  270): userActivity
D/dzy     (  270): userActivity
D/dzy     (  270): userActivity
D/dzy     (  270): userActivity
D/dzy     (  270): userActivity
D/AudioHardware(   96): AudioHardware pcm playback is going to standby.
D/AudioHardware(   96): closePcmOut_l() mPcmOpenCnt: 1
D/dzy     (  270): userActivity
D/dzy     (  270): userActivity
D/AudioHardware(   96): AudioHardware pcm playback is exiting standby.
D/AudioHardware(   96): openPcmOut_l() mPcmOpenCnt: 0
D/dzy     (  270): userActivity
D/dalvikvm(  613): GC_CONCURRENT freed 461K, 55% free 7643K/16647K, paused 13ms+3ms, total 38ms
D/dzy     (  270): userActivity
D/dzy     (  270): userActivity
D/dzy     (  270): userActivity
D/dzy     (  270): userActivity
D/AudioHardware(   96): AudioHardware pcm playback is going to standby.
D/AudioHardware(   96): closePcmOut_l() mPcmOpenCnt: 1
D/dzy     (  270): userActivity
D/dalvikvm(  613): GC_CONCURRENT freed 454K, 55% free 7643K/16647K, paused 16ms+3ms, total 51ms
D/dzy     (  270): userActivity
D/AudioHardware(   96): AudioHardware pcm playback is exiting standby.
D/AudioHardware(   96): openPcmOut_l() mPcmOpenCnt: 0
D/dzy     (  270): userActivity
D/dzy     (  270): userActivity
D/dzy     (  270): userActivity
D/dalvikvm(  613): GC_CONCURRENT freed 456K, 55% free 7643K/16647K, paused 16ms+2ms, total 51ms
D/dzy     (  270): userActivity
D/AudioHardware(   96): AudioHardware pcm playback is going to standby.
D/AudioHardware(   96): closePcmOut_l() mPcmOpenCnt: 1
D/dzy     (  270): userActivity
D/dalvikvm(  270): GC_FOR_ALLOC freed 1103K, 16% free 12360K/14663K, paused 86ms, total 86ms
D/dzy     (  270): userActivity
D/dzy     (  270): userActivity
D/dalvikvm(  613): GC_CONCURRENT freed 420K, 54% free 7676K/16647K, paused 12ms+13ms, total 55ms
D/dzy     (  270): userActivity
D/dzy     (  270): userActivity
D/dzy     (  270): userActivity
D/dzy     (  270): userActivity
D/AudioHardware(   96): AudioHardware pcm playback is exiting standby.
D/AudioHardware(   96): openPcmOut_l() mPcmOpenCnt: 0
D/dzy     (  270): userActivity
D/dzy     (  270): userActivity
D/dzy     (  270): userActivity
D/dalvikvm(  613): GC_CONCURRENT freed 484K, 55% free 7651K/16647K, paused 15ms+3ms, total 41ms
D/dzy     (  270): userActivity
D/AudioHardware(   96): AudioHardware pcm playback is going to standby.
D/AudioHardware(   96): closePcmOut_l() mPcmOpenCnt: 1
D/dzy     (  270): userActivity
D/AudioHardware(   96): AudioHardware pcm playback is exiting standby.
D/AudioHardware(   96): openPcmOut_l() mPcmOpenCnt: 0
D/dzy     (  270): userActivity
D/dzy     (  270): userActivity
D/dalvikvm(  493): GC_CONCURRENT freed 387K, 20% free 6412K/7943K, paused 13ms+4ms, total 52ms
D/dzy     (  270): userActivity
D/dzy     (  270): userActivity
D/dzy     (  270): userActivity
D/dzy     (  270): userActivity
D/dzy     (  270): userActivity
E/Lights  (  270): write_int failed to open sys/class/leds/rk29_key_led/brightness
D/dzy     (  270): userActivity
D/dalvikvm(  613): GC_CONCURRENT freed 473K, 55% free 7643K/16647K, paused 6ms+5ms, total 45ms
D/AudioHardware(   96): AudioHardware pcm playback is going to standby.
D/AudioHardware(   96): closePcmOut_l() mPcmOpenCnt: 1
D/dzy     (  270): userActivity
D/dzy     (  270): userActivity
D/AudioHardware(   96): AudioHardware pcm playback is exiting standby.
D/AudioHardware(   96): openPcmOut_l() mPcmOpenCnt: 0
D/dzy     (  270): userActivity
D/dzy     (  270): userActivity
D/dzy     (  270): userActivity
D/dzy     (  270): userActivity
D/dzy     (  270): userActivity
D/dzy     (  270): userActivity
D/dzy     (  270): userActivity
D/dzy     (  270): userActivity
D/dalvikvm(  270): GC_FOR_ALLOC freed 859K, 17% free 12308K/14663K, paused 74ms, total 75ms
D/AudioHardware(   96): AudioHardware pcm playback is going to standby.
D/AudioHardware(   96): closePcmOut_l() mPcmOpenCnt: 1
D/dzy     (  270): userActivity
D/dzy     (  270): userActivity
D/AudioHardware(   96): AudioHardware pcm playback is exiting standby.
D/AudioHardware(   96): openPcmOut_l() mPcmOpenCnt: 0
D/dzy     (  270): userActivity
D/dzy     (  270): userActivity
D/dalvikvm(  613): GC_CONCURRENT freed 468K, 55% free 7644K/16647K, paused 16ms+4ms, total 48ms
D/dzy     (  270): userActivity
D/AudioHardware(   96): AudioHardware pcm playback is going to standby.
D/AudioHardware(   96): closePcmOut_l() mPcmOpenCnt: 1
D/dzy     (  270): userActivity
D/dzy     (  270): userActivity
D/dpt     (  270): setPerformanceMode: 0 ;value: 0
I/ActivityManager(  270): START {act=android.intent.action.MAIN cat=[android.intent.category.LAUNCHER] flg=0x10200000 pkg=com.pixjuegos.ripolles cmp=com.pixjuegos.ripolles/.Ripolles bnds=[304,31][384,111] u=0} from pid 613
D/AudioHardware(   96): AudioHardware pcm playback is exiting standby.
D/AudioHardware(   96): openPcmOut_l() mPcmOpenCnt: 0
D/dpt     (  270): setPerformanceMode: 0 ;value: 0
I/ActivityManager(  270): Start proc com.pixjuegos.ripolles for activity com.pixjuegos.ripolles/.Ripolles: pid=7606 uid=10069 gids={1028}
I/dalvikvm( 7606): Turning on JNI app bug workarounds for target SDK version 10...
E/Trace   ( 7606): error opening trace file: No such file or directory (2)
D/dalvikvm( 7606): Trying to load lib /data/data/com.pixjuegos.ripolles/lib/libpng.so 0x4136ff10
D/dalvikvm( 7606): Added shared lib /data/data/com.pixjuegos.ripolles/lib/libpng.so 0x4136ff10
D/dalvikvm( 7606): No JNI_OnLoad found in /data/data/com.pixjuegos.ripolles/lib/libpng.so 0x4136ff10, skipping init
D/dalvikvm( 7606): Trying to load lib /data/data/com.pixjuegos.ripolles/lib/libmikmod.so 0x4136ff10
D/dalvikvm( 7606): Added shared lib /data/data/com.pixjuegos.ripolles/lib/libmikmod.so 0x4136ff10
D/dalvikvm( 7606): No JNI_OnLoad found in /data/data/com.pixjuegos.ripolles/lib/libmikmod.so 0x4136ff10, skipping init
D/dalvikvm( 7606): Trying to load lib /data/data/com.pixjuegos.ripolles/lib/libSDL2.so 0x4136ff10
D/dalvikvm( 7606): Added shared lib /data/data/com.pixjuegos.ripolles/lib/libSDL2.so 0x4136ff10
D/dalvikvm( 7606): Trying to load lib /data/data/com.pixjuegos.ripolles/lib/libSDL2_mixer.so 0x4136ff10
D/dalvikvm( 7606): Added shared lib /data/data/com.pixjuegos.ripolles/lib/libSDL2_mixer.so 0x4136ff10
D/dalvikvm( 7606): No JNI_OnLoad found in /data/data/com.pixjuegos.ripolles/lib/libSDL2_mixer.so 0x4136ff10, skipping init
D/dalvikvm( 7606): Trying to load lib /data/data/com.pixjuegos.ripolles/lib/libbgdrtm.so 0x4136ff10
D/dalvikvm( 7606): Added shared lib /data/data/com.pixjuegos.ripolles/lib/libbgdrtm.so 0x4136ff10
D/dalvikvm( 7606): No JNI_OnLoad found in /data/data/com.pixjuegos.ripolles/lib/libbgdrtm.so 0x4136ff10, skipping init
D/dalvikvm( 7606): Trying to load lib /data/data/com.pixjuegos.ripolles/lib/libmain.so 0x4136ff10
D/dalvikvm( 7606): Added shared lib /data/data/com.pixjuegos.ripolles/lib/libmain.so 0x4136ff10
D/dalvikvm( 7606): No JNI_OnLoad found in /data/data/com.pixjuegos.ripolles/lib/libmain.so 0x4136ff10, skipping init
V/TabletStatusBar(  411): setLightsOn(true)
V/SDL     ( 7606): surfaceCreated()
V/SDL     ( 7606): surfaceChanged()
V/SDL     ( 7606): pixel format RGB_565
V/SDL     ( 7606): Window size:1024x552
I/SDL     ( 7606): SDL_Android_Init()
I/SDL     ( 7606): SDL_Android_Init() finished!
W/SDL/APP ( 7606): BennuGD init
W/SDL/APP ( 7606): main.dcb exists in APK
W/SDL/APP ( 7606): Loading main.dcb...
I/ActivityManager(  270): Displayed com.pixjuegos.ripolles/.Ripolles: +150ms
D/dalvikvm( 7606): GC_CONCURRENT freed 382K, 11% free 6100K/6791K, paused 11ms+12ms, total 37ms
D/dalvikvm( 7606): GC_CONCURRENT freed 561K, 12% free 6103K/6919K, paused 2ms+3ms, total 12ms
D/dalvikvm( 7606): WAIT_FOR_CONCURRENT_GC blocked 7ms
D/dalvikvm( 7606): GC_CONCURRENT freed 453K, 12% free 6113K/6919K, paused 11ms+1ms, total 19ms
D/dalvikvm( 7606): GC_CONCURRENT freed 396K, 11% free 6226K/6919K, paused 12ms+9ms, total 27ms
D/dalvikvm( 7606): WAIT_FOR_CONCURRENT_GC blocked 0ms
D/dalvikvm( 7606): GC_CONCURRENT freed 669K, 14% free 6103K/7047K, paused 11ms+1ms, total 18ms
D/dalvikvm( 7606): WAIT_FOR_CONCURRENT_GC blocked 4ms
D/dalvikvm( 7606): GC_CONCURRENT freed 513K, 14% free 6099K/7047K, paused 10ms+1ms, total 21ms
D/dalvikvm( 7606): WAIT_FOR_CONCURRENT_GC blocked 6ms
D/dalvikvm( 7606): GC_CONCURRENT freed 508K, 14% free 6103K/7047K, paused 1ms+1ms, total 14ms
D/dalvikvm( 7606): WAIT_FOR_CONCURRENT_GC blocked 8ms
D/dalvikvm( 7606): GC_CONCURRENT freed 515K, 14% free 6099K/7047K, paused 1ms+1ms, total 10ms
D/dalvikvm( 7606): WAIT_FOR_CONCURRENT_GC blocked 2ms
D/dalvikvm( 7606): GC_CONCURRENT freed 506K, 14% free 6103K/7047K, paused 0ms+1ms, total 9ms
D/dalvikvm( 7606): WAIT_FOR_CONCURRENT_GC blocked 2ms
D/dalvikvm( 7606): GC_CONCURRENT freed 511K, 14% free 6103K/7047K, paused 1ms+1ms, total 11ms
D/dalvikvm( 7606): WAIT_FOR_CONCURRENT_GC blocked 6ms
D/dalvikvm( 7606): GC_CONCURRENT freed 510K, 14% free 6103K/7047K, paused 11ms+1ms, total 21ms
D/dalvikvm( 7606): WAIT_FOR_CONCURRENT_GC blocked 7ms
D/dalvikvm( 7606): GC_CONCURRENT freed 387K, 12% free 6226K/7047K, paused 11ms+6ms, total 22ms
D/dalvikvm( 7606): WAIT_FOR_CONCURRENT_GC blocked 1ms
D/dalvikvm( 7606): GC_CONCURRENT freed 508K, 14% free 6103K/7047K, paused 11ms+1ms, total 17ms
D/dalvikvm( 7606): GC_CONCURRENT freed 497K, 14% free 6107K/7047K, paused 11ms+2ms, total 23ms
D/dalvikvm( 7606): GC_CONCURRENT freed 512K, 14% free 6103K/7047K, paused 12ms+1ms, total 22ms
D/dalvikvm( 7606): WAIT_FOR_CONCURRENT_GC blocked 4ms
D/dalvikvm( 7606): GC_CONCURRENT freed 511K, 14% free 6103K/7047K, paused 11ms+1ms, total 20ms
D/dalvikvm( 7606): WAIT_FOR_CONCURRENT_GC blocked 3ms
D/dalvikvm( 7606): GC_CONCURRENT freed 385K, 14% free 6103K/7047K, paused 11ms+1ms, total 22ms
