--------- beginning of /dev/log/system
I/ActivityManager(  270): Removing system update proc: ProcessRecord{41671e80 384:android.process.acore/u0a0}
I/ActivityManager(  270): Killing proc 384:android.process.acore/u0a0: system update done
I/ActivityManager(  270): Removing system update proc: ProcessRecord{41631780 397:android.process.media/u0a20}
I/ActivityManager(  270): Killing proc 397:android.process.media/u0a20: system update done
I/ActivityManager(  270): System now ready
I/SystemServer(  270): Making services ready
D/SystemServer(  270): Starting service: Intent { cmp=com.android.systemui/.SystemUIService }
I/ActivityManager(  270): Start proc com.android.systemui for service com.android.systemui/.SystemUIService: pid=411 uid=10048 gids={1028, 1015, 3002, 3001}
D/NetworkManagementService(  270): enabling bandwidth control
D/SystemUIService(  411): loading: class com.android.systemui.statusbar.tablet.TabletStatusBar
D/SystemUIService(  411): running: com.android.systemui.statusbar.tablet.TabletStatusBar@41396b50
I/StatusBarManagerService(  270): registerStatusBar bar=com.android.internal.statusbar.IStatusBar$Stub$Proxy@414bbdb8
I/ActivityManager(  270): Config changed: {1.0 0mcc0mnc es_ES sw720dp w600dp h976dp lrg port finger -keyb/v/h -nav/h s.4}
W/InputMethodManagerService(  270): Ignoring setImeWindowStatus of uid 1000 token: null
W/InputMethodManagerService(  270): Found no subtypes in a system IME: com.archos.remote.serverrk
W/InputMethodManagerService(  270): Found no subtypes in a system IME: com.android.inputmethod.pinyin
I/ActivityManager(  270): Start proc com.google.android.inputmethod.latin for service com.google.android.inputmethod.latin/com.android.inputmethod.latin.LatinIME: pid=459 uid=10022 gids={1028}
I/ActivityManager(  270): Start proc com.android.phone for added application com.android.phone: pid=474 uid=1001 gids={3002, 3001, 3003, 1015, 1028}
W/ThrottleService(  270): unable to find stats for iface rmnet0
I/ActivityManager(  270): Start proc com.archos.gamepadmappingtoolrk for added application com.archos.gamepadmappingtoolrk: pid=493 uid=1000 gids={3003, 1015, 1006, 1028, 3002, 3001, 3007}
I/ActivityManager(  270): START {act=android.intent.action.MAIN cat=[android.intent.category.HOME] flg=0x10000000 cmp=com.android.settings/.wizard.WizardRoot u=0} from pid 0
I/ActivityManager(  270): Start proc com.android.settings for activity com.android.settings/.wizard.WizardRoot: pid=519 uid=1000 gids={3003, 1015, 1006, 1028, 3002, 3001, 3007}
I/ActivityManager(  270): Start proc com.google.process.gapps for service com.google.android.location/.NetworkLocationService: pid=533 uid=10009 gids={3003, 1015, 1028, 1007, 2001, 3006}
I/ActivityManager(  270): Start proc android.process.media for broadcast com.android.providers.media/.UsbReceiver: pid=544 uid=10020 gids={1015, 1023, 1024, 1028, 2001, 3003, 3007}
I/TabletStatusBar(  411): DISABLE_CLOCK: yes
D/StorageNotification(  411): Startup with UMS connection false (media state mounted)
D/SystemUIService(  411): loading: class com.android.systemui.power.PowerUI
D/SystemUIService(  411): running: com.android.systemui.power.PowerUI@414d3968
D/StorageNotification(  411): ----------------------------USB MASS STORAGE CONNECT false
D/SystemUIService(  411): loading: class com.android.systemui.media.RingtonePlayer
D/SystemUIService(  411): running: com.android.systemui.media.RingtonePlayer@414d4ad8
I/StorageNotification(  411): UMS connection changed to false (media state mounted)
D/WifiService(  270): New client listening to asynchronous messages
I/ActivityManager(  270): Start proc com.android.smspush for service com.android.smspush/.WapPushManager: pid=566 uid=10062 gids={1028}
I/ActivityManager(  270): START {flg=0x10000000 cmp=com.android.settings/.wizard.TSCalibrationC (has extras) u=0} from pid 519
I/ActivityManager(  270): Start proc com.google.android.inputmethod.latin.dictionarypack for content provider com.google.android.inputmethod.latin.dictionarypack/.DictionaryProvider: pid=578 uid=10032 gids={3003, 1015, 1028}
W/InputMethodManagerService(  270): Found no subtypes in a system IME: com.archos.remote.serverrk
W/InputMethodManagerService(  270): Found no subtypes in a system IME: com.android.inputmethod.pinyin
I/ActivityManager(  270): Start proc android.process.acore for content provider com.android.providers.userdictionary/.UserDictionaryProvider: pid=597 uid=10000 gids={3003, 1015, 1028}
I/ActivityManager(  270): Force stopping package com.android.settings uid=1000
I/ActivityManager(  270):   Force finishing activity ActivityRecord{417a93e8 com.android.settings/.wizard.WizardRoot}
I/ActivityManager(  270): START {act=android.intent.action.MAIN cat=[android.intent.category.HOME] flg=0x10000000 cmp=com.android.launcher/com.android.launcher2.Launcher u=0} from pid 0
I/ActivityManager(  270):   Force finishing activity ActivityRecord{41478258 com.android.settings/.wizard.TSCalibrationC}
W/ActivityManager(  270): Duplicate finish request for ActivityRecord{41478258 com.android.settings/.wizard.TSCalibrationC}
I/ActivityManager(  270): Start proc com.android.launcher for activity com.android.launcher/com.android.launcher2.Launcher: pid=613 uid=10005 gids={1028}
I/ActivityManager(  270): Start proc com.google.android.gsf.login for on-hold: pid=617 uid=10009 gids={3003, 1015, 1028, 1007, 2001, 3006}
I/ActivityManager(  270): Start proc android.rockchip.update.service for broadcast android.rockchip.update.service/.RKUpdateReceiver: pid=639 uid=10011 gids={1015, 2001, 1023, 1024, 3003, 1028}
W/ActivityManager(  270): Unable to start service Intent { act=com.android.ussd.IExtendedNetworkService }: not found
D/PowerManagerService(  270): bootCompleted
V/DevicePolicyManagerService(  270): Sending password expiration notifications for action android.intent.action.BOOT_COMPLETED
V/WiredAccessoryObserver(  270): init()
D/DownloadManager(  544): deleting spurious file /data/data/com.android.providers.downloads/cache/downloadfile.apk
D/DownloadManager(  544): deleting spurious file /data/data/com.android.providers.downloads/cache/downloadfile-1.apk
D/DownloadManager(  544): deleting spurious file /data/data/com.android.providers.downloads/cache/downloadfile-2.apk
I/ActivityManager(  270): Start proc com.google.android.gallery3d for broadcast com.google.android.gallery3d/com.android.gallery3d.app.PackagesMonitor: pid=706 uid=10038 gids={1006, 3003, 1015, 1028}
D/ConnectivityService(  270): ConnectivityChange for WIFI: CONNECTED/CONNECTED
D/ConnectivityService(  270): ConnectivityChange for WIFI: CONNECTED/CONNECTED
D/ConnectivityService(  270): handleConnectivityChange: address are the same reset per doReset linkProperty[1]: resetMask=0
I/ActivityManager(  270): Start proc com.google.android.apps.plus for broadcast com.google.android.apps.plus/.service.PackagesMediaMonitor: pid=762 uid=10046 gids={3003, 3002, 1015, 1006, 1028}
I/LocationManagerService(  270): request passive (pid 270) 0 0
I/ActivityManager(  270): Config changed: {1.0 0mcc0mnc es_ES sw720dp w1024dp h552dp lrg land finger -keyb/v/h -nav/h s.5}
I/ActivityManager(  270): Start proc com.android.chrome for service com.android.chrome/com.google.android.apps.chrome.sync.ChromeBrowserSyncAdapterService: pid=785 uid=10045 gids={3003, 1015, 1028}
I/ActivityManager(  270): Start proc com.android.vending for broadcast com.android.vending/com.google.android.finsky.receivers.PackageMonitorReceiver$RegisteredReceiver: pid=804 uid=10044 gids={3003, 1015, 1028}
I/ActivityManager(  270): START {act=android.intent.action.ASSIST flg=0x34000000 cmp=com.google.android.googlequicksearchbox/.SearchActivity u=0} from pid 270
I/ActivityManager(  270): Start proc com.google.android.googlequicksearchbox for activity com.google.android.googlequicksearchbox/.SearchActivity: pid=822 uid=10021 gids={3003, 1028, 1007, 3002, 1015, 1006}
W/WindowManager(  270): Rebuild removed 3 windows but added 2
W/WindowManager(  270): This window was lost: Window{41868ec0 com.android.settings/com.android.settings.wizard.WizardRoot paused=true}
W/WindowManager(  270): mSession=Session{414e9588 uid 1000} mClient=android.os.BinderProxy@418686e0
W/WindowManager(  270): mAttrs=WM.LayoutParams{(0,0)(fillxfill) sim=#20 ty=1 treatTransparentAsInvisiable=0 fl=#1810100 pfl=0x8 wanim=0x1030291}
W/WindowManager(  270): Requested w=600 h=976 mLayoutSeq=8
W/WindowManager(  270): mBaseLayer=21000 mSubLayer=0 mAnimLayer=21000+0=21000 mLastLayer=0
W/WindowManager(  270): mToken=AppWindowToken{41798a68 token=Token{417a9820 ActivityRecord{417a93e8 com.android.settings/.wizard.WizardRoot}}}
W/WindowManager(  270): mRootToken=AppWindowToken{41798a68 token=Token{417a9820 ActivityRecord{417a93e8 com.android.settings/.wizard.WizardRoot}}}
W/WindowManager(  270): mAppToken=AppWindowToken{41798a68 token=Token{417a9820 ActivityRecord{417a93e8 com.android.settings/.wizard.WizardRoot}}}
W/WindowManager(  270): mViewVisibility=0x8 mHaveFrame=true mObscured=true
W/WindowManager(  270): mSeq=0 mSystemUiVisibility=0x0
W/WindowManager(  270): mGivenContentInsets=[0,0][0,0] mGivenVisibleInsets=[0,0][0,0]
W/WindowManager(  270): mConfiguration=null
W/WindowManager(  270): mHasSurface=false mShownFrame=[0.0,0.0][0.0,0.0]
W/WindowManager(  270): mFrame=[0,0][600,976] last=[0,0][0,0]
W/WindowManager(  270): mSystemDecorRect=[0,0][0,0] last=[0,0][0,0]
W/WindowManager(  270): Frames: containing=[0,0][600,976] parent=[0,0][600,976] display=[0,0][600,976]
W/WindowManager(  270):     content=[0,0][600,976] visible=[0,0][600,976]
W/WindowManager(  270): Cur insets: content=[0,0][0,0] visible=[0,0][0,0]
W/WindowManager(  270): Lst insets: content=[0,0][0,0] visible=[0,0][0,0]
W/WindowManager(  270): mShownAlpha=0.0 mAlpha=1.0 mLastAlpha=0.0
W/WindowManager(  270): Current app token list:
V/WindowManager(  270):   #1: Token{4183c830 ActivityRecord{41400da8 com.google.android.googlequicksearchbox/.SearchActivity}}
V/WindowManager(  270):   #0: Token{415cd010 ActivityRecord{41582b10 com.android.launcher/com.android.launcher2.Launcher}}
W/WindowManager(  270): Final window list:
V/WindowManager(  270):   #9: Window{416d02d8 SearchPanel paused=false}
V/WindowManager(  270):   #8: Window{41694c60 RecentsPanel paused=false}
V/WindowManager(  270):   #7: Window{415551f0 NotificationPanel paused=false}
V/WindowManager(  270):   #6: Window{4146dde0 SystemBar paused=false}
V/WindowManager(  270):   #5: Window{414a3390 CompatModePanel paused=false}
V/WindowManager(  270):   #4: Window{4185bb90 InputMethodsPanel paused=false}
V/WindowManager(  270):   #3: Window{4161a060 Keyguard paused=false}
V/WindowManager(  270):   #2: Window{414eb7e0 Starting com.google.android.googlequicksearchbox paused=false}
V/WindowManager(  270):   #1: Window{416dce18 com.android.launcher/com.android.launcher2.Launcher paused=false}
V/WindowManager(  270):   #0: Window{4146ec18 com.android.systemui.ImageWallpaper paused=false}
I/ActivityManager(  270): Start proc com.google.android.partnersetup for content provider com.google.android.partnersetup/.RlzAppProvider: pid=854 uid=10017 gids={3003, 1028}
I/ActivityManager(  270): Start proc com.archos.remote.serverrk for broadcast com.archos.remote.serverrk/.ArchosRemoteDeviceReceiver: pid=878 uid=1000 gids={3003, 1015, 1006, 1028, 3002, 3001, 3007}
I/BootReceiver(  270): Copying /proc/last_kmsg to DropBox (SYSTEM_LAST_KMSG)
W/ActivityManager(  270): Unable to start service Intent { act=com.google.android.gms.analytics.service.START (has extras) }: not found
I/ActivityManager(  270): Start proc com.android.providers.calendar for broadcast com.android.providers.calendar/.CalendarReceiver: pid=896 uid=10037 gids={3003, 1015, 1028}
I/ActivityManager(  270): START {flg=0x10008000 cmp=com.google.android.googlequicksearchbox/com.google.android.velvet.tg.FirstRunActivity u=0} from pid 822
I/ActivityManager(  270): Start proc com.google.android.deskclock for broadcast com.google.android.deskclock/com.android.deskclock.AlarmInitReceiver: pid=912 uid=10049 gids={1028}
I/ActivityManager(  270): Start proc com.android.email for broadcast com.android.email/.service.EmailBroadcastReceiver: pid=929 uid=10050 gids={3003, 1015, 1028}
I/TabletStatusBar(  411): DISABLE_CLOCK: no
I/ActivityManager(  270): Start proc com.android.exchange for service com.android.exchange/.ExchangeService: pid=953 uid=10043 gids={3003, 1015, 1028}
I/ActivityManager(  270): Force stopping package com.google.android.youtube uid=10054
I/ActivityManager(  270): Killing proc 519:com.android.settings/1000: force stop
I/WindowManager(  270): WINDOW DIED Window{41868ec0 com.android.settings/com.android.settings.wizard.WizardRoot paused=true}
W/WindowManager(  270): Failed looking up window
W/WindowManager(  270): java.lang.IllegalArgumentException: Requested window android.os.BinderProxy@418686e0 does not exist
W/WindowManager(  270): 	at com.android.server.wm.WindowManagerService.windowForClientLocked(WindowManagerService.java:7772)
W/WindowManager(  270): 	at com.android.server.wm.WindowManagerService.windowForClientLocked(WindowManagerService.java:7763)
W/WindowManager(  270): 	at com.android.server.wm.WindowState$DeathRecipient.binderDied(WindowState.java:870)
W/WindowManager(  270): 	at android.os.BinderProxy.sendDeathNotice(Binder.java:449)
W/WindowManager(  270): 	at com.android.server.SystemServer.init1(Native Method)
W/WindowManager(  270): 	at com.android.server.SystemServer.main(SystemServer.java:939)
W/WindowManager(  270): 	at java.lang.reflect.Method.invokeNative(Native Method)
W/WindowManager(  270): 	at java.lang.reflect.Method.invoke(Method.java:511)
W/WindowManager(  270): 	at com.android.internal.os.ZygoteInit$MethodAndArgsCaller.run(ZygoteInit.java:786)
W/WindowManager(  270): 	at com.android.internal.os.ZygoteInit.main(ZygoteInit.java:553)
W/WindowManager(  270): 	at dalvik.system.NativeStart.main(Native Method)
I/WindowState(  270): WIN DEATH: null
I/ActivityManager(  270): Force stopping package com.google.android.apps.maps uid=10033
I/ActivityManager(  270): Force stopping package com.android.vending uid=10044
I/ActivityManager(  270): Killing proc 804:com.android.vending/u0a44: force stop
I/ActivityManager(  270): Force stopping package com.google.android.apps.books uid=10028
I/ActivityManager(  270): Force stopping package com.google.android.videos uid=10029
I/SystemUpdateService(  533): cancelUpdate (empty URL)
I/ActivityManager(  270): Start proc com.google.android.onetimeinitializer for broadcast com.google.android.onetimeinitializer/.OneTimeInitializerReceiver: pid=1017 uid=10001 gids={1028}
I/ActivityManager(  270): Start proc com.android.settings for broadcast com.android.settings/.HdmiReceiver: pid=1031 uid=1000 gids={3003, 1015, 1006, 1028, 3002, 3001, 3007}
I/SystemUpdateService(  533): cancelUpdate (empty URL)
I/ActivityManager(  270): Start proc com.google.android.talk for broadcast com.google.android.talk/.videochat.BootCompleteReceiver: pid=1045 uid=10039 gids={3003, 1015, 1006, 3002, 1028}
I/ActivityManager(  270): Start proc com.android.vending for broadcast com.android.vending/com.google.android.finsky.receivers.BootCompletedReceiver: pid=1069 uid=10044 gids={3003, 1015, 1028}
W/ActivityManager(  270): Unable to start service Intent { act=com.google.android.gms.analytics.service.START (has extras) }: not found
I/ActivityManager(  270): Start proc com.google.android.gms for broadcast com.google.android.gms/.recovery.AccountRecoveryService$Receiver: pid=1109 uid=10009 gids={3003, 1015, 1028, 1007, 2001, 3006}
I/ActivityManager(  270): No longer want com.google.android.inputmethod.latin.dictionarypack (pid 578): hidden #16
I/ActivityManager(  270): Start proc com.google.android.gcm for broadcast com.google.android.gms/.gcm.ServiceAutoStarter: pid=1130 uid=10009 gids={3003, 1015, 1028, 1007, 2001, 3006}
I/ActivityManager(  270): Start proc com.google.android.gm for broadcast com.google.android.gm/.GoogleMailDeviceStartupReceiver: pid=1148 uid=10036 gids={3003, 1015, 1028}
I/ActivityManager(  270): No longer want com.google.android.gallery3d (pid 706): hidden #16
I/ActivityManager(  270): No longer want com.android.chrome (pid 785): hidden #16
D/ActivityThread( 1148): Loading provider com.android.gmail.ui: com.google.android.gm.provider.UiProvider
I/ActivityManager(  270): Start proc com.google.android.calendar for broadcast com.google.android.calendar/com.android.calendar.alerts.AlertReceiver: pid=1174 uid=10031 gids={3003, 1028}
D/ConnectivityService(  270): handleInetConditionHoldEnd: net=1, condition=100, published condition=0
I/ActivityManager(  270): Start proc com.google.android.youtube for broadcast com.google.android.youtube/.core.transfer.DownloadService$BootReceiver: pid=1196 uid=10054 gids={3003, 1015, 1006, 1028}
I/ActivityManager(  270): START {act=android.intent.action.MAIN cat=[android.intent.category.HOME] flg=0x10200000 cmp=com.android.launcher/com.android.launcher2.Launcher u=0} from pid 270
I/ActivityManager(  270): Start proc com.google.android.apps.maps:FriendService for broadcast com.google.android.apps.maps/com.google.googlenav.friend.android.ServiceReceiver: pid=1243 uid=10033 gids={3003, 1015, 1028}
I/ActivityManager(  270): No longer want com.google.android.apps.plus (pid 762): hidden #16
I/ActivityManager(  270): START {act=android.intent.action.MAIN cat=[android.intent.category.HOME] flg=0x10200000 cmp=com.android.launcher/com.android.launcher2.Launcher u=0} from pid 270
I/ActivityManager(  270): START {act=android.intent.action.MAIN cat=[android.intent.category.LAUNCHER] flg=0x10200000 cmp=com.android.browser/.BrowserActivity bnds=[640,359][720,439] u=0} from pid 613
I/ActivityManager(  270): Start proc com.android.browser for activity com.android.browser/.BrowserActivity: pid=1260 uid=10018 gids={3003, 1015, 1028}
I/ActivityManager(  270): Start proc com.archos.daos for broadcast com.archos.daos/.DaosRunReceiver: pid=1277 uid=1000 gids={3003, 1015, 1006, 1028, 3002, 3001, 3007}
I/ActivityManager(  270): No longer want com.archos.remote.serverrk (pid 878): hidden #16
W/ActivityManager(  270): Permission denied: checkComponentPermission() owningUid=10020
W/BroadcastQueue(  270): Permission Denial: broadcasting Intent { act=android.intent.action.MEDIA_MOUNTED dat=file:///data/media/.daos/ flg=0x10 (has extras) } from android.rockchip.update.service (pid=639, uid=10011) is not exported from uid 10020 due to receiver com.android.providers.downloads/com.android.providers.downloads.DownloadReceiver
I/ActivityManager(  270): No longer want com.google.android.deskclock (pid 912): hidden #16
I/ActivityManager(  270): Start proc com.google.android.apps.plus for broadcast com.google.android.apps.plus/.service.PackagesMediaMonitor: pid=1295 uid=10046 gids={3003, 3002, 1015, 1006, 1028}
I/ActivityManager(  270): Start proc com.archos.mediacenter.music for broadcast com.archos.mediacenter.music/com.archos.mediaprovider.music.NetworkStateReceiver: pid=1320 uid=10006 gids={3003, 1015, 1023, 1028}
I/ActivityManager(  270): No longer want com.android.email (pid 929): hidden #16
I/ActivityManager(  270): Start proc com.archos.mediacenter.music:scanner for service com.archos.mediacenter.music/com.archos.mediaprovider.MediaThumbnailService: pid=1339 uid=10006 gids={3003, 1015, 1023, 1028}
W/ActivityManager(  270): Unable to start service Intent { act=archos.intent.action.CHECK_SMB cmp=com.archos.mediacenter.music/com.archos.mediaprovider.music.SmbStateService }: not found
W/ActivityManager(  270): Unable to start service Intent { act=archos.intent.action.CHECK_SMB cmp=com.archos.mediacenter.music/com.archos.mediaprovider.music.SmbStateService }: not found
I/ActivityManager(  270): Start proc com.archos.mediacenter.videork for broadcast com.archos.mediacenter.videork/com.archos.mediaprovider.video.NetworkStateReceiver: pid=1357 uid=10006 gids={3003, 1015, 1023, 1028}
I/ActivityManager(  270): No longer want com.google.android.onetimeinitializer (pid 1017): hidden #16
I/ActivityManager(  270): No longer want com.android.exchange (pid 953): hidden #17
I/ActivityManager(  270): Start proc com.archos.mediacenter.videork:scanner for service com.archos.mediacenter.videork/com.archos.mediaprovider.MediaThumbnailService: pid=1372 uid=10006 gids={3003, 1015, 1023, 1028}
I/ActivityManager(  270): Start proc com.google.android.gallery3d for broadcast com.google.android.gallery3d/com.google.android.picasasync.ConnectivityReceiver: pid=1386 uid=10038 gids={1006, 3003, 1015, 1028}
I/ActivityManager(  270): Start proc com.google.android.apps.uploader for broadcast com.google.android.apps.uploader/com.google.android.picasasync.ConnectivityReceiver: pid=1409 uid=10026 gids={3003, 1015, 1028}
I/ActivityManager(  270): No longer want com.android.settings (pid 1031): hidden #16
I/ActivityManager(  270): No longer want com.google.android.gcm (pid 1130): hidden #16
I/ActivityManager(  270): No longer want com.google.android.talk (pid 1045): hidden #17
I/ActivityManager(  270): Start proc com.google.android.gcm for broadcast com.google.android.gms/.gcm.ServiceAutoStarter: pid=1425 uid=10009 gids={3003, 1015, 1028, 1007, 2001, 3006}
I/ActivityManager(  270): Start proc com.android.chrome for broadcast com.android.chrome/com.google.android.apps.chrome.preferences.ConnectionChangeReceiver: pid=1441 uid=10045 gids={3003, 1015, 1028}
I/ActivityManager(  270): No longer want com.google.android.gms (pid 1109): hidden #16
I/ActivityManager(  270): No longer want com.google.android.gm (pid 1148): hidden #16
I/ActivityManager(  270): No longer want com.android.providers.calendar (pid 896): hidden #16
I/ActivityManager(  270): Start proc com.google.android.deskclock for broadcast com.google.android.deskclock/com.android.deskclock.AlarmInitReceiver: pid=1466 uid=10049 gids={1028}
I/ActivityManager(  270): No longer want com.google.android.apps.maps:FriendService (pid 1243): hidden #16
I/ActivityManager(  270): Start proc com.android.providers.calendar for content provider com.android.providers.calendar/.CalendarProvider2: pid=1485 uid=10037 gids={3003, 1015, 1028}
I/ActivityManager(  270): Start proc com.google.android.music:main for broadcast com.google.android.music/.store.MediaStoreImportService$Receiver: pid=1526 uid=10004 gids={3003, 1015, 1028}
I/ActivityManager(  270): Start proc com.google.android.talk for broadcast com.google.android.talk/.McsConnectionStartedReceiver: pid=1548 uid=10039 gids={3003, 1015, 1006, 3002, 1028}
I/ActivityManager(  270): Start proc com.google.android.gms for broadcast com.google.android.gms/.recovery.AccountRecoveryService$Receiver: pid=1568 uid=10009 gids={3003, 1015, 1028, 1007, 2001, 3006}
I/ActivityManager(  270): Start proc com.google.android.gm for broadcast com.google.android.gm/com.android.mail.providers.protos.boot.AccountReceiver: pid=1583 uid=10036 gids={3003, 1015, 1028}
D/ActivityThread( 1583): Loading provider com.android.gmail.ui: com.google.android.gm.provider.UiProvider
I/ActivityManager(  270): Start proc com.google.android.apps.maps:LocationFriendService for broadcast com.google.android.apps.maps/com.google.googlenav.friend.reporting.LocationReportingIntentReceiver: pid=1608 uid=10033 gids={3003, 1015, 1028}
I/ActivityManager(  270): No longer want com.archos.daos (pid 1277): hidden #16
I/ActivityManager(  270): No longer want com.google.android.partnersetup (pid 854): hidden #16
I/ActivityManager(  270): No longer want com.google.android.gcm (pid 1425): hidden #16
I/ActivityManager(  270): No longer want com.google.android.apps.uploader (pid 1409): hidden #17
I/ActivityManager(  270): No longer want com.google.android.youtube (pid 1196): hidden #16
I/ActivityManager(  270): No longer want com.android.chrome (pid 1441): hidden #17
I/ActivityManager(  270): No longer want android.process.media (pid 544): hidden #16
I/ActivityManager(  270): No longer want com.google.android.deskclock (pid 1466): hidden #17
I/ActivityManager(  270): Start proc android.process.media for content provider com.android.providers.downloads/.DownloadProvider: pid=1695 uid=10020 gids={1015, 1023, 1024, 1028, 2001, 3003, 3007}
W/StatusBar(  411): updateNotification for unknown key: android.os.BinderProxy@422894d8
I/ActivityManager(  270): No longer want com.google.android.apps.maps:LocationFriendService (pid 1608): hidden #16
I/ActivityManager(  270): Start proc com.android.defcontainer for service com.android.defcontainer/.DefaultContainerService: pid=1731 uid=10035 gids={1015, 2001, 1028}
W/ActivityManager(  270): No content provider found for permission revoke: file:///data/user/0/com.android.providers.downloads/cache/downloadfile.apk
W/ActivityManager(  270): No content provider found for permission revoke: file:///data/user/0/com.android.providers.downloads/cache/downloadfile.apk
I/ActivityManager(  270): Force stopping package com.archos.filemanager uid=10006
I/ActivityManager(  270): Killing proc 1339:com.archos.mediacenter.music:scanner/u0a6: force stop
I/ActivityManager(  270): Killing proc 1372:com.archos.mediacenter.videork:scanner/u0a6: force stop
I/ActivityManager(  270): Killing proc 1357:com.archos.mediacenter.videork/u0a6: force stop
I/ActivityManager(  270): Killing proc 1320:com.archos.mediacenter.music/u0a6: force stop
W/PackageManager(  270): Trying to update system app code path from /system/app/FileManager.apk to /data/app/com.archos.filemanager-1.apk
W/PackageManager(  270): Code path for pkg : com.archos.filemanager changing from /system/app/FileManager.apk to /data/app/com.archos.filemanager-1.apk
W/PackageManager(  270): Resource path for pkg : com.archos.filemanager changing from /system/app/FileManager.apk to /data/app/com.archos.filemanager-1.apk
I/ActivityManager(  270): Force stopping package com.archos.filemanager uid=10006
I/ActivityManager(  270): Force stopping package com.archos.filemanager uid=10006
D/BackupManagerService(  270): Received broadcast Intent { act=android.intent.action.PACKAGE_REMOVED dat=package:com.archos.filemanager flg=0x8000010 (has extras) }
W/InputMethodManagerService(  270): Found no subtypes in a system IME: com.archos.remote.serverrk
D/BackupManagerService(  270): Received broadcast Intent { act=android.intent.action.PACKAGE_ADDED dat=package:com.archos.filemanager flg=0x8000010 (has extras) }
V/BackupManagerService(  270): removePackageParticipantsLocked: uid=10006 #1
V/BackupManagerService(  270): addPackageParticipantsLocked: #1
W/InputMethodManagerService(  270): Found no subtypes in a system IME: com.android.inputmethod.pinyin
I/ActivityManager(  270): Start proc com.android.keychain for broadcast com.android.keychain/.KeyChainBroadcastReceiver: pid=1748 uid=1000 gids={3003, 1015, 1006, 1028, 3002, 3001, 3007}
I/ActivityManager(  270): Start proc com.android.musicfx for broadcast com.android.musicfx/.Compatibility$Receiver: pid=1761 uid=10014 gids={3003, 3002, 1028}
I/ActivityManager(  270): Start proc com.google.android.apps.maps for broadcast com.google.android.apps.maps/com.google.android.location.internal.NlpPackageUpdateReceiver: pid=1777 uid=10033 gids={3003, 1015, 1028}
I/ActivityManager(  270): Start proc com.google.android.partnersetup for broadcast com.google.android.partnersetup/.RlzPingBroadcastReceiver: pid=1799 uid=10017 gids={3003, 1028}
W/StatusBar(  411): updateNotification for unknown key: android.os.BinderProxy@422da418
I/ActivityManager(  270): Start proc com.google.android.apps.maps:FriendService for broadcast com.google.android.apps.maps/com.google.googlenav.friend.android.ServiceReceiver: pid=1820 uid=10033 gids={3003, 1015, 1028}
I/ActivityManager(  270): Start proc com.google.android.apps.maps:LocationFriendService for broadcast com.google.android.apps.maps/com.google.googlenav.friend.reporting.LocationReportingIntentReceiver: pid=1833 uid=10033 gids={3003, 1015, 1028}
I/ActivityManager(  270): No longer want com.google.android.calendar (pid 1174): hidden #16
I/ActivityManager(  270): No longer want com.google.android.gm (pid 1583): hidden #16
W/ActivityManager(  270): No content provider found for permission revoke: file:///data/user/0/com.android.providers.downloads/cache/downloadfile-1.apk
W/ActivityManager(  270): No content provider found for permission revoke: file:///data/user/0/com.android.providers.downloads/cache/downloadfile-1.apk
W/PackageParser(  270): Unknown element under <application>: supports-screens at /data/app/vmdl1431097245.tmp Binary XML file line #53
I/ActivityManager(  270): Force stopping package com.archos.mediacenter.videork uid=10006
W/PackageManager(  270): Trying to update system app code path from /system/app/ArchosVideo.apk to /data/app/com.archos.mediacenter.videork-1.apk
I/ActivityManager(  270): Force stopping package com.archos.mediacenter.videork uid=10006
W/PackageManager(  270): Code path for pkg : com.archos.mediacenter.videork changing from /system/app/ArchosVideo.apk to /data/app/com.archos.mediacenter.videork-1.apk
W/PackageManager(  270): Resource path for pkg : com.archos.mediacenter.videork changing from /system/app/ArchosVideo.apk to /data/app/com.archos.mediacenter.videork-1.apk
W/PackageManager(  270): Not granting permission android.permission.DEVICE_POWER to package com.archos.mediacenter.videork (protectionLevel=2 flags=0x8bee5)
W/PackageManager(  270): Not granting permission android.permission.INJECT_EVENTS to package com.archos.mediacenter.videork (protectionLevel=2 flags=0x8bee5)
W/PackageManager(  270): Unknown permission android.permission.ARCHOS_READ_RAWFS in package com.archos.mediacenter.videork
I/ActivityManager(  270): Force stopping package com.archos.mediacenter.videork uid=10006
D/BackupManagerService(  270): Received broadcast Intent { act=android.intent.action.PACKAGE_REMOVED dat=package:com.archos.mediacenter.videork flg=0x8000010 (has extras) }
W/InputMethodManagerService(  270): Found no subtypes in a system IME: com.archos.remote.serverrk
D/BackupManagerService(  270): Received broadcast Intent { act=android.intent.action.PACKAGE_ADDED dat=package:com.archos.mediacenter.videork flg=0x8000010 (has extras) }
V/BackupManagerService(  270): removePackageParticipantsLocked: uid=10006 #1
V/BackupManagerService(  270): addPackageParticipantsLocked: #1
W/InputMethodManagerService(  270): Found no subtypes in a system IME: com.android.inputmethod.pinyin
W/StatusBar(  411): updateNotification for unknown key: android.os.BinderProxy@42314280
I/ActivityManager(  270): No longer want com.google.android.talk (pid 1548): hidden #16
W/ActivityManager(  270): No content provider found for permission revoke: file:///data/user/0/com.android.providers.downloads/cache/downloadfile-2.apk
W/ActivityManager(  270): No content provider found for permission revoke: file:///data/user/0/com.android.providers.downloads/cache/downloadfile-2.apk
I/ActivityManager(  270): Force stopping package com.archos.mediacenter.music uid=10006
W/PackageManager(  270): Trying to update system app code path from /system/app/ArchosMusic.apk to /data/app/com.archos.mediacenter.music-1.apk
I/ActivityManager(  270): Force stopping package com.archos.mediacenter.music uid=10006
W/PackageManager(  270): Code path for pkg : com.archos.mediacenter.music changing from /system/app/ArchosMusic.apk to /data/app/com.archos.mediacenter.music-1.apk
W/PackageManager(  270): Resource path for pkg : com.archos.mediacenter.music changing from /system/app/ArchosMusic.apk to /data/app/com.archos.mediacenter.music-1.apk
W/PackageManager(  270): Not granting permission android.permission.DEVICE_POWER to package com.archos.mediacenter.music (protectionLevel=2 flags=0x8bee5)
W/PackageManager(  270): Not granting permission android.permission.INJECT_EVENTS to package com.archos.mediacenter.music (protectionLevel=2 flags=0x8bee5)
W/PackageManager(  270): Unknown permission android.permission.ARCHOS_READ_RAWFS in package com.archos.mediacenter.music
I/ActivityManager(  270): Force stopping package com.archos.mediacenter.music uid=10006
D/BackupManagerService(  270): Received broadcast Intent { act=android.intent.action.PACKAGE_REMOVED dat=package:com.archos.mediacenter.music flg=0x8000010 (has extras) }
D/BackupManagerService(  270): Received broadcast Intent { act=android.intent.action.PACKAGE_ADDED dat=package:com.archos.mediacenter.music flg=0x8000010 (has extras) }
V/BackupManagerService(  270): removePackageParticipantsLocked: uid=10006 #1
W/InputMethodManagerService(  270): Found no subtypes in a system IME: com.archos.remote.serverrk
V/BackupManagerService(  270): addPackageParticipantsLocked: #1
W/InputMethodManagerService(  270): Found no subtypes in a system IME: com.android.inputmethod.pinyin
W/StatusBar(  411): updateNotification for unknown key: android.os.BinderProxy@42354210
W/InputMethodManagerService(  270): Window already focused, ignoring focus gain of: com.android.internal.view.IInputMethodClient$Stub$Proxy@4152a370 attribute=null
W/ActivityManager(  270): No content provider found for permission revoke: file:///data/user/0/com.android.providers.downloads/cache/downloadfile-3.apk
W/ActivityManager(  270): No content provider found for permission revoke: file:///data/user/0/com.android.providers.downloads/cache/downloadfile-3.apk
I/ActivityManager(  270): Force stopping package com.archos.gamepadmappingtoolrk uid=1000
W/PackageManager(  270): Trying to update system app code path from /system/app/GamePadMappingTool.apk to /data/app/com.archos.gamepadmappingtoolrk-1.apk
I/ActivityManager(  270): Force stopping package com.archos.gamepadmappingtoolrk uid=1000
W/PackageManager(  270): Code path for pkg : com.archos.gamepadmappingtoolrk changing from /system/app/GamePadMappingTool.apk to /data/app/com.archos.gamepadmappingtoolrk-1.apk
W/PackageManager(  270): Resource path for pkg : com.archos.gamepadmappingtoolrk changing from /system/app/GamePadMappingTool.apk to /data/app/com.archos.gamepadmappingtoolrk-1.apk
I/ActivityManager(  270): Force stopping package com.archos.gamepadmappingtoolrk uid=1000
D/BackupManagerService(  270): Received broadcast Intent { act=android.intent.action.PACKAGE_REMOVED dat=package:com.archos.gamepadmappingtoolrk flg=0x8000010 (has extras) }
D/BackupManagerService(  270): Received broadcast Intent { act=android.intent.action.PACKAGE_ADDED dat=package:com.archos.gamepadmappingtoolrk flg=0x8000010 (has extras) }
V/BackupManagerService(  270): removePackageParticipantsLocked: uid=1000 #1
V/BackupManagerService(  270): addPackageParticipantsLocked: #1
W/InputMethodManagerService(  270): Found no subtypes in a system IME: com.archos.remote.serverrk
W/InputMethodManagerService(  270): Found no subtypes in a system IME: com.android.inputmethod.pinyin
W/ThrottleService(  270): unable to find stats for iface rmnet0
W/StatusBar(  411): updateNotification for unknown key: android.os.BinderProxy@42394d30
I/ActivityManager(  270): START {act=android.intent.action.VIEW_DOWNLOADS flg=0x10000000 cmp=com.android.providers.downloads.ui/.DownloadList u=0} from pid 1260
W/StatusBar(  411): updateNotification for unknown key: android.os.BinderProxy@423bc900
W/StatusBar(  411): updateNotification for unknown key: android.os.BinderProxy@423d4930
I/ActivityManager(  270): START {act=android.intent.action.VIEW_DOWNLOADS flg=0x10000000 cmp=com.android.providers.downloads.ui/.DownloadList u=0} from pid 1260
W/StatusBar(  411): updateNotification for unknown key: android.os.BinderProxy@423804c0
W/StatusBar(  411): updateNotification for unknown key: android.os.BinderProxy@423804c0
I/ActivityManager(  270): START {act=android.intent.action.VIEW dat=file:///storage/sdcard0/Download/MyGame-debug_20130215.apk typ=application/vnd.android.package-archive flg=0x10000001 cmp=com.android.packageinstaller/.PackageInstallerActivity u=0} from pid 1695
I/ActivityManager(  270): Start proc com.android.packageinstaller for activity com.android.packageinstaller/.PackageInstallerActivity: pid=2011 uid=10008 gids={1028}
I/ActivityManager(  270): START {act=android.settings.SECURITY_SETTINGS flg=0x10000000 cmp=com.android.settings/.Settings$SecuritySettingsActivity u=0} from pid 2011
I/ActivityManager(  270): Start proc com.android.settings for activity com.android.settings/.Settings$SecuritySettingsActivity: pid=2028 uid=1000 gids={3003, 1015, 1006, 1028, 3002, 3001, 3007}
I/ActivityManager(  270): No longer want com.google.android.music:main (pid 1526): hidden #16
D/WifiService(  270): setWifiEnabled: true pid=2028, uid=1000
I/ActivityManager(  270): No longer want com.android.providers.calendar (pid 1485): hidden #16
W/InputMethodManagerService(  270): Window already focused, ignoring focus gain of: com.android.internal.view.IInputMethodClient$Stub$Proxy@4178deb0 attribute=null
W/InputMethodManagerService(  270): Window already focused, ignoring focus gain of: com.android.internal.view.IInputMethodClient$Stub$Proxy@415d8238 attribute=null
D/VoldCmdListener(   89): cryptfs cryptocomplete
E/Cryptfs (   89): not running with encryption, aborting
D/VoldCmdListener(   89): cryptfs cryptocomplete
E/Cryptfs (   89): not running with encryption, aborting
W/InputMethodManagerService(  270): Window already focused, ignoring focus gain of: com.android.internal.view.IInputMethodClient$Stub$Proxy@418472c0 attribute=null
W/InputMethodManagerService(  270): Window already focused, ignoring focus gain of: com.android.internal.view.IInputMethodClient$Stub$Proxy@414fd370 attribute=null
I/ActivityManager(  270): START {act=android.intent.action.VIEW dat=file:///storage/sdcard0/Download/MyGame-debug_20130215-1.apk typ=application/vnd.android.package-archive flg=0x10000000 cmp=com.android.packageinstaller/.PackageInstallerActivity u=0} from pid 1695
I/ActivityManager(  270): START {dat=file:///storage/sdcard0/Download/MyGame-debug_20130215-1.apk cmp=com.android.packageinstaller/.InstallAppProgress (has extras) u=0} from pid 2011
W/ActivityManager(  270): No content provider found for permission revoke: file:///storage/sdcard0/Download/MyGame-debug_20130215-1.apk
W/ActivityManager(  270): No content provider found for permission revoke: file:///storage/sdcard0/Download/MyGame-debug_20130215-1.apk
I/ActivityManager(  270): Force stopping package org.bennugd.samplegame uid=10072
W/InputMethodManagerService(  270): Found no subtypes in a system IME: com.archos.remote.serverrk
D/BackupManagerService(  270): Received broadcast Intent { act=android.intent.action.PACKAGE_ADDED dat=package:org.bennugd.samplegame flg=0x8000010 (has extras) }
V/BackupManagerService(  270): addPackageParticipantsLocked: #1
W/InputMethodManagerService(  270): Found no subtypes in a system IME: com.android.inputmethod.pinyin
I/ActivityManager(  270): START {act=android.intent.action.MAIN cat=[android.intent.category.LAUNCHER] flg=0x10000000 pkg=org.bennugd.samplegame cmp=org.bennugd.samplegame/.MyGame u=0} from pid 2011
I/ActivityManager(  270): Start proc org.bennugd.samplegame for activity org.bennugd.samplegame/.MyGame: pid=2079 uid=10072 gids={1028}
I/ActivityManager(  270): Config changed: {1.0 0mcc0mnc es_ES sw720dp w600dp h976dp lrg port finger -keyb/v/h -nav/h s.6}
V/TabletStatusBar(  411): setLightsOn(true)
E/AndroidRuntime( 2079): FATAL EXCEPTION: main
E/AndroidRuntime( 2079): java.lang.UnsatisfiedLinkError: Native method not found: org.libsdl.app.SDLActivity.onNativeJoy:(IIFF)V
E/AndroidRuntime( 2079): 	at org.libsdl.app.SDLActivity.onNativeJoy(Native Method)
E/AndroidRuntime( 2079): 	at org.libsdl.app._SDLSurface.onGenericMotion(SDLActivity.java:597)
E/AndroidRuntime( 2079): 	at android.view.View.dispatchGenericMotionEventInternal(View.java:7220)
E/AndroidRuntime( 2079): 	at android.view.View.dispatchGenericMotionEvent(View.java:7207)
E/AndroidRuntime( 2079): 	at android.view.ViewGroup.dispatchGenericFocusedEvent(ViewGroup.java:1761)
E/AndroidRuntime( 2079): 	at android.view.View.dispatchGenericMotionEvent(View.java:7203)
E/AndroidRuntime( 2079): 	at android.view.ViewGroup.dispatchGenericFocusedEvent(ViewGroup.java:1761)
E/AndroidRuntime( 2079): 	at android.view.View.dispatchGenericMotionEvent(View.java:7203)
E/AndroidRuntime( 2079): 	at android.view.ViewGroup.dispatchGenericFocusedEvent(ViewGroup.java:1761)
E/AndroidRuntime( 2079): 	at android.view.View.dispatchGenericMotionEvent(View.java:7203)
E/AndroidRuntime( 2079): 	at android.view.ViewGroup.dispatchGenericFocusedEvent(ViewGroup.java:1761)
E/AndroidRuntime( 2079): 	at android.view.View.dispatchGenericMotionEvent(View.java:7203)
E/AndroidRuntime( 2079): 	at com.android.internal.policy.impl.PhoneWindow$DecorView.superDispatchGenericMotionEvent(PhoneWindow.java:1933)
E/AndroidRuntime( 2079): 	at com.android.internal.policy.impl.PhoneWindow.superDispatchGenericMotionEvent(PhoneWindow.java:1389)
E/AndroidRuntime( 2079): 	at android.app.Activity.dispatchGenericMotionEvent(Activity.java:2432)
E/AndroidRuntime( 2079): 	at com.android.internal.policy.impl.PhoneWindow$DecorView.dispatchGenericMotionEvent(PhoneWindow.java:1887)
E/AndroidRuntime( 2079): 	at android.view.ViewRootImpl.deliverGenericMotionEvent(ViewRootImpl.java:3345)
E/AndroidRuntime( 2079): 	at android.view.ViewRootImpl.deliverInputEvent(ViewRootImpl.java:3129)
E/AndroidRuntime( 2079): 	at android.view.ViewRootImpl.doProcessInputEvents(ViewRootImpl.java:4161)
E/AndroidRuntime( 2079): 	at android.view.ViewRootImpl.enqueueInputEvent(ViewRootImpl.java:4140)
E/AndroidRuntime( 2079): 	at android.view.ViewRootImpl$WindowInputEventReceiver.onInputEvent(ViewRootImpl.java:4232)
E/AndroidRuntime( 2079): 	at android.view.InputEventReceiver.dispatchInputEvent(InputEventReceiver.java:171)
E/AndroidRuntime( 2079): 	at android.view.InputEventReceiver.nativeConsumeBatchedInputEvents(Native Method)
E/AndroidRuntime( 2079): 	at android.view.InputEventReceiver.consumeBatchedInputEvents(InputEventReceiver.java:163)
E/AndroidRuntime( 2079): 	at android.view.ViewRootImpl.doConsumeBatchedInput(ViewRootImpl.java:4211)
E/AndroidRuntime( 2079): 	at android.view.ViewRootImpl$ConsumeBatchedInputRunnable.run(ViewRootImpl.java:4251)
E/AndroidRuntime( 2079): 	at android.view.Choreographer$CallbackRecord.run(Choreographer.java:725)
E/AndroidRuntime( 2079): 	at android.view.Choreographer.doCallbacks(Choreographer.java:555)
E/AndroidRuntime( 2079): 	at android.view.Choreographer.doFrame(Choreographer.java:523)
E/AndroidRuntime( 2079): 	at android.view.Choreographer$FrameDisplayEventReceiver.run(Choreographer.java:711)
E/AndroidRuntime( 2079): 	at android.os.Handler.handleCallback(Handler.java:615)
E/AndroidRuntime( 2079): 	at android.os.Handler.dispatchMessage(Handler.java:92)
E/AndroidRuntime( 2079): 	at android.os.Looper.loop(Looper.java:137)
E/AndroidRuntime( 2079): 	at android.app.ActivityThread.main(ActivityThread.java:4745)
E/AndroidRuntime( 2079): 	at java.lang.reflect.Method.invokeNative(Native Method)
E/AndroidRuntime( 2079): 	at java.lang.reflect.Method.invoke(Method.java:511)
E/AndroidRuntime( 2079): 	at com.android.internal.os.ZygoteInit$MethodAndArgsCaller.run(ZygoteInit.java:786)
E/AndroidRuntime( 2079): 	at com.android.internal.os.ZygoteInit.main(ZygoteInit.java:553)
E/AndroidRuntime( 2079): 	at dalvik.system.NativeStart.main(Native Method)
W/ActivityManager(  270):   Force finishing activity org.bennugd.samplegame/.MyGame
W/ActivityManager(  270): Activity pause timeout for ActivityRecord{41400da8 org.bennugd.samplegame/.MyGame}
D/VoldCmdListener(   89): cryptfs cryptocomplete
E/Cryptfs (   89): not running with encryption, aborting
I/ActivityManager(  270): No longer want com.android.keychain (pid 1748): hidden #16
I/WindowState(  270): WIN DEATH: Window{4199ee10 SurfaceView paused=false}
I/ActivityManager(  270): Process org.bennugd.samplegame (pid 2079) has died.
W/InputMethodManagerService(  270): Got RemoteException sending setActive(false) notification to pid 2079 uid 10072
I/WindowState(  270): WIN DEATH: Window{417e88b8 org.bennugd.samplegame/org.bennugd.samplegame.MyGame paused=false}
I/WindowManager(  270): WINDOW DIED Window{417e88b8 org.bennugd.samplegame/org.bennugd.samplegame.MyGame paused=false}
W/ActivityManager(  270): Activity destroy timeout for ActivityRecord{41400da8 org.bennugd.samplegame/.MyGame}
D/WifiService(  270): ---- mWifiWakeLock.acquire ----
I/WindowManager(  270): No lock screen!
D/WifiService(  270): ---- mWifiWakeLock.release ----
D/VoldCmdListener(   89): cryptfs cryptocomplete
E/Cryptfs (   89): not running with encryption, aborting
I/ActivityManager(  270): START {act=android.intent.action.MAIN cat=[android.intent.category.HOME] flg=0x10200000 cmp=com.android.launcher/com.android.launcher2.Launcher u=0} from pid 270
I/ActivityManager(  270): START {act=android.intent.action.MAIN cat=[android.intent.category.HOME] flg=0x10200000 cmp=com.android.launcher/com.android.launcher2.Launcher u=0} from pid 270
I/ActivityManager(  270): START {act=android.intent.action.MAIN cat=[android.intent.category.HOME] flg=0x10200000 cmp=com.android.launcher/com.android.launcher2.Launcher u=0} from pid 270
I/ActivityManager(  270): Config changed: {1.0 0mcc0mnc es_ES sw720dp w1024dp h552dp lrg land finger -keyb/v/h -nav/h s.7}
I/ActivityManager(  270): START {act=android.intent.action.MAIN cat=[android.intent.category.HOME] flg=0x10200000 cmp=com.android.launcher/com.android.launcher2.Launcher u=0} from pid 270
I/ActivityManager(  270): START {act=android.intent.action.MAIN cat=[android.intent.category.HOME] flg=0x10200000 cmp=com.android.launcher/com.android.launcher2.Launcher u=0} from pid 270
W/InputMethodManagerService(  270): Window already focused, ignoring focus gain of: com.android.internal.view.IInputMethodClient$Stub$Proxy@41523510 attribute=null
I/ActivityManager(  270): START {act=android.intent.action.MAIN cat=[android.intent.category.LAUNCHER] flg=0x10200000 cmp=com.android.settings/.Settings bnds=[192,441][272,521] u=0} from pid 613
D/WifiService(  270): setWifiEnabled: true pid=2028, uid=1000
I/ActivityManager(  270): START {act=android.intent.action.MAIN cat=[android.intent.category.LAUNCHER] flg=0x10200000 cmp=com.android.settings/.Settings bnds=[192,441][272,521] u=0} from pid 613
D/WifiService(  270): setWifiEnabled: true pid=2028, uid=1000
I/ActivityManager(  270): START {act=android.intent.action.MAIN cat=[android.intent.category.LAUNCHER] flg=0x10200000 cmp=com.android.settings/.Settings bnds=[192,441][272,521] u=0} from pid 613
D/WifiService(  270): setWifiEnabled: true pid=2028, uid=1000
I/ActivityManager(  270): START {act=android.intent.action.MAIN cat=[android.intent.category.LAUNCHER] flg=0x10200000 pkg=com.pixjuegos.ripolles cmp=com.pixjuegos.ripolles/.Ripolles bnds=[304,31][384,111] u=0} from pid 613
I/ActivityManager(  270): Start proc com.pixjuegos.ripolles for activity com.pixjuegos.ripolles/.Ripolles: pid=2169 uid=10069 gids={1028}
V/TabletStatusBar(  411): setLightsOn(true)
I/GamePadInputFilter(  270): GamePad input filter installed.
I/GamePadInputFilter(  270): GamePad input filter uninstalled.
W/InputMethodManagerService(  270): Window already focused, ignoring focus gain of: com.android.internal.view.IInputMethodClient$Stub$Proxy@416d1af0 attribute=null
V/TabletStatusBar(  411): setLightsOn(true)
I/ActivityManager(  270): START {act=android.intent.action.MAIN cat=[android.intent.category.HOME] flg=0x10200000 cmp=com.android.launcher/com.android.launcher2.Launcher u=0} from pid 270
I/ActivityManager(  270): No longer want com.google.android.gms (pid 1568): hidden #16
I/WindowManager(  270): WINDOW DIED Window{4189ec90 com.pixjuegos.ripolles/com.pixjuegos.ripolles.Ripolles paused=false}
I/ActivityManager(  270): Process com.pixjuegos.ripolles (pid 2169) has died.
W/WindowManager(  270): Force-removing child win Window{4174c0e0 SurfaceView paused=false} from container Window{4189ec90 com.pixjuegos.ripolles/com.pixjuegos.ripolles.Ripolles paused=false}
W/WindowManager(  270): Failed looking up window
W/WindowManager(  270): java.lang.IllegalArgumentException: Requested window android.os.BinderProxy@41716ba0 does not exist
W/WindowManager(  270): 	at com.android.server.wm.WindowManagerService.windowForClientLocked(WindowManagerService.java:7772)
W/WindowManager(  270): 	at com.android.server.wm.WindowManagerService.windowForClientLocked(WindowManagerService.java:7763)
W/WindowManager(  270): 	at com.android.server.wm.WindowState$DeathRecipient.binderDied(WindowState.java:870)
W/WindowManager(  270): 	at android.os.BinderProxy.sendDeathNotice(Binder.java:449)
W/WindowManager(  270): 	at dalvik.system.NativeStart.run(Native Method)
I/WindowState(  270): WIN DEATH: null
W/InputMethodManagerService(  270): Window already focused, ignoring focus gain of: com.android.internal.view.IInputMethodClient$Stub$Proxy@414e8670 attribute=android.view.inputmethod.EditorInfo@41841e78
I/ActivityManager(  270): START {act=android.intent.action.MAIN cat=[android.intent.category.LAUNCHER] flg=0x10200000 cmp=org.bennugd.samplegame/.MyGame u=0} from pid 613
I/ActivityManager(  270): Start proc org.bennugd.samplegame for activity org.bennugd.samplegame/.MyGame: pid=2219 uid=10072 gids={1028}
I/ActivityManager(  270): Config changed: {1.0 0mcc0mnc es_ES sw720dp w600dp h976dp lrg port finger -keyb/v/h -nav/h s.8}
V/TabletStatusBar(  411): setLightsOn(true)
E/AndroidRuntime( 2219): FATAL EXCEPTION: main
E/AndroidRuntime( 2219): java.lang.UnsatisfiedLinkError: Native method not found: org.libsdl.app.SDLActivity.onNativeJoy:(IIFF)V
E/AndroidRuntime( 2219): 	at org.libsdl.app.SDLActivity.onNativeJoy(Native Method)
E/AndroidRuntime( 2219): 	at org.libsdl.app._SDLSurface.onGenericMotion(SDLActivity.java:597)
