W/InputMethodManagerService(  270): Found no subtypes in a system IME: com.android.inputmethod.pinyin
D/ConnectivityService(  270): handleInetConditionHoldEnd: net=1, condition=0, published condition=100
D/ConnectivityService(  270): handleInetConditionHoldEnd: net=1, condition=100, published condition=0
D/WifiService(  270): ---- mWifiWakeLock.release ----
W/ThrottleService(  270): unable to find stats for iface rmnet0
D/ConnectivityService(  270): ConnectivityChange for WIFI: DISCONNECTED/DISCONNECTED
D/ConnectivityService(  270): Attempting to switch to mobile
D/ConnectivityService(  270): Attempting to switch to ETHERNET
D/ConnectivityService(  270): resetConnections(wlan0, 3)
I/ActivityManager(  270): Start proc com.archos.daos for broadcast com.archos.daos/.DaosRunReceiver: pid=4942 uid=1000 gids={3003, 1015, 1006, 1028, 3002, 3001, 3007}
I/ActivityManager(  270): No longer want com.android.packageinstaller (pid 3753): hidden #16
D/ConnectivityService(  270): ConnectivityChange for WIFI: DISCONNECTED/DISCONNECTED
D/ConnectivityService(  270): Attempting to switch to mobile
D/ConnectivityService(  270): Attempting to switch to ETHERNET
D/ConnectivityService(  270): resetConnections(wlan0, 3)
D/ConnectivityService(  270): handleInetConditionChange: no active default network - ignore
I/ActivityManager(  270): Start proc com.google.android.apps.uploader for broadcast com.google.android.apps.uploader/com.google.android.picasasync.ConnectivityReceiver: pid=4956 uid=10026 gids={3003, 1015, 1028}
I/ActivityManager(  270): Start proc com.google.android.gcm for broadcast com.google.android.gms/.gcm.ServiceAutoStarter: pid=4970 uid=10009 gids={3003, 1015, 1028, 1007, 2001, 3006}
I/ActivityManager(  270): Start proc com.android.chrome for broadcast com.android.chrome/com.google.android.apps.chrome.preferences.ConnectionChangeReceiver: pid=4984 uid=10045 gids={3003, 1015, 1028}
I/ActivityManager(  270): No longer want com.android.keychain (pid 3786): hidden #16
I/ActivityManager(  270): Start proc com.google.android.youtube for broadcast com.google.android.youtube/.app.prefetch.PrefetchService$DeviceStateReceiver: pid=4999 uid=10054 gids={3003, 1015, 1006, 1028}
I/ActivityManager(  270): No longer want com.google.android.gms (pid 3529): hidden #16
I/ActivityManager(  270): No longer want com.android.settings (pid 3936): hidden #16
I/WindowManager(  270): WINDOW DIED Window{41848ad8 com.android.settings/com.android.settings.Settings paused=false}
I/ActivityManager(  270): Start proc com.archos.mediacenter.music for broadcast com.archos.mediacenter.music/com.archos.mediaprovider.music.NetworkStateReceiver: pid=5038 uid=10006 gids={3003, 1015, 1023, 1028}
I/ActivityManager(  270): Start proc com.archos.mediacenter.music:scanner for service com.archos.mediacenter.music/com.archos.mediaprovider.MediaThumbnailService: pid=5052 uid=10006 gids={3003, 1015, 1023, 1028}
I/ActivityManager(  270): No longer want com.google.android.inputmethod.latin.dictionarypack (pid 3771): hidden #16
I/ActivityManager(  270): Start proc com.google.android.gms for broadcast com.google.android.gms/.recovery.AccountRecoveryService$Receiver: pid=5076 uid=10009 gids={3003, 1015, 1028, 1007, 2001, 3006}
I/ActivityManager(  270): No longer want com.android.musicfx (pid 3800): hidden #16
I/ActivityManager(  270): No longer want com.google.android.googlequicksearchbox (pid 3818): hidden #16
I/ActivityManager(  270): No longer want com.google.android.partnersetup (pid 3837): hidden #17
D/ConnectivityService(  270): NetTransition Wakelock for WifiStateMachine released by timeout
V/BackupManagerService(  270): Running a backup pass
V/BackupManagerService(  270): clearing pending backups
V/PerformBackupTask(  270): Beginning backup of 9 targets
I/PerformBackupTask(  270): Initializing (wiping) backup state and transport storage
D/BackupManagerService(  270): Now staging backup of android
D/BackupManagerService(  270): Now staging backup of com.android.providers.settings
D/BackupManagerService(  270): Now staging backup of com.android.providers.userdictionary
D/BackupManagerService(  270): Now staging backup of com.android.browser
D/BackupManagerService(  270): Now staging backup of com.google.android.inputmethod.latin
D/BackupManagerService(  270): Now staging backup of com.google.android.calendar
D/BackupManagerService(  270): Now staging backup of com.google.android.gm
D/BackupManagerService(  270): Now staging backup of com.android.vending
D/BackupManagerService(  270): Now staging backup of com.android.sharedstoragebackup
D/PerformBackupTask(  270): invokeAgentForBackup on @pm@
I/PMBA    (  270): Previous metadata null mismatch vs 20121220.155836 - rewriting
D/PerformBackupTask(  270): starting agent for backup of BackupRequest{pkg=com.android.browser}
I/ActivityManager(  270): Start proc com.android.browser for backup com.android.browser/.BrowserBackupAgent: pid=5107 uid=10018 gids={3003, 1015, 1028}
D/BackupManagerService(  270): awaiting agent for ApplicationInfo{416042b8 com.android.browser}
D/BackupManagerService(  270): agentConnected pkg=com.android.browser agent=android.os.BinderProxy@4196c438
I/BackupManagerService(  270): got agent android.app.IBackupAgent$Stub$Proxy@4194db08
D/PerformBackupTask(  270): invokeAgentForBackup on com.android.browser
I/ActivityManager(  270): No longer want com.android.defcontainer (pid 3990): hidden #16
I/PerformBackupTask(  270): no backup data written; not calling transport
D/PerformBackupTask(  270): starting agent for backup of BackupRequest{pkg=com.google.android.calendar}
I/ActivityManager(  270): Start proc com.google.android.calendar for backup com.google.android.calendar/com.android.calendar.CalendarBackupAgent: pid=5125 uid=10031 gids={3003, 1028}
D/BackupManagerService(  270): awaiting agent for ApplicationInfo{4158c288 com.google.android.calendar}
D/BackupManagerService(  270): agentConnected pkg=com.google.android.calendar agent=android.os.BinderProxy@41711ae8
I/BackupManagerService(  270): got agent android.app.IBackupAgent$Stub$Proxy@417c2d70
D/PerformBackupTask(  270): invokeAgentForBackup on com.google.android.calendar
I/ActivityManager(  270): No longer want com.google.android.talk (pid 3593): hidden #16
D/PerformBackupTask(  270): starting agent for backup of BackupRequest{pkg=com.android.vending}
D/BackupManagerService(  270): awaiting agent for ApplicationInfo{41644608 com.android.vending}
D/BackupManagerService(  270): agentConnected pkg=com.android.vending agent=android.os.BinderProxy@4159f200
I/BackupManagerService(  270): got agent android.app.IBackupAgent$Stub$Proxy@414c8848
D/PerformBackupTask(  270): invokeAgentForBackup on com.android.vending
D/PerformBackupTask(  270): starting agent for backup of BackupRequest{pkg=android}
D/BackupManagerService(  270): awaiting agent for ApplicationInfo{41462940 android}
D/BackupManagerService(  270): agentConnected pkg=android agent=android.app.backup.BackupAgent$BackupServiceBinder@419db8f0
I/BackupManagerService(  270): got agent android.app.backup.BackupAgent$BackupServiceBinder@419db8f0
D/PerformBackupTask(  270): invokeAgentForBackup on android
D/PerformBackupTask(  270): starting agent for backup of BackupRequest{pkg=com.android.providers.userdictionary}
D/BackupManagerService(  270): awaiting agent for ApplicationInfo{41791160 com.android.providers.userdictionary}
D/BackupManagerService(  270): agentConnected pkg=com.android.providers.userdictionary agent=android.os.BinderProxy@417fe200
I/BackupManagerService(  270): got agent android.app.IBackupAgent$Stub$Proxy@4164fd28
D/PerformBackupTask(  270): invokeAgentForBackup on com.android.providers.userdictionary
I/PerformBackupTask(  270): no backup data written; not calling transport
D/PerformBackupTask(  270): starting agent for backup of BackupRequest{pkg=com.google.android.gm}
I/ActivityManager(  270): Start proc com.google.android.gm for backup com.google.android.gm/.persistence.GmailBackupAgent: pid=5140 uid=10036 gids={3003, 1015, 1028}
D/BackupManagerService(  270): awaiting agent for ApplicationInfo{4153ce30 com.google.android.gm}
D/ActivityThread( 5140): Loading provider com.android.gmail.ui: com.google.android.gm.provider.UiProvider
D/BackupManagerService(  270): agentConnected pkg=com.google.android.gm agent=android.os.BinderProxy@41922338
I/BackupManagerService(  270): got agent android.app.IBackupAgent$Stub$Proxy@41a0e5f0
D/PerformBackupTask(  270): invokeAgentForBackup on com.google.android.gm
I/ActivityManager(  270): No longer want android.process.acore (pid 597): hidden #16
D/PerformBackupTask(  270): starting agent for backup of BackupRequest{pkg=com.android.sharedstoragebackup}
I/ActivityManager(  270): Start proc com.android.sharedstoragebackup for backup com.android.sharedstoragebackup/.SharedStorageAgent: pid=5166 uid=10060 gids={1015, 1023, 1028}
D/BackupManagerService(  270): awaiting agent for ApplicationInfo{414be548 com.android.sharedstoragebackup}
D/BackupManagerService(  270): agentConnected pkg=com.android.sharedstoragebackup agent=android.os.BinderProxy@416ca5e0
I/BackupManagerService(  270): got agent android.app.IBackupAgent$Stub$Proxy@416c8060
D/PerformBackupTask(  270): invokeAgentForBackup on com.android.sharedstoragebackup
I/ActivityManager(  270): No longer want com.archos.daos (pid 4942): hidden #16
I/PerformBackupTask(  270): no backup data written; not calling transport
D/PerformBackupTask(  270): starting agent for backup of BackupRequest{pkg=com.google.android.inputmethod.latin}
D/BackupManagerService(  270): awaiting agent for ApplicationInfo{4187c788 com.google.android.inputmethod.latin}
D/BackupManagerService(  270): agentConnected pkg=com.google.android.inputmethod.latin agent=android.os.BinderProxy@41695b68
I/BackupManagerService(  270): got agent android.app.IBackupAgent$Stub$Proxy@41654db8
D/PerformBackupTask(  270): invokeAgentForBackup on com.google.android.inputmethod.latin
D/PerformBackupTask(  270): starting agent for backup of BackupRequest{pkg=com.android.providers.settings}
D/BackupManagerService(  270): awaiting agent for ApplicationInfo{414bebd0 com.android.providers.settings}
D/BackupManagerService(  270): agentConnected pkg=com.android.providers.settings agent=android.app.backup.BackupAgent$BackupServiceBinder@415a4d18
I/BackupManagerService(  270): got agent android.app.backup.BackupAgent$BackupServiceBinder@415a4d18
D/PerformBackupTask(  270): invokeAgentForBackup on com.android.providers.settings
I/PerformBackupTask(  270): Backup pass finished.
W/ThrottleService(  270): unable to find stats for iface rmnet0
W/ThrottleService(  270): unable to find stats for iface rmnet0
W/ThrottleService(  270): unable to find stats for iface rmnet0
I/ActivityManager(  270): Start proc com.android.providers.calendar for content provider com.android.providers.calendar/.CalendarProvider2: pid=5195 uid=10037 gids={3003, 1015, 1028}
I/ActivityManager(  270): No longer want android.process.media (pid 3957): hidden #16
W/ThrottleService(  270): unable to find stats for iface rmnet0
V/BackupManagerService(  270): Running a backup pass
V/BackupManagerService(  270): clearing pending backups
V/PerformBackupTask(  270): Beginning backup of 9 targets
D/PerformBackupTask(  270): invokeAgentForBackup on @pm@
I/PerformBackupTask(  270): no backup data written; not calling transport
D/PerformBackupTask(  270): starting agent for backup of BackupRequest{pkg=com.android.browser}
D/BackupManagerService(  270): awaiting agent for ApplicationInfo{416042b8 com.android.browser}
D/BackupManagerService(  270): agentConnected pkg=com.android.browser agent=android.os.BinderProxy@41985da8
I/BackupManagerService(  270): got agent android.app.IBackupAgent$Stub$Proxy@41b174d8
D/PerformBackupTask(  270): invokeAgentForBackup on com.android.browser
I/PerformBackupTask(  270): no backup data written; not calling transport
D/PerformBackupTask(  270): starting agent for backup of BackupRequest{pkg=com.google.android.calendar}
D/BackupManagerService(  270): awaiting agent for ApplicationInfo{4158c288 com.google.android.calendar}
D/BackupManagerService(  270): agentConnected pkg=com.google.android.calendar agent=android.os.BinderProxy@41731568
I/BackupManagerService(  270): got agent android.app.IBackupAgent$Stub$Proxy@4199a398
D/PerformBackupTask(  270): invokeAgentForBackup on com.google.android.calendar
D/PerformBackupTask(  270): starting agent for backup of BackupRequest{pkg=com.android.vending}
D/BackupManagerService(  270): awaiting agent for ApplicationInfo{41644608 com.android.vending}
D/BackupManagerService(  270): agentConnected pkg=com.android.vending agent=android.os.BinderProxy@415e4c70
I/BackupManagerService(  270): got agent android.app.IBackupAgent$Stub$Proxy@415e4cb0
D/PerformBackupTask(  270): invokeAgentForBackup on com.android.vending
D/PerformBackupTask(  270): starting agent for backup of BackupRequest{pkg=android}
D/BackupManagerService(  270): awaiting agent for ApplicationInfo{41462940 android}
D/BackupManagerService(  270): agentConnected pkg=android agent=android.app.backup.BackupAgent$BackupServiceBinder@417ee3e8
I/BackupManagerService(  270): got agent android.app.backup.BackupAgent$BackupServiceBinder@417ee3e8
D/PerformBackupTask(  270): invokeAgentForBackup on android
D/PerformBackupTask(  270): starting agent for backup of BackupRequest{pkg=com.android.providers.userdictionary}
I/ActivityManager(  270): Start proc android.process.acore for backup com.android.providers.userdictionary/.DictionaryBackupAgent: pid=5217 uid=10000 gids={3003, 1015, 1028}
D/BackupManagerService(  270): awaiting agent for ApplicationInfo{41791160 com.android.providers.userdictionary}
D/BackupManagerService(  270): agentConnected pkg=com.android.providers.userdictionary agent=android.os.BinderProxy@41723268
I/BackupManagerService(  270): got agent android.app.IBackupAgent$Stub$Proxy@4199d270
D/PerformBackupTask(  270): invokeAgentForBackup on com.android.providers.userdictionary
I/ActivityManager(  270): No longer want com.google.android.gallery3d (pid 1386): hidden #16
I/PerformBackupTask(  270): no backup data written; not calling transport
D/PerformBackupTask(  270): starting agent for backup of BackupRequest{pkg=com.android.sharedstoragebackup}
D/BackupManagerService(  270): awaiting agent for ApplicationInfo{414be548 com.android.sharedstoragebackup}
D/BackupManagerService(  270): agentConnected pkg=com.android.sharedstoragebackup agent=android.os.BinderProxy@419e7388
I/BackupManagerService(  270): got agent android.app.IBackupAgent$Stub$Proxy@415c1288
D/PerformBackupTask(  270): invokeAgentForBackup on com.android.sharedstoragebackup
I/PerformBackupTask(  270): no backup data written; not calling transport
D/PerformBackupTask(  270): starting agent for backup of BackupRequest{pkg=com.google.android.gm}
D/BackupManagerService(  270): awaiting agent for ApplicationInfo{4153ce30 com.google.android.gm}
D/BackupManagerService(  270): agentConnected pkg=com.google.android.gm agent=android.os.BinderProxy@4190b838
I/BackupManagerService(  270): got agent android.app.IBackupAgent$Stub$Proxy@418a7650
D/PerformBackupTask(  270): invokeAgentForBackup on com.google.android.gm
I/PerformBackupTask(  270): no backup data written; not calling transport
D/PerformBackupTask(  270): starting agent for backup of BackupRequest{pkg=com.google.android.inputmethod.latin}
D/BackupManagerService(  270): awaiting agent for ApplicationInfo{4187c788 com.google.android.inputmethod.latin}
D/BackupManagerService(  270): agentConnected pkg=com.google.android.inputmethod.latin agent=android.os.BinderProxy@41965110
I/BackupManagerService(  270): got agent android.app.IBackupAgent$Stub$Proxy@416e5e80
D/PerformBackupTask(  270): invokeAgentForBackup on com.google.android.inputmethod.latin
D/PerformBackupTask(  270): starting agent for backup of BackupRequest{pkg=com.android.providers.settings}
D/BackupManagerService(  270): awaiting agent for ApplicationInfo{414bebd0 com.android.providers.settings}
D/BackupManagerService(  270): agentConnected pkg=com.android.providers.settings agent=android.app.backup.BackupAgent$BackupServiceBinder@4172a400
I/BackupManagerService(  270): got agent android.app.backup.BackupAgent$BackupServiceBinder@4172a400
D/PerformBackupTask(  270): invokeAgentForBackup on com.android.providers.settings
I/PerformBackupTask(  270): no backup data written; not calling transport
I/PerformBackupTask(  270): Backup pass finished.
I/ActivityManager(  270): Start proc com.google.android.googlequicksearchbox for service com.google.android.googlequicksearchbox/com.google.android.velvet.VelvetBackgroundTasksImpl$Service: pid=5233 uid=10021 gids={3003, 1028, 1007, 3002, 1015, 1006}
I/ActivityManager(  270): Start proc com.google.android.partnersetup for content provider com.google.android.partnersetup/.RlzAppProvider: pid=5248 uid=10017 gids={3003, 1028}
W/ActivityManager(  270): Unable to start service Intent { act=com.google.android.gms.analytics.service.START (has extras) }: not found
D/BackupManagerService(  270): Now staging backup of android
I/ActivityManager(  270): No longer want com.google.android.apps.uploader (pid 4956): hidden #16
I/ActivityManager(  270): No longer want com.google.android.apps.plus (pid 1295): hidden #16
W/ThrottleService(  270): unable to find stats for iface rmnet0
W/ActivityManager(  270): Unable to start service Intent { act=com.google.android.gms.analytics.service.START (has extras) }: not found
W/ThrottleService(  270): unable to find stats for iface rmnet0
W/ThrottleService(  270): unable to find stats for iface rmnet0
W/ThrottleService(  270): unable to find stats for iface rmnet0
V/BackupManagerService(  270): Running a backup pass
V/BackupManagerService(  270): clearing pending backups
V/PerformBackupTask(  270): Beginning backup of 1 targets
D/PerformBackupTask(  270): invokeAgentForBackup on @pm@
I/PerformBackupTask(  270): no backup data written; not calling transport
D/PerformBackupTask(  270): starting agent for backup of BackupRequest{pkg=android}
D/BackupManagerService(  270): awaiting agent for ApplicationInfo{41462940 android}
D/BackupManagerService(  270): agentConnected pkg=android agent=android.app.backup.BackupAgent$BackupServiceBinder@4173e5a0
I/BackupManagerService(  270): got agent android.app.backup.BackupAgent$BackupServiceBinder@4173e5a0
D/PerformBackupTask(  270): invokeAgentForBackup on android
I/PerformBackupTask(  270): Backup pass finished.
W/ThrottleService(  270): unable to find stats for iface rmnet0
W/ThrottleService(  270): unable to find stats for iface rmnet0
W/ThrottleService(  270): unable to find stats for iface rmnet0
D/BackupManagerService(  270): Now staging backup of android
I/ActivityManager(  270): Force stopping package com.google.android.gms uid=10009
I/ActivityManager(  270): Killing proc 533:com.google.process.gapps/u0a9: force stop
I/ActivityManager(  270): Killing proc 3854:com.google.android.gsf.login/u0a9: force stop
I/ActivityManager(  270): Killing proc 4970:com.google.android.gcm/u0a9: force stop
I/ActivityManager(  270): Killing proc 5076:com.google.android.gms/u0a9: force stop
I/ActivityManager(  270): Start proc com.google.android.gallery3d for broadcast com.google.android.gallery3d/com.android.gallery3d.app.PackagesMonitor: pid=5302 uid=10038 gids={1006, 3003, 1015, 1028}
I/ActivityManager(  270): Start proc android.process.media for content provider com.android.providers.media/.MediaProvider: pid=5319 uid=10020 gids={1015, 1023, 1024, 1028, 2001, 3003, 3007}
I/ActivityManager(  270): Start proc com.google.android.apps.plus for broadcast com.google.android.apps.plus/.service.PackagesMediaMonitor: pid=5331 uid=10046 gids={3003, 3002, 1015, 1006, 1028}
D/DownloadManager( 5319): deleting spurious file /data/data/com.android.providers.downloads/cache/downloadfile.apk
W/ThrottleService(  270): unable to find stats for iface rmnet0
V/BackupManagerService(  270): Running a backup pass
V/BackupManagerService(  270): clearing pending backups
V/PerformBackupTask(  270): Beginning backup of 1 targets
D/PerformBackupTask(  270): invokeAgentForBackup on @pm@
I/PerformBackupTask(  270): no backup data written; not calling transport
D/PerformBackupTask(  270): starting agent for backup of BackupRequest{pkg=android}
D/BackupManagerService(  270): awaiting agent for ApplicationInfo{41462940 android}
D/BackupManagerService(  270): agentConnected pkg=android agent=android.app.backup.BackupAgent$BackupServiceBinder@41918b78
I/BackupManagerService(  270): got agent android.app.backup.BackupAgent$BackupServiceBinder@41918b78
D/PerformBackupTask(  270): invokeAgentForBackup on android
I/PerformBackupTask(  270): Backup pass finished.
W/ThrottleService(  270): unable to find stats for iface rmnet0
I/ActivityManager(  270): Start proc com.google.process.gapps for broadcast com.google.android.gsf/.checkin.EventLogService$Receiver: pid=5367 uid=10009 gids={3003, 1015, 1028, 1007, 2001, 3006}
I/ActivityManager(  270): No longer want com.android.chrome (pid 4984): hidden #16
W/ThrottleService(  270): unable to find stats for iface rmnet0
W/ThrottleService(  270): unable to find stats for iface rmnet0
W/ThrottleService(  270): unable to find stats for iface rmnet0
V/BackupManagerService(  270): Running a backup pass
V/BackupManagerService(  270): Backup requested but nothing pending
W/ThrottleService(  270): unable to find stats for iface rmnet0
W/ThrottleService(  270): unable to find stats for iface rmnet0
W/ThrottleService(  270): unable to find stats for iface rmnet0
W/ThrottleService(  270): unable to find stats for iface rmnet0
V/BackupManagerService(  270): Running a backup pass
V/BackupManagerService(  270): Backup requested but nothing pending
W/ThrottleService(  270): unable to find stats for iface rmnet0
W/ThrottleService(  270): unable to find stats for iface rmnet0
W/ThrottleService(  270): unable to find stats for iface rmnet0
W/ProcessStats(  270): Skipping unknown process pid 5421
W/ThrottleService(  270): unable to find stats for iface rmnet0
V/BackupManagerService(  270): Running a backup pass
V/BackupManagerService(  270): Backup requested but nothing pending
W/ThrottleService(  270): unable to find stats for iface rmnet0
W/ThrottleService(  270): unable to find stats for iface rmnet0
W/ThrottleService(  270): unable to find stats for iface rmnet0
W/ThrottleService(  270): unable to find stats for iface rmnet0
V/BackupManagerService(  270): Running a backup pass
V/BackupManagerService(  270): Backup requested but nothing pending
W/ThrottleService(  270): unable to find stats for iface rmnet0
W/ThrottleService(  270): unable to find stats for iface rmnet0
W/ThrottleService(  270): unable to find stats for iface rmnet0
W/ThrottleService(  270): unable to find stats for iface rmnet0
V/BackupManagerService(  270): Running a backup pass
V/BackupManagerService(  270): Backup requested but nothing pending
W/ThrottleService(  270): unable to find stats for iface rmnet0
W/ThrottleService(  270): unable to find stats for iface rmnet0
W/ThrottleService(  270): unable to find stats for iface rmnet0
W/ProcessStats(  270): Skipping unknown process pid 5458
W/ThrottleService(  270): unable to find stats for iface rmnet0
V/BackupManagerService(  270): Running a backup pass
V/BackupManagerService(  270): Backup requested but nothing pending
W/ThrottleService(  270): unable to find stats for iface rmnet0
W/ThrottleService(  270): unable to find stats for iface rmnet0
W/ThrottleService(  270): unable to find stats for iface rmnet0
W/ThrottleService(  270): unable to find stats for iface rmnet0
V/BackupManagerService(  270): Running a backup pass
V/BackupManagerService(  270): Backup requested but nothing pending
W/ThrottleService(  270): unable to find stats for iface rmnet0
W/ThrottleService(  270): unable to find stats for iface rmnet0
W/ThrottleService(  270): unable to find stats for iface rmnet0
W/ThrottleService(  270): unable to find stats for iface rmnet0
V/BackupManagerService(  270): Running a backup pass
V/BackupManagerService(  270): Backup requested but nothing pending
W/ThrottleService(  270): unable to find stats for iface rmnet0
W/ThrottleService(  270): unable to find stats for iface rmnet0
W/ThrottleService(  270): unable to find stats for iface rmnet0
W/ThrottleService(  270): unable to find stats for iface rmnet0
V/BackupManagerService(  270): Running a backup pass
V/BackupManagerService(  270): Backup requested but nothing pending
W/ThrottleService(  270): unable to find stats for iface rmnet0
I/ActivityManager(  270): Start proc com.google.android.gms for broadcast com.google.android.gms/.recovery.AccountRecoveryService$Receiver: pid=5499 uid=10009 gids={3003, 1015, 1028, 1007, 2001, 3006}
I/ActivityManager(  270): Start proc com.google.android.gsf.login for service com.google.android.gms/.recovery.AccountRecoveryService: pid=5511 uid=10009 gids={3003, 1015, 1028, 1007, 2001, 3006}
I/ActivityManager(  270): No longer want com.google.android.youtube (pid 4999): hidden #16
I/ActivityManager(  270): No longer want com.archos.mediacenter.music (pid 5038): hidden #16
W/ThrottleService(  270): unable to find stats for iface rmnet0
W/ThrottleService(  270): unable to find stats for iface rmnet0
I/ActivityManager(  270): Start proc com.google.android.inputmethod.latin.dictionarypack for broadcast com.google.android.inputmethod.latin.dictionarypack/.EventHandler: pid=5533 uid=10032 gids={3003, 1015, 1028}
I/ActivityManager(  270): No longer want com.archos.mediacenter.music:scanner (pid 5052): hidden #16
W/ThrottleService(  270): unable to find stats for iface rmnet0
V/BackupManagerService(  270): Running a backup pass
V/BackupManagerService(  270): Backup requested but nothing pending
W/ThrottleService(  270): unable to find stats for iface rmnet0
W/ThrottleService(  270): unable to find stats for iface rmnet0
W/ThrottleService(  270): unable to find stats for iface rmnet0
W/ThrottleService(  270): unable to find stats for iface rmnet0
V/BackupManagerService(  270): Running a backup pass
V/BackupManagerService(  270): Backup requested but nothing pending
W/ThrottleService(  270): unable to find stats for iface rmnet0
W/ThrottleService(  270): unable to find stats for iface rmnet0
W/ThrottleService(  270): unable to find stats for iface rmnet0
W/ThrottleService(  270): unable to find stats for iface rmnet0
V/BackupManagerService(  270): Running a backup pass
V/BackupManagerService(  270): Backup requested but nothing pending
W/ThrottleService(  270): unable to find stats for iface rmnet0
W/ThrottleService(  270): unable to find stats for iface rmnet0
W/ThrottleService(  270): unable to find stats for iface rmnet0
W/ThrottleService(  270): unable to find stats for iface rmnet0
V/BackupManagerService(  270): Running a backup pass
V/BackupManagerService(  270): Backup requested but nothing pending
W/ThrottleService(  270): unable to find stats for iface rmnet0
W/ThrottleService(  270): unable to find stats for iface rmnet0
W/ThrottleService(  270): unable to find stats for iface rmnet0
W/ThrottleService(  270): unable to find stats for iface rmnet0
V/BackupManagerService(  270): Running a backup pass
V/BackupManagerService(  270): Backup requested but nothing pending
W/ThrottleService(  270): unable to find stats for iface rmnet0
W/ThrottleService(  270): unable to find stats for iface rmnet0
W/ThrottleService(  270): unable to find stats for iface rmnet0
W/ThrottleService(  270): unable to find stats for iface rmnet0
V/BackupManagerService(  270): Running a backup pass
V/BackupManagerService(  270): Backup requested but nothing pending
W/ThrottleService(  270): unable to find stats for iface rmnet0
W/ProcessStats(  270): Skipping unknown process pid 5612
W/ThrottleService(  270): unable to find stats for iface rmnet0
W/ThrottleService(  270): unable to find stats for iface rmnet0
W/ThrottleService(  270): unable to find stats for iface rmnet0
V/BackupManagerService(  270): Running a backup pass
V/BackupManagerService(  270): Backup requested but nothing pending
W/ThrottleService(  270): unable to find stats for iface rmnet0
W/ThrottleService(  270): unable to find stats for iface rmnet0
W/ThrottleService(  270): unable to find stats for iface rmnet0
W/ThrottleService(  270): unable to find stats for iface rmnet0
V/BackupManagerService(  270): Running a backup pass
V/BackupManagerService(  270): Backup requested but nothing pending
W/ThrottleService(  270): unable to find stats for iface rmnet0
W/ThrottleService(  270): unable to find stats for iface rmnet0
W/ThrottleService(  270): unable to find stats for iface rmnet0
W/ThrottleService(  270): unable to find stats for iface rmnet0
V/BackupManagerService(  270): Running a backup pass
V/BackupManagerService(  270): Backup requested but nothing pending
W/ThrottleService(  270): unable to find stats for iface rmnet0
W/ThrottleService(  270): unable to find stats for iface rmnet0
W/ThrottleService(  270): unable to find stats for iface rmnet0
W/ThrottleService(  270): unable to find stats for iface rmnet0
V/BackupManagerService(  270): Running a backup pass
V/BackupManagerService(  270): Backup requested but nothing pending
W/ThrottleService(  270): unable to find stats for iface rmnet0
W/ThrottleService(  270): unable to find stats for iface rmnet0
W/ThrottleService(  270): unable to find stats for iface rmnet0
W/ThrottleService(  270): unable to find stats for iface rmnet0
V/BackupManagerService(  270): Running a backup pass
V/BackupManagerService(  270): Backup requested but nothing pending
W/ThrottleService(  270): unable to find stats for iface rmnet0
W/SocketClient(   90): write error (Broken pipe)
W/SocketClient(   90): write error (Broken pipe)
W/ThrottleService(  270): unable to find stats for iface rmnet0
W/SocketClient(   90): write error (Broken pipe)
I/WindowManager(  270): No lock screen!
I/ActivityManager(  270): Config changed: {1.0 0mcc0mnc es_ES sw720dp w600dp h976dp lrg port finger -keyb/v/h -nav/h s.18}
I/ActivityManager(  270): Config changed: {1.0 0mcc0mnc es_ES sw720dp w1024dp h552dp lrg land finger -keyb/v/h -nav/h s.19}
I/ActivityManager(  270): Start proc com.archos.daos for broadcast com.archos.daos/.DaosRunReceiver: pid=5734 uid=1000 gids={3003, 1015, 1006, 1028, 3002, 3001, 3007}
I/ActivityManager(  270): No longer want com.android.sharedstoragebackup (pid 5166): hidden #16
D/ConnectivityService(  270): ConnectivityChange for WIFI: CONNECTED/CONNECTED
D/ConnectivityService(  270): ConnectivityChange for WIFI: CONNECTED/CONNECTED
D/ConnectivityService(  270): handleConnectivityChange: address are the same reset per doReset linkProperty[1]: resetMask=0
I/ActivityManager(  270): Start proc com.google.android.apps.uploader for broadcast com.google.android.apps.uploader/com.google.android.picasasync.ConnectivityReceiver: pid=5786 uid=10026 gids={3003, 1015, 1028}
I/ActivityManager(  270): Start proc com.google.android.gcm for broadcast com.google.android.gms/.gcm.ServiceAutoStarter: pid=5801 uid=10009 gids={3003, 1015, 1028, 1007, 2001, 3006}
I/ActivityManager(  270): Start proc com.android.chrome for broadcast com.android.chrome/com.google.android.apps.chrome.preferences.ConnectionChangeReceiver: pid=5820 uid=10045 gids={3003, 1015, 1028}
I/ActivityManager(  270): Start proc com.google.android.youtube for broadcast com.google.android.youtube/.app.prefetch.PrefetchService$DeviceStateReceiver: pid=5839 uid=10054 gids={3003, 1015, 1006, 1028}
D/BackupManagerService(  270): Now staging backup of android
I/ActivityManager(  270): Start proc com.archos.mediacenter.music for broadcast com.archos.mediacenter.music/com.archos.mediaprovider.music.NetworkStateReceiver: pid=5882 uid=10006 gids={3003, 1015, 1023, 1028}
I/ActivityManager(  270): Start proc com.archos.mediacenter.music:scanner for service com.archos.mediacenter.music/com.archos.mediaprovider.MediaThumbnailService: pid=5896 uid=10006 gids={3003, 1015, 1023, 1028}
I/ActivityManager(  270): Start proc com.google.android.talk for broadcast com.google.android.talk/.McsConnectionStartedReceiver: pid=5919 uid=10039 gids={3003, 1015, 1006, 3002, 1028}
I/ActivityManager(  270): No longer want com.android.browser (pid 5107): hidden #16
I/ActivityManager(  270): No longer want com.google.android.partnersetup (pid 5248): hidden #16
D/ConnectivityService(  270): handleInetConditionHoldEnd: net=1, condition=100, published condition=0
I/ActivityManager(  270): No longer want com.google.android.inputmethod.latin.dictionarypack (pid 5533): hidden #16
I/ActivityManager(  270): No longer want com.google.android.googlequicksearchbox (pid 5233): hidden #16
I/ActivityManager(  270): Start proc com.android.browser for content provider com.android.browser/.provider.BrowserProvider2: pid=5969 uid=10018 gids={3003, 1015, 1028}
I/ActivityManager(  270): No longer want com.archos.daos (pid 5734): hidden #16
I/ActivityManager(  270): Start proc com.google.android.music:main for service com.google.android.music/.sync.SyncAdapterService: pid=5996 uid=10004 gids={3003, 1015, 1028}
I/ActivityManager(  270): Start proc com.google.android.videos for service com.google.android.videos/com.google.android.youtube.videos.store.SyncService: pid=6032 uid=10029 gids={3003, 1028, 1015, 3002}
I/ActivityManager(  270): No longer want android.process.media (pid 5319): hidden #16
I/ActivityManager(  270): Start proc android.process.media for content provider com.android.providers.media/.MediaProvider: pid=6065 uid=10020 gids={1015, 1023, 1024, 1028, 2001, 3003, 3007}
I/ActivityManager(  270): No longer want com.google.android.apps.plus (pid 5331): hidden #16
I/ActivityManager(  270): No longer want com.google.android.gcm (pid 5801): hidden #16
I/ActivityManager(  270): No longer want com.google.android.youtube (pid 5839): hidden #16
I/ActivityManager(  270): Start proc com.google.android.apps.plus for broadcast com.google.android.apps.plus/.service.PackagesMediaMonitor: pid=6114 uid=10046 gids={3003, 3002, 1015, 1006, 1028}
I/ActivityManager(  270): Start proc com.google.android.googlequicksearchbox for broadcast com.google.android.googlequicksearchbox/com.google.android.searchcommon.summons.SourceUpdateReceiver: pid=6133 uid=10021 gids={3003, 1028, 1007, 3002, 1015, 1006}
I/ActivityManager(  270): Start proc com.google.android.partnersetup for content provider com.google.android.partnersetup/.RlzAppProvider: pid=6151 uid=10017 gids={3003, 1028}
W/ActivityManager(  270): Unable to start service Intent { act=com.google.android.gms.analytics.service.START (has extras) }: not found
I/ActivityManager(  270): No longer want com.archos.mediacenter.music:scanner (pid 5896): hidden #16
I/ActivityManager(  270): No longer want com.archos.mediacenter.music (pid 5882): hidden #17
W/ActivityManager(  270): Scheduling restart of crashed service com.archos.mediacenter.music/com.archos.mediaprovider.MediaRetrieverService in 5000ms
W/ActivityManager(  270): Scheduling restart of crashed service com.archos.mediacenter.music/com.archos.mediaprovider.MediaThumbnailService in 15000ms
I/ActivityManager(  270): No longer want com.google.android.gms (pid 5499): hidden #16
W/ActivityManager(  270): Unable to start service Intent { act=com.google.android.gms.analytics.service.START (has extras) }: not found
I/ActivityManager(  270): START {act=android.settings.SETTINGS flg=0x10000000 cmp=com.android.settings/.Settings u=0} from pid 411
I/ActivityManager(  270): Start proc com.android.settings for activity com.android.settings/.Settings: pid=6185 uid=1000 gids={3003, 1015, 1006, 1028, 3002, 3001, 3007}
I/ActivityManager(  270): Start proc com.android.defcontainer for service com.android.defcontainer/.DefaultContainerService: pid=6198 uid=10035 gids={1015, 2001, 1028}
D/VoldCmdListener(   89): asec fspath com.sega.soniccd-1
I/ActivityManager(  270): No longer want com.google.android.talk (pid 5919): hidden #16
D/WifiService(  270): setWifiEnabled: true pid=6185, uid=1000
I/ActivityManager(  270): No longer want com.google.android.apps.uploader (pid 5786): hidden #16
I/ActivityManager(  270): No longer want com.android.browser (pid 5969): hidden #16
I/ActivityManager(  270): START {act=android.search.action.GLOBAL_SEARCH flg=0x10000000 cmp=com.google.android.googlequicksearchbox/.SearchActivity bnds=[0,0][1024,56] (has extras) u=0} from pid 613
I/ActivityManager(  270): START {flg=0x10008000 cmp=com.google.android.googlequicksearchbox/com.google.android.velvet.tg.FirstRunActivity u=0} from pid 6133
I/ActivityManager(  270): START {act=android.settings.SETTINGS flg=0x10504000 cmp=com.android.settings/.Settings u=0} from pid 411
D/WifiService(  270): setWifiEnabled: true pid=6185, uid=1000
D/VoldCmdListener(   89): asec fspath com.sega.soniccd-1
I/ActivityManager(  270): START {act=android.intent.action.MAIN cat=[android.intent.category.LAUNCHER] flg=0x10200000 pkg=com.sega.soniccd cmp=com.sega.soniccd/.DownloaderActivity bnds=[640,31][720,111] u=0} from pid 613
I/ActivityManager(  270): Start proc com.sega.soniccd for activity com.sega.soniccd/.DownloaderActivity: pid=6363 uid=10066 gids={1015, 3003, 1028}
I/ActivityManager(  270): No longer want com.android.settings (pid 6185): hidden #16
I/ActivityManager(  270): START {act=android.intent.action.MAIN cat=[android.intent.category.LAUNCHER] flg=0x10200000 pkg=com.sega.soniccd cmp=com.sega.soniccd/.DownloaderActivity bnds=[640,31][720,111] u=0} from pid 613
I/ActivityManager(  270): START {cmp=com.sega.soniccd/.SonicCDActivity u=0} from pid 6363
W/ActivityManager(  270): Unable to start service Intent { act=com.bda.controller.IControllerService }: not found
W/ActivityManager(  270): Unable to start service Intent { act=com.bda.controller.IControllerService }: not found
--------- beginning of /dev/log/main
D/GamePadConfigManager(  493): loadConfig default profile (com.sega.soniccd.txt)
D/GamePadConfigManager(  493): File (com.sega.soniccd.txt) not in database
D/dalvikvm( 6363): GC_CONCURRENT freed 606K, 12% free 6714K/7623K, paused 15ms+12ms, total 43ms
D/webcore ( 6363): >>>>>>>>>>>>>>>>>>>>>>>>>>>viewSizeChanged
D/Applifier( 6363): Finished url: http://cdn.applifier.com/mobile.html
D/Applifier( 6363): Loading url: javascript:applifier.init({"apiVersion":4,"platform":"android","deviceForm":"tablet","appId":"kfjehgfiholglhnhlpgggggi","manufacturer":"Archos","deviceType":"ARCHOS GAMEPAD","deviceSdkVersion":"16","deviceId":"aSNO_9QYQ4OL0U5"});
D/webcore ( 6363): >>>>>>>>>>>>>>>>>>>>>>>>>>>viewSizeChanged
D/Applifier( 6363): Finished url: http://cdn.applifier.com/mobile.html#none
I/Web Console( 6363): ready at http://cdn.applifier.com/applifier.min.js:48
I/Web Console( 6363): Mobile API initialized at http://cdn.applifier.com/applifier.min.js:48
D/webcore ( 6363): >>>>>>>>>>>>>>>>>>>>>>>>>>>viewSizeChanged
D/Applifier( 6363): Applifier command received: applifier://scalingFactor/?%7B%22ratio%22%3A1%7D
D/Applifier( 6363): Loading url: javascript:applifier.callNativeComplete();
D/webcore ( 6363): >>>>>>>>>>>>>>>>>>>>>>>>>>>viewSizeChanged
E/Lights  (  270): write_int failed to open sys/class/leds/rk29_key_led/brightness
D/dzy     (  270): userActivity
E/Lights  (  270): write_int failed to open sys/class/leds/rk29_key_led/brightness
D/TilesManager( 6363): new EGLContext from framework: 61f25518 
D/GLWebViewState( 6363): Reinit shader
D/GLWebViewState( 6363): Reinit transferQueue
D/dzy     (  270): userActivity
D/dzy     (  270): update lcd_delay_timeout=10
D/BackupManagerService(  270): Now staging backup of com.android.providers.settings
D/dzy     (  270): update lcd_delay_timeout=10
D/dzy     (  270): update lcd_delay_timeout=10
D/dzy     (  270): update lcd_delay_timeout=10
D/dzy     (  270): userActivity
D/dzy     (  270): userActivity
D/dzy     (  270): userActivity
D/dzy     (  270): userActivity
D/dzy     (  270): userActivity
D/dzy     (  270): userActivity
I/SGAGENT ( 6363): Current mem Size62
D/dzy     (  270): userActivity
D/dzy     (  270): userActivity
I/Web Console( 6363): poll check on appcache at http://cdn.applifier.com/mobile.html:7
I/Web Console( 6363): online: yes, event: checking, status: checking at http://cdn.applifier.com/mobile.html:8
I/Web Console( 6363): online: yes, event: noupdate, status: idle at http://cdn.applifier.com/mobile.html:8
D/dzy     (  270): userActivity
D/dzy     (  270): userActivity
D/dzy     (  270): userActivity
D/dzy     (  270): userActivity
D/dzy     (  270): userActivity
D/dalvikvm(  270): GC_FOR_ALLOC freed 800K, 15% free 12521K/14663K, paused 88ms, total 88ms
D/dzy     (  270): userActivity
D/dzy     (  270): userActivity
D/dzy     (  270): userActivity
D/dzy     (  270): userActivity
D/dzy     (  270): userActivity
D/dzy     (  270): userActivity
D/dzy     (  270): userActivity
D/dzy     (  270): userActivity
D/dzy     (  270): userActivity
D/dzy     (  270): userActivity
D/dzy     (  270): userActivity
I/ActivityManager(  270): START {cmp=com.sega.soniccd/.VideoActivity (has extras) u=0} from pid 6363
D/dpt     (  270): setPerformanceMode: 0 ;value: 0
D/dpt     (  270): setPerformanceMode: 0 ;value: 0
I/AwesomePlayer(   96): AwesomePlayer::AwesomePlayer()in
I/AwesomePlayer(   96): AwesomePlayer::AwesomePlayer()aftermClient.connect()
W/MediaPlayer( 6363): info/warning (701, 0)
I/ActivityManager(  270): Displayed com.sega.soniccd/.VideoActivity: +182ms
I/        (   96): init done status 0
I/MediaPlayer( 6363): Info (701,0)
D/MediaPlayer( 6363): getMetadata
I/        (   96): Width 640 Height 480
I/        (   96): videoRange 0, matrixCoefficients 6
I/SoftwareRenderer(   96): SoftwareRenderer construct, width: 640, heigth: 480, mNativeWindow: 0x416f9678
I/sf_version(   96): rk30 board found in board property
W/MediaPlayer( 6363): info/warning (702, 0)
I/MediaPlayer( 6363): Info (702,0)
I/SGAGENT ( 6363): ending session
E/Lights  (  270): write_int failed to open sys/class/leds/rk29_key_led/brightness
I/SGAGENT ( 6363): HttpStatusCode200
D/dzy     (  270): userActivity
E/Lights  (  270): write_int failed to open sys/class/leds/rk29_key_led/brightness
D/dzy     (  270): update lcd_delay_timeout=10
D/dzy     (  270): update lcd_delay_timeout=10
D/dzy     (  270): userActivity
D/dzy     (  270): userActivity
D/dzy     (  270): update lcd_delay_timeout=10
D/dzy     (  270): update lcd_delay_timeout=10
D/dalvikvm(  270): GC_FOR_ALLOC freed 783K, 15% free 12499K/14663K, paused 56ms, total 56ms
D/dalvikvm(  493): GC_CONCURRENT freed 398K, 20% free 6413K/7943K, paused 6ms+2ms, total 43ms
E/Lights  (  270): write_int failed to open sys/class/leds/rk29_key_led/brightness
W/SubscribedFeeds( 5367): received tickle for non-existent feed: chromiumsync_12
D/dalvikvm( 5367): GC_CONCURRENT freed 326K, 9% free 7052K/7687K, paused 16ms+4ms, total 49ms
W/ThrottleService(  270): unable to find stats for iface rmnet0
D/dzy     (  270): userActivity
E/Lights  (  270): write_int failed to open sys/class/leds/rk29_key_led/brightness
W/TimedEventQueue(   96): Event 7070 was not found in the queue, already cancelled?
I/        (   96): deinit DONE
D/FrameQueueManage(   96): FrameQueueManage::Displayframe stoped
I/FrameQueueManage(   96): FrameQueueManage::~FrameQueueManage end!
W/AudioFlinger(   96): session id 532 not found for pid 6363
D/dpt     (  270): setPerformanceMode: 0 ;value: 0
D/SGAGENT ( 6363): intializing  session 
D/SGAGENT ( 6363): intializing  session first time 
I/SGAGENT ( 6363): starting new session
D/dzy     (  270): userActivity
D/dzy     (  270): userActivity
D/dalvikvm( 6363): GC_CONCURRENT freed 384K, 12% free 6714K/7623K, paused 4ms+7ms, total 57ms
D/webviewglue( 6363): nativeDestroy view: 0x63246000
D/dzy     (  270): userActivity
D/dzy     (  270): userActivity
D/dzy     (  270): userActivity
D/dzy     (  270): userActivity
D/dzy     (  270): userActivity
D/dzy     (  270): userActivity
D/dzy     (  270): userActivity
D/dzy     (  270): userActivity
D/dzy     (  270): userActivity
D/dzy     (  270): update lcd_delay_timeout=10
D/dzy     (  270): update lcd_delay_timeout=10
D/dzy     (  270): update lcd_delay_timeout=10
D/dzy     (  270): update lcd_delay_timeout=10
D/dzy     (  270): userActivity
D/dzy     (  270): userActivity
D/dalvikvm(  270): GC_FOR_ALLOC freed 858K, 15% free 12491K/14663K, paused 79ms, total 79ms
D/dzy     (  270): userActivity
D/dzy     (  270): userActivity
D/dzy     (  270): userActivity
D/dzy     (  270): userActivity
D/dzy     (  270): update lcd_delay_timeout=10
D/dzy     (  270): update lcd_delay_timeout=10
D/dzy     (  270): userActivity
D/dzy     (  270): update lcd_delay_timeout=10
D/dzy     (  270): update lcd_delay_timeout=10
D/dzy     (  270): userActivity
D/GamePadConfigManager(  493): loadConfig user profile (com.sega.soniccd.txt)
D/GamePadConfigManager(  493): No user configuration file (com.sega.soniccd.txt) found
D/GamePadConfigManager(  493): loadConfig default profile (com.sega.soniccd.txt)
D/GamePadConfigManager(  493): File (com.sega.soniccd.txt) not in database
D/dzy     (  270): userActivity
D/dzy     (  270): userActivity
D/dzy     (  270): userActivity
D/dzy     (  270): userActivity
D/dzy     (  270): userActivity
D/dzy     (  270): userActivity
D/dzy     (  270): userActivity
D/GamePadConfigManager(  493): loadConfig user profile (com.sega.soniccd.txt)
D/GamePadConfigManager(  493): No user configuration file (com.sega.soniccd.txt) found
D/GamePadConfigManager(  493): loadConfig default profile (com.sega.soniccd.txt)
D/GamePadConfigManager(  493): File (com.sega.soniccd.txt) not in database
D/GamePadConfigManager(  493): loadConfig user profile (com.sega.soniccd.txt)
D/GamePadConfigManager(  493): No user configuration file (com.sega.soniccd.txt) found
D/GamePadConfigManager(  493): loadConfig default profile (com.sega.soniccd.txt)
D/GamePadConfigManager(  493): File (com.sega.soniccd.txt) not in database
D/GamePadConfigManager(  493): loadConfig user profile (com.sega.soniccd.txt)
D/GamePadConfigManager(  493): No user configuration file (com.sega.soniccd.txt) found
D/GamePadConfigManager(  493): loadConfig default profile (com.sega.soniccd.txt)
D/GamePadConfigManager(  493): File (com.sega.soniccd.txt) not in database
D/dzy     (  270): userActivity
D/dzy     (  270): userActivity
D/dzy     (  270): userActivity
D/dzy     (  270): userActivity
D/dzy     (  270): userActivity
D/dzy     (  270): userActivity
D/dalvikvm(  270): GC_FOR_ALLOC freed 724K, 15% free 12474K/14663K, paused 80ms, total 80ms
D/dzy     (  270): userActivity
D/dzy     (  270): userActivity
D/dzy     (  270): userActivity
D/dzy     (  270): userActivity
D/dzy     (  270): userActivity
D/dzy     (  270): userActivity
D/dzy     (  270): userActivity
D/dzy     (  270): userActivity
D/dzy     (  270): userActivity
D/dzy     (  270): userActivity
D/dzy     (  270): userActivity
D/GamePadConfigManager(  493): loadConfig user profile (com.sega.soniccd.txt)
D/GamePadConfigManager(  493): No user configuration file (com.sega.soniccd.txt) found
D/GamePadConfigManager(  493): loadConfig default profile (com.sega.soniccd.txt)
D/GamePadConfigManager(  493): File (com.sega.soniccd.txt) not in database
D/GamePadConfigManager(  493): loadConfig user profile (com.sega.soniccd.txt)
D/GamePadConfigManager(  493): No user configuration file (com.sega.soniccd.txt) found
D/GamePadConfigManager(  493): loadConfig default profile (com.sega.soniccd.txt)
D/GamePadConfigManager(  493): File (com.sega.soniccd.txt) not in database
D/GamePadConfigManager(  493): loadConfig user profile (com.sega.soniccd.txt)
D/GamePadConfigManager(  493): No user configuration file (com.sega.soniccd.txt) found
D/GamePadConfigManager(  493): loadConfig default profile (com.sega.soniccd.txt)
D/GamePadConfigManager(  493): File (com.sega.soniccd.txt) not in database
D/dzy     (  270): userActivity
D/dzy     (  270): userActivity
D/dzy     (  270): userActivity
D/GamePadConfigManager(  493): loadConfig user profile (com.sega.soniccd.txt)
D/GamePadConfigManager(  493): No user configuration file (com.sega.soniccd.txt) found
D/GamePadConfigManager(  493): loadConfig default profile (com.sega.soniccd.txt)
D/GamePadConfigManager(  493): File (com.sega.soniccd.txt) not in database
D/GamePadConfigManager(  493): loadConfig user profile (com.sega.soniccd.txt)
D/GamePadConfigManager(  493): No user configuration file (com.sega.soniccd.txt) found
D/GamePadConfigManager(  493): loadConfig default profile (com.sega.soniccd.txt)
D/GamePadConfigManager(  493): File (com.sega.soniccd.txt) not in database
D/GamePadConfigManager(  493): loadConfig user profile (com.sega.soniccd.txt)
D/GamePadConfigManager(  493): No user configuration file (com.sega.soniccd.txt) found
D/GamePadConfigManager(  493): loadConfig default profile (com.sega.soniccd.txt)
D/GamePadConfigManager(  493): File (com.sega.soniccd.txt) not in database
D/GamePadConfigManager(  493): loadConfig user profile (com.sega.soniccd.txt)
D/GamePadConfigManager(  493): No user configuration file (com.sega.soniccd.txt) found
D/GamePadConfigManager(  493): loadConfig default profile (com.sega.soniccd.txt)
D/GamePadConfigManager(  493): File (com.sega.soniccd.txt) not in database
D/dzy     (  270): userActivity
D/dzy     (  270): userActivity
D/dzy     (  270): userActivity
D/dzy     (  270): userActivity
D/dzy     (  270): userActivity
D/dzy     (  270): userActivity
