W/WindowManager(  270): 	at com.android.server.wm.WindowState$DeathRecipient.binderDied(WindowState.java:870)
W/WindowManager(  270): 	at android.os.BinderProxy.sendDeathNotice(Binder.java:449)
W/WindowManager(  270): 	at dalvik.system.NativeStart.run(Native Method)
I/WindowState(  270): WIN DEATH: null
W/WindowManager(  270): Failed looking up window
W/WindowManager(  270): java.lang.IllegalArgumentException: Requested window android.os.BinderProxy@41475fa0 does not exist
W/WindowManager(  270): 	at com.android.server.wm.WindowManagerService.windowForClientLocked(WindowManagerService.java:7772)
W/WindowManager(  270): 	at com.android.server.wm.WindowManagerService.windowForClientLocked(WindowManagerService.java:7763)
W/WindowManager(  270): 	at com.android.server.wm.WindowState$DeathRecipient.binderDied(WindowState.java:870)
W/WindowManager(  270): 	at android.os.BinderProxy.sendDeathNotice(Binder.java:449)
W/WindowManager(  270): 	at dalvik.system.NativeStart.run(Native Method)
I/WindowState(  270): WIN DEATH: null
W/ActivityManager(  270): Activity destroy timeout for ActivityRecord{416b5718 org.bennugd.samplegame/.MyGame}
D/WifiService(  270): ---- mWifiWakeLock.acquire ----
I/TabletStatusBar(  411): DISABLE_CLOCK: yes
W/ThrottleService(  270): unable to find stats for iface rmnet0
D/WifiService(  270): ---- mWifiWakeLock.release ----
I/WindowManager(  270): Lock screen displayed!
I/ActivityManager(  270): Config changed: {1.0 0mcc0mnc es_ES sw720dp w1024dp h552dp lrg land finger -keyb/v/h -nav/h s.9}
W/WindowManager(  270): App freeze timeout expired.
W/WindowManager(  270): Force clearing freeze: AppWindowToken{414f41e0 token=Token{415cd010 ActivityRecord{41582b10 com.android.launcher/com.android.launcher2.Launcher}}}
I/TabletStatusBar(  411): DISABLE_CLOCK: no
I/ActivityManager(  270): START {act=android.intent.action.MAIN cat=[android.intent.category.HOME] flg=0x10200000 cmp=com.android.launcher/com.android.launcher2.Launcher u=0} from pid 270
I/ActivityManager(  270): START {act=android.intent.action.MAIN cat=[android.intent.category.LAUNCHER] flg=0x10200000 cmp=com.android.settings/.Settings u=0} from pid 613
D/WifiService(  270): setWifiEnabled: true pid=2028, uid=1000
W/InputMethodManagerService(  270): Window already focused, ignoring focus gain of: com.android.internal.view.IInputMethodClient$Stub$Proxy@415a02e0 attribute=null
I/ActivityManager(  270): START {act=android.settings.ADD_ACCOUNT_SETTINGS cmp=com.android.settings/.accounts.AddAccountSettings u=0} from pid 2028
I/ActivityManager(  270): START {cmp=com.android.settings/.accounts.ChooseAccountActivity u=0} from pid 2028
I/ActivityManager(  270): START {flg=0x80000 cmp=com.google.android.gsf.login/.AccountIntroActivity (has extras) u=0} from pid 2028
I/ActivityManager(  270): START {cmp=com.google.android.gsf.login/.AccountIntroUIActivity (has extras) u=0} from pid 617
I/ActivityManager(  270): START {cmp=com.google.android.gsf.login/.LoginActivity (has extras) u=0} from pid 617
I/ActivityManager(  270): START {cmp=com.google.android.gsf.login/.UsernamePasswordActivity (has extras) u=0} from pid 617
I/ActivityManager(  270): START {cmp=com.google.android.gsf.login/.LoginActivityTask (has extras) u=0} from pid 617
I/ActivityManager(  270): Start proc com.google.android.music:main for broadcast com.google.android.music/.AccountsBroadcastReceiver: pid=2608 uid=10004 gids={3003, 1015, 1028}
I/ActivityManager(  270): Start proc com.google.android.music:ui for service com.google.android.music/.tutorial.SignupStatus$SignupCheckService: pid=2632 uid=10004 gids={3003, 1015, 1028}
I/ActivityManager(  270): Start proc com.android.email for broadcast com.android.email/.service.EmailBroadcastReceiver: pid=2645 uid=10050 gids={3003, 1015, 1028}
I/ActivityManager(  270): Start proc com.android.exchange for service com.android.exchange/.ExchangeService: pid=2667 uid=10043 gids={3003, 1015, 1028}
E/ActivityThread( 2632): Failed to find provider info for com.android.athome.mediaroute.provider
I/ActivityManager(  270): Start proc com.google.android.talk for broadcast com.google.android.talk/.AccountChangedReceiver: pid=2709 uid=10039 gids={3003, 1015, 1006, 3002, 1028}
I/ActivityManager(  270): Start proc com.google.android.videos for broadcast com.google.android.videos/com.google.android.youtube.videos.AccountsChangedService$AccountsChangedReceiver: pid=2727 uid=10029 gids={3003, 1028, 1015, 3002}
I/ActivityManager(  270): Start proc com.google.android.apps.uploader for service com.google.android.apps.uploader/com.google.android.picasasync.PicasaSyncService: pid=2751 uid=10026 gids={3003, 1015, 1028}
I/ActivityManager(  270): Start proc com.google.android.calendar for service com.google.android.calendar/com.google.android.syncadapters.calendar.CalendarSyncAdapterService: pid=2766 uid=10031 gids={3003, 1028}
I/ActivityManager(  270): Start proc com.google.android.gm for service com.google.android.gm/.provider.MailSyncAdapterService: pid=2782 uid=10036 gids={3003, 1015, 1028}
D/ActivityThread( 2782): Loading provider com.android.gmail.ui: com.google.android.gm.provider.UiProvider
I/ActivityManager(  270): Start proc com.android.providers.calendar for content provider com.android.providers.calendar/.CalendarProvider2: pid=2820 uid=10037 gids={3003, 1015, 1028}
I/ActivityManager(  270): Start proc com.android.chrome for broadcast com.android.chrome/com.google.android.apps.chrome.sync.AccountsChangedReceiver: pid=2845 uid=10045 gids={3003, 1015, 1028}
I/ActivityManager(  270): Start proc com.google.android.youtube for broadcast com.google.android.youtube/.core.async.UserAuthorizer$AccountsChangedReceiver: pid=2862 uid=10054 gids={3003, 1015, 1006, 1028}
I/ActivityManager(  270): Start proc com.google.android.apps.books for service com.google.android.apps.books/.service.SyncService: pid=2881 uid=10028 gids={3003, 1015, 1028}
I/ActivityManager(  270): No longer want com.google.android.apps.maps:LocationFriendService (pid 1833): hidden #16
I/ActivityManager(  270): No longer want com.android.packageinstaller (pid 2011): hidden #16
I/ActivityManager(  270): No longer want com.android.musicfx (pid 1761): hidden #16
I/ActivityManager(  270): No longer want com.google.android.apps.maps (pid 1777): hidden #16
I/ActivityManager(  270): No longer want com.google.android.googlequicksearchbox (pid 822): hidden #16
I/WindowState(  270): WIN DEATH: Window{417971a8 com.google.android.googlequicksearchbox/com.google.android.velvet.tg.FirstRunActivity paused=false}
I/WindowManager(  270): WINDOW DIED Window{417971a8 com.google.android.googlequicksearchbox/com.google.android.velvet.tg.FirstRunActivity paused=false}
I/ActivityManager(  270): No longer want com.android.defcontainer (pid 1731): hidden #16
W/PowerUI (  411): unknown intent: Intent { act=android.intent.action.ACTION_POWER_CONNECTED flg=0x8000010 }
I/ActivityManager(  270): Start proc com.google.android.apps.maps for broadcast com.google.android.apps.maps/com.google.googlenav.android.MapServiceReceiver: pid=2964 uid=10033 gids={3003, 1015, 1028}
I/ActivityManager(  270): No longer want com.google.android.music:ui (pid 2632): hidden #16
D/StorageNotification(  411): ----------------------------USB MASS STORAGE CONNECT false
I/StorageNotification(  411): UMS connection changed to false (media state mounted)
W/ActivityManager(  270): Unable to start service Intent { act=com.google.android.gms.analytics.service.START (has extras) }: not found
I/ActivityManager(  270): Start proc com.google.android.googlequicksearchbox for broadcast com.google.android.googlequicksearchbox/com.google.android.searchcommon.summons.SourceUpdateReceiver: pid=2982 uid=10021 gids={3003, 1028, 1007, 3002, 1015, 1006}
W/ActivityManager(  270): Unable to start service Intent { act=com.google.android.gms.analytics.service.START (has extras) }: not found
I/ActivityManager(  270): No longer want com.android.email (pid 2645): hidden #16
I/ActivityManager(  270): START {cmp=com.google.android.gsf.login/.SyncIntroActivity (has extras) u=0} from pid 617
I/ActivityManager(  270): No longer want com.android.exchange (pid 2667): hidden #16
W/ActivityManager(  270): Unable to start service Intent { act=com.google.android.gms.analytics.service.START (has extras) }: not found
W/ActivityManager(  270): Unable to start service Intent { act=com.google.android.gms.analytics.service.START (has extras) }: not found
I/ActivityManager(  270): START {act=android.intent.action.MAIN cat=[android.intent.category.HOME] flg=0x10200000 cmp=com.android.launcher/com.android.launcher2.Launcher u=0} from pid 270
I/ActivityManager(  270): No longer want com.google.android.youtube (pid 2862): hidden #16
I/ActivityManager(  270): No longer want com.google.android.apps.maps (pid 2964): hidden #16
W/InputMethodManagerService(  270): Window already focused, ignoring focus gain of: com.android.internal.view.IInputMethodClient$Stub$Proxy@4140ae28 attribute=null
I/ActivityManager(  270): No longer want android.process.media (pid 1695): hidden #16
I/WindowState(  270): WIN DEATH: Window{416545d0 com.android.providers.downloads.ui/com.android.providers.downloads.ui.DownloadList paused=false}
W/ProcessStats(  270): Skipping unknown process pid 3112
D/WifiService(  270): ---- mWifiWakeLock.acquire ----
I/WindowManager(  270): No lock screen!
D/WifiService(  270): ---- mWifiWakeLock.release ----
D/StorageNotification(  411): ----------------------------USB MASS STORAGE CONNECT false
I/StorageNotification(  411): UMS connection changed to false (media state mounted)
I/ActivityManager(  270): Start proc android.process.media for broadcast com.android.providers.media/.UsbReceiver: pid=3136 uid=10020 gids={1015, 1023, 1024, 1028, 2001, 3003, 3007}
D/DownloadManager( 3136): deleting spurious file /data/data/com.android.providers.downloads/cache/downloadfile.apk
D/DownloadManager( 3136): deleting spurious file /data/data/com.android.providers.downloads/cache/downloadfile-1.apk
D/DownloadManager( 3136): deleting spurious file /data/data/com.android.providers.downloads/cache/downloadfile-2.apk
D/DownloadManager( 3136): deleting spurious file /data/data/com.android.providers.downloads/cache/downloadfile-3.apk
I/ActivityManager(  270): No longer want com.google.android.googlequicksearchbox (pid 2982): hidden #16
D/WifiService(  270): ---- mWifiWakeLock.acquire ----
W/InputMethodManagerService(  270): Window already focused, ignoring focus gain of: com.android.internal.view.IInputMethodClient$Stub$Proxy@4190cdd0 attribute=android.view.inputmethod.EditorInfo@416c8e58
W/PowerUI (  411): unknown intent: Intent { act=android.intent.action.ACTION_POWER_CONNECTED flg=0x8000010 }
I/WindowManager(  270): No lock screen!
I/ActivityManager(  270): Start proc com.google.android.youtube for broadcast com.google.android.youtube/.app.prefetch.PrefetchService$DeviceStateReceiver: pid=3187 uid=10054 gids={3003, 1015, 1006, 1028}
D/WifiService(  270): ---- mWifiWakeLock.release ----
I/ActivityManager(  270): Start proc com.google.android.apps.maps for broadcast com.google.android.apps.maps/com.google.googlenav.android.MapServiceReceiver: pid=3226 uid=10033 gids={3003, 1015, 1028}
I/ActivityManager(  270): No longer want com.google.android.partnersetup (pid 1799): hidden #16
I/ActivityManager(  270): No longer want com.google.android.talk (pid 2709): hidden #16
D/StorageNotification(  411): ----------------------------USB MASS STORAGE CONNECT false
I/StorageNotification(  411): UMS connection changed to false (media state mounted)
D/StorageNotification(  411): ----------------------------USB MASS STORAGE CONNECT false
I/StorageNotification(  411): UMS connection changed to false (media state mounted)
W/ProcessStats(  270): Skipping unknown process pid 3255
D/WifiService(  270): ---- mWifiWakeLock.acquire ----
W/InputMethodManagerService(  270): Window already focused, ignoring focus gain of: com.android.internal.view.IInputMethodClient$Stub$Proxy@4179f728 attribute=android.view.inputmethod.EditorInfo@418103a8
I/WindowManager(  270): No lock screen!
D/WifiService(  270): ---- mWifiWakeLock.release ----
I/ActivityManager(  270): START {act=android.intent.action.MAIN cat=[android.intent.category.LAUNCHER] flg=0x10200000 cmp=org.bennugd.samplegame/.MyGame u=0} from pid 613
I/ActivityManager(  270): Start proc org.bennugd.samplegame for activity org.bennugd.samplegame/.MyGame: pid=3270 uid=10072 gids={1028}
I/ActivityManager(  270): Config changed: {1.0 0mcc0mnc es_ES sw720dp w600dp h976dp lrg port finger -keyb/v/h -nav/h s.10}
V/TabletStatusBar(  411): setLightsOn(true)
E/AndroidRuntime( 3270): FATAL EXCEPTION: main
E/AndroidRuntime( 3270): java.lang.UnsatisfiedLinkError: Native method not found: org.libsdl.app.SDLActivity.onNativePadDown:(II)V
E/AndroidRuntime( 3270): 	at org.libsdl.app.SDLActivity.onNativePadDown(Native Method)
E/AndroidRuntime( 3270): 	at org.libsdl.app.SDLSurface.onKey(SDLActivity.java:741)
E/AndroidRuntime( 3270): 	at android.view.View.dispatchKeyEvent(View.java:7085)
E/AndroidRuntime( 3270): 	at android.view.ViewGroup.dispatchKeyEvent(ViewGroup.java:1358)
E/AndroidRuntime( 3270): 	at android.view.ViewGroup.dispatchKeyEvent(ViewGroup.java:1358)
E/AndroidRuntime( 3270): 	at android.view.ViewGroup.dispatchKeyEvent(ViewGroup.java:1358)
E/AndroidRuntime( 3270): 	at android.view.ViewGroup.dispatchKeyEvent(ViewGroup.java:1358)
E/AndroidRuntime( 3270): 	at com.android.internal.policy.impl.PhoneWindow$DecorView.superDispatchKeyEvent(PhoneWindow.java:1892)
E/AndroidRuntime( 3270): 	at com.android.internal.policy.impl.PhoneWindow.superDispatchKeyEvent(PhoneWindow.java:1369)
E/AndroidRuntime( 3270): 	at android.app.Activity.dispatchKeyEvent(Activity.java:2356)
E/AndroidRuntime( 3270): 	at com.android.internal.policy.impl.PhoneWindow$DecorView.dispatchKeyEvent(PhoneWindow.java:1819)
E/AndroidRuntime( 3270): 	at android.view.ViewRootImpl.deliverKeyEventPostIme(ViewRootImpl.java:3583)
E/AndroidRuntime( 3270): 	at android.view.ViewRootImpl.handleImeFinishedEvent(ViewRootImpl.java:3553)
E/AndroidRuntime( 3270): 	at android.view.ViewRootImpl$ViewRootHandler.handleMessage(ViewRootImpl.java:2803)
E/AndroidRuntime( 3270): 	at android.os.Handler.dispatchMessage(Handler.java:99)
E/AndroidRuntime( 3270): 	at android.os.Looper.loop(Looper.java:137)
E/AndroidRuntime( 3270): 	at android.app.ActivityThread.main(ActivityThread.java:4745)
E/AndroidRuntime( 3270): 	at java.lang.reflect.Method.invokeNative(Native Method)
E/AndroidRuntime( 3270): 	at java.lang.reflect.Method.invoke(Method.java:511)
E/AndroidRuntime( 3270): 	at com.android.internal.os.ZygoteInit$MethodAndArgsCaller.run(ZygoteInit.java:786)
E/AndroidRuntime( 3270): 	at com.android.internal.os.ZygoteInit.main(ZygoteInit.java:553)
E/AndroidRuntime( 3270): 	at dalvik.system.NativeStart.main(Native Method)
W/ActivityManager(  270):   Force finishing activity org.bennugd.samplegame/.MyGame
W/ActivityManager(  270): Activity pause timeout for ActivityRecord{417f9d78 org.bennugd.samplegame/.MyGame}
I/ActivityManager(  270): No longer want com.google.android.gm (pid 2782): hidden #16
D/StorageNotification(  411): ----------------------------USB MASS STORAGE CONNECT false
I/StorageNotification(  411): UMS connection changed to false (media state mounted)
I/ActivityManager(  270): Process org.bennugd.samplegame (pid 3270) has died.
I/WindowState(  270): WIN DEATH: Window{416820c0 SurfaceView paused=false}
I/WindowState(  270): WIN DEATH: Window{417f57a0 org.bennugd.samplegame/org.bennugd.samplegame.MyGame paused=false}
W/InputMethodManagerService(  270): Got RemoteException sending setActive(false) notification to pid 3270 uid 10072
I/WindowManager(  270): WINDOW DIED Window{417f57a0 org.bennugd.samplegame/org.bennugd.samplegame.MyGame paused=false}
W/PowerUI (  411): unknown intent: Intent { act=android.intent.action.ACTION_POWER_CONNECTED flg=0x8000010 }
D/StorageNotification(  411): ----------------------------USB MASS STORAGE CONNECT false
I/StorageNotification(  411): UMS connection changed to false (media state mounted)
W/ActivityManager(  270): Activity destroy timeout for ActivityRecord{417f9d78 org.bennugd.samplegame/.MyGame}
D/StorageNotification(  411): ----------------------------USB MASS STORAGE CONNECT false
I/StorageNotification(  411): UMS connection changed to false (media state mounted)
I/ActivityManager(  270): START {act=android.intent.action.MAIN cat=[android.intent.category.LAUNCHER] flg=0x10008000 cmp=com.android.settings/.DevelopmentSettings bnds=[138,893][584,957] u=0} from pid -1
D/VoldCmdListener(   89): cryptfs cryptocomplete
E/Cryptfs (   89): not running with encryption, aborting
D/WifiService(  270): setWifiEnabled: true pid=2028, uid=1000
I/ActivityManager(  270): START {act=android.intent.action.MAIN cat=[android.intent.category.HOME] flg=0x10200000 cmp=com.android.launcher/com.android.launcher2.Launcher u=0} from pid 270
I/ActivityManager(  270): START {act=android.intent.action.MAIN cat=[android.intent.category.LAUNCHER] flg=0x10200000 cmp=org.bennugd.samplegame/.MyGame u=0} from pid 613
I/ActivityManager(  270): Start proc org.bennugd.samplegame for activity org.bennugd.samplegame/.MyGame: pid=3322 uid=10072 gids={1028}
V/TabletStatusBar(  411): setLightsOn(true)
E/AndroidRuntime( 3322): FATAL EXCEPTION: main
E/AndroidRuntime( 3322): java.lang.UnsatisfiedLinkError: Native method not found: org.libsdl.app.SDLActivity.onNativePadDown:(II)V
E/AndroidRuntime( 3322): 	at org.libsdl.app.SDLActivity.onNativePadDown(Native Method)
E/AndroidRuntime( 3322): 	at org.libsdl.app.SDLSurface.onKey(SDLActivity.java:741)
E/AndroidRuntime( 3322): 	at android.view.View.dispatchKeyEvent(View.java:7085)
E/AndroidRuntime( 3322): 	at android.view.ViewGroup.dispatchKeyEvent(ViewGroup.java:1358)
E/AndroidRuntime( 3322): 	at android.view.ViewGroup.dispatchKeyEvent(ViewGroup.java:1358)
E/AndroidRuntime( 3322): 	at android.view.ViewGroup.dispatchKeyEvent(ViewGroup.java:1358)
E/AndroidRuntime( 3322): 	at android.view.ViewGroup.dispatchKeyEvent(ViewGroup.java:1358)
E/AndroidRuntime( 3322): 	at com.android.internal.policy.impl.PhoneWindow$DecorView.superDispatchKeyEvent(PhoneWindow.java:1892)
E/AndroidRuntime( 3322): 	at com.android.internal.policy.impl.PhoneWindow.superDispatchKeyEvent(PhoneWindow.java:1369)
E/AndroidRuntime( 3322): 	at android.app.Activity.dispatchKeyEvent(Activity.java:2356)
E/AndroidRuntime( 3322): 	at com.android.internal.policy.impl.PhoneWindow$DecorView.dispatchKeyEvent(PhoneWindow.java:1819)
E/AndroidRuntime( 3322): 	at android.view.ViewRootImpl.deliverKeyEventPostIme(ViewRootImpl.java:3583)
E/AndroidRuntime( 3322): 	at android.view.ViewRootImpl.handleImeFinishedEvent(ViewRootImpl.java:3553)
E/AndroidRuntime( 3322): 	at android.view.ViewRootImpl$ViewRootHandler.handleMessage(ViewRootImpl.java:2803)
E/AndroidRuntime( 3322): 	at android.os.Handler.dispatchMessage(Handler.java:99)
E/AndroidRuntime( 3322): 	at android.os.Looper.loop(Looper.java:137)
E/AndroidRuntime( 3322): 	at android.app.ActivityThread.main(ActivityThread.java:4745)
E/AndroidRuntime( 3322): 	at java.lang.reflect.Method.invokeNative(Native Method)
E/AndroidRuntime( 3322): 	at java.lang.reflect.Method.invoke(Method.java:511)
E/AndroidRuntime( 3322): 	at com.android.internal.os.ZygoteInit$MethodAndArgsCaller.run(ZygoteInit.java:786)
E/AndroidRuntime( 3322): 	at com.android.internal.os.ZygoteInit.main(ZygoteInit.java:553)
E/AndroidRuntime( 3322): 	at dalvik.system.NativeStart.main(Native Method)
W/ActivityManager(  270):   Force finishing activity org.bennugd.samplegame/.MyGame
W/ActivityManager(  270): Activity pause timeout for ActivityRecord{4146bcb8 org.bennugd.samplegame/.MyGame}
I/WindowState(  270): WIN DEATH: Window{417130f8 org.bennugd.samplegame/org.bennugd.samplegame.MyGame paused=false}
I/ActivityManager(  270): Process org.bennugd.samplegame (pid 3322) has died.
W/WindowManager(  270): Force-removing child win Window{4178c468 SurfaceView paused=false} from container Window{417130f8 org.bennugd.samplegame/org.bennugd.samplegame.MyGame paused=false}
W/WindowManager(  270): Failed looking up window
W/WindowManager(  270): java.lang.IllegalArgumentException: Requested window android.os.BinderProxy@41811548 does not exist
W/WindowManager(  270): 	at com.android.server.wm.WindowManagerService.windowForClientLocked(WindowManagerService.java:7772)
W/WindowManager(  270): 	at com.android.server.wm.WindowManagerService.windowForClientLocked(WindowManagerService.java:7763)
W/WindowManager(  270): 	at com.android.server.wm.WindowState$DeathRecipient.binderDied(WindowState.java:870)
W/WindowManager(  270): 	at android.os.BinderProxy.sendDeathNotice(Binder.java:449)
W/WindowManager(  270): 	at dalvik.system.NativeStart.run(Native Method)
I/WindowState(  270): WIN DEATH: null
W/InputMethodManagerService(  270): Got RemoteException sending setActive(false) notification to pid 3322 uid 10072
D/StorageNotification(  411): ----------------------------USB MASS STORAGE CONNECT false
I/StorageNotification(  411): UMS connection changed to false (media state mounted)
W/ActivityManager(  270): Activity destroy timeout for ActivityRecord{4146bcb8 org.bennugd.samplegame/.MyGame}
I/ActivityManager(  270): Config changed: {1.0 0mcc0mnc es_ES sw720dp w1024dp h552dp lrg land finger -keyb/v/h -nav/h s.11}
W/WindowManager(  270): App freeze timeout expired.
W/WindowManager(  270): Force clearing freeze: AppWindowToken{414f41e0 token=Token{415cd010 ActivityRecord{41582b10 com.android.launcher/com.android.launcher2.Launcher}}}
I/ActivityManager(  270): START {act=android.intent.action.MAIN cat=[android.intent.category.HOME] flg=0x10200000 cmp=com.android.launcher/com.android.launcher2.Launcher u=0} from pid 270
I/ActivityManager(  270): START {act=android.intent.action.MAIN cat=[android.intent.category.LAUNCHER] flg=0x10200000 pkg=com.pixjuegos.nereabankpanicfree cmp=com.pixjuegos.nereabankpanicfree/.NereaBankPanic bnds=[416,31][496,111] u=0} from pid 613
I/ActivityManager(  270): Start proc com.pixjuegos.nereabankpanicfree for activity com.pixjuegos.nereabankpanicfree/.NereaBankPanic: pid=3366 uid=10070 gids={1028}
V/TabletStatusBar(  411): setLightsOn(true)
I/ActivityManager(  270): START {act=android.intent.action.MAIN cat=[android.intent.category.HOME] flg=0x10200000 cmp=com.android.launcher/com.android.launcher2.Launcher u=0} from pid 270
I/ActivityManager(  270): No longer want com.android.browser (pid 1260): hidden #16
I/WindowState(  270): WIN DEATH: Window{41553b78 com.android.browser/com.android.browser.BrowserActivity paused=false}
I/ActivityManager(  270): Process com.pixjuegos.nereabankpanicfree (pid 3366) has died.
I/WindowState(  270): WIN DEATH: Window{419eb0c8 SurfaceView paused=false}
I/WindowState(  270): WIN DEATH: Window{41a405f0 com.pixjuegos.nereabankpanicfree/com.pixjuegos.nereabankpanicfree.NereaBankPanic paused=false}
I/WindowManager(  270): WINDOW DIED Window{41a405f0 com.pixjuegos.nereabankpanicfree/com.pixjuegos.nereabankpanicfree.NereaBankPanic paused=false}
D/WifiService(  270): ---- mWifiWakeLock.acquire ----
W/ThrottleService(  270): unable to find stats for iface rmnet0
D/WifiService(  270): ---- mWifiWakeLock.release ----
I/WindowManager(  270): No lock screen!
D/ConnectivityService(  270): ConnectivityChange for WIFI: DISCONNECTED/DISCONNECTED
D/ConnectivityService(  270): Attempting to switch to mobile
D/ConnectivityService(  270): Attempting to switch to ETHERNET
D/ConnectivityService(  270): resetConnections(wlan0, 3)
I/ActivityManager(  270): Start proc com.archos.daos for broadcast com.archos.daos/.DaosRunReceiver: pid=3460 uid=1000 gids={3003, 1015, 1006, 1028, 3002, 3001, 3007}
I/ActivityManager(  270): No longer want com.google.android.music:main (pid 2608): hidden #16
D/ConnectivityService(  270): ConnectivityChange for WIFI: DISCONNECTED/DISCONNECTED
D/ConnectivityService(  270): Attempting to switch to mobile
D/ConnectivityService(  270): Attempting to switch to ETHERNET
D/ConnectivityService(  270): resetConnections(wlan0, 3)
D/ConnectivityService(  270): handleInetConditionChange: no active default network - ignore
I/ActivityManager(  270): Start proc com.google.android.gcm for broadcast com.google.android.gms/.gcm.ServiceAutoStarter: pid=3479 uid=10009 gids={3003, 1015, 1028, 1007, 2001, 3006}
I/ActivityManager(  270): Start proc com.archos.mediacenter.music for broadcast com.archos.mediacenter.music/com.archos.mediaprovider.music.NetworkStateReceiver: pid=3493 uid=10006 gids={3003, 1015, 1023, 1028}
I/ActivityManager(  270): No longer want com.google.android.apps.books (pid 2881): hidden #16
I/ActivityManager(  270): Start proc com.archos.mediacenter.music:scanner for service com.archos.mediacenter.music/com.archos.mediaprovider.MediaThumbnailService: pid=3505 uid=10006 gids={3003, 1015, 1023, 1028}
I/ActivityManager(  270): Start proc com.google.android.gms for broadcast com.google.android.gms/.recovery.AccountRecoveryService$Receiver: pid=3529 uid=10009 gids={3003, 1015, 1028, 1007, 2001, 3006}
I/ActivityManager(  270): No longer want com.google.android.videos (pid 2727): hidden #16
I/ActivityManager(  270): No longer want com.google.android.calendar (pid 2766): hidden #16
I/ActivityManager(  270): No longer want com.android.providers.calendar (pid 2820): hidden #17
D/ConnectivityService(  270): ConnectivityChange for WIFI: CONNECTED/CONNECTED
D/ConnectivityService(  270): ConnectivityChange for WIFI: CONNECTED/CONNECTED
D/ConnectivityService(  270): handleConnectivityChange: address are the same reset per doReset linkProperty[1]: resetMask=0
D/ConnectivityService(  270): NetTransition Wakelock for WifiStateMachine released by timeout
I/ActivityManager(  270): Start proc com.google.android.talk for broadcast com.google.android.talk/.ConnectionStateOnlineReceiver: pid=3593 uid=10039 gids={3003, 1015, 1006, 3002, 1028}
I/ActivityManager(  270): No longer want com.google.android.apps.maps (pid 3226): hidden #16
D/ConnectivityService(  270): handleInetConditionHoldEnd: net=1, condition=100, published condition=0
I/ActivityManager(  270): Start proc com.google.android.apps.maps for service com.google.android.apps.maps/com.google.googlenav.prefetch.android.PrefetcherService: pid=3618 uid=10033 gids={3003, 1015, 1028}
I/ActivityManager(  270): START {act=android.intent.action.MAIN cat=[android.intent.category.HOME] flg=0x10200000 cmp=com.android.launcher/com.android.launcher2.Launcher u=0} from pid 270
I/ActivityManager(  270): Start proc com.pixjuegos.nereabankpanicfree for activity com.pixjuegos.nereabankpanicfree/.NereaBankPanic: pid=3669 uid=10070 gids={1028}
V/TabletStatusBar(  411): setLightsOn(true)
W/InputMethodManagerService(  270): Window already focused, ignoring focus gain of: com.android.internal.view.IInputMethodClient$Stub$Proxy@4155ef98 attribute=null
V/TabletStatusBar(  411): setLightsOn(true)
W/InputMethodManagerService(  270): Window already focused, ignoring focus gain of: com.android.internal.view.IInputMethodClient$Stub$Proxy@416cc760 attribute=null
V/TabletStatusBar(  411): setLightsOn(true)
I/GamePadInputFilter(  270): GamePad input filter installed.
I/GamePadInputFilter(  270): GamePad input filter uninstalled.
I/GamePadInputFilter(  270): GamePad input filter installed.
I/GamePadInputFilter(  270): GamePad input filter uninstalled.
I/GamePadInputFilter(  270): GamePad input filter installed.
I/GamePadInputFilter(  270): GamePad input filter uninstalled.
I/GamePadInputFilter(  270): GamePad input filter installed.
I/GamePadInputFilter(  270): GamePad input filter uninstalled.
I/GamePadInputFilter(  270): GamePad input filter installed.
I/GamePadInputFilter(  270): GamePad input filter uninstalled.
I/GamePadInputFilter(  270): GamePad input filter installed.
I/GamePadInputFilter(  270): GamePad input filter uninstalled.
I/GamePadInputFilter(  270): GamePad input filter installed.
I/GamePadInputFilter(  270): GamePad input filter uninstalled.
I/GamePadInputFilter(  270): GamePad input filter installed.
I/GamePadInputFilter(  270): GamePad input filter uninstalled.
I/GamePadInputFilter(  270): GamePad input filter installed.
W/ThrottleService(  270): unable to find stats for iface rmnet0
I/ActivityManager(  270): START {act=android.intent.action.MAIN cat=[android.intent.category.HOME] flg=0x10200000 cmp=com.android.launcher/com.android.launcher2.Launcher u=0} from pid 270
I/GamePadInputFilter(  270): GamePad input filter uninstalled.
I/GamePadInputFilter(  270): GamePad input filter installed.
I/GamePadInputFilter(  270): GamePad input filter uninstalled.
I/WindowState(  270): WIN DEATH: Window{415a6e10 com.pixjuegos.nereabankpanicfree/com.pixjuegos.nereabankpanicfree.NereaBankPanic paused=false}
W/WindowManager(  270): Force-removing child win Window{415e3470 SurfaceView paused=false} from container Window{415a6e10 com.pixjuegos.nereabankpanicfree/com.pixjuegos.nereabankpanicfree.NereaBankPanic paused=false}
I/ActivityManager(  270): Process com.pixjuegos.nereabankpanicfree (pid 3669) has died.
W/WindowManager(  270): Failed looking up window
W/WindowManager(  270): java.lang.IllegalArgumentException: Requested window android.os.BinderProxy@41504688 does not exist
W/WindowManager(  270): 	at com.android.server.wm.WindowManagerService.windowForClientLocked(WindowManagerService.java:7772)
W/WindowManager(  270): 	at com.android.server.wm.WindowManagerService.windowForClientLocked(WindowManagerService.java:7763)
W/WindowManager(  270): 	at com.android.server.wm.WindowState$DeathRecipient.binderDied(WindowState.java:870)
W/WindowManager(  270): 	at android.os.BinderProxy.sendDeathNotice(Binder.java:449)
W/WindowManager(  270): 	at dalvik.system.NativeStart.run(Native Method)
I/WindowState(  270): WIN DEATH: null
I/ActivityManager(  270): START {act=android.intent.action.DELETE dat=package:com.galapagossoft.trialx2_gl2_demo flg=0x10800000 cmp=com.android.packageinstaller/.UninstallerActivity u=0} from pid 613
I/ActivityManager(  270): Start proc com.android.packageinstaller for activity com.android.packageinstaller/.UninstallerActivity: pid=3753 uid=10008 gids={1028}
I/ActivityManager(  270): START {act=android.intent.action.VIEW cmp=com.android.packageinstaller/.UninstallAppProgress (has extras) u=0} from pid 3753
I/ActivityManager(  270): Force stopping package com.galapagossoft.trialx2_gl2_demo uid=10066
I/ActivityManager(  270): Force stopping package com.galapagossoft.trialx2_gl2_demo uid=10066
I/ActivityManager(  270): Start proc com.google.android.inputmethod.latin.dictionarypack for content provider com.google.android.inputmethod.latin.dictionarypack/.DictionaryProvider: pid=3771 uid=10032 gids={3003, 1015, 1028}
D/BackupManagerService(  270): Received broadcast Intent { act=android.intent.action.PACKAGE_REMOVED dat=package:com.galapagossoft.trialx2_gl2_demo flg=0x8000010 (has extras) }
V/BackupManagerService(  270): removePackageParticipantsLocked: uid=10066 #1
W/InputMethodManagerService(  270): Found no subtypes in a system IME: com.archos.remote.serverrk
I/ActivityManager(  270): Start proc com.android.keychain for broadcast com.android.keychain/.KeyChainBroadcastReceiver: pid=3786 uid=1000 gids={3003, 1015, 1006, 1028, 3002, 3001, 3007}
I/ActivityManager(  270): Start proc com.android.musicfx for broadcast com.android.musicfx/.Compatibility$Receiver: pid=3800 uid=10014 gids={3003, 3002, 1028}
I/ActivityManager(  270): No longer want com.android.settings (pid 2028): hidden #16
I/ActivityManager(  270): No longer want com.google.android.gsf.login (pid 617): hidden #16
I/WindowState(  270): WIN DEATH: Window{41732bd8 com.android.settings/com.android.settings.Settings$SecuritySettingsActivity paused=false}
I/WindowManager(  270): WINDOW DIED Window{418a2278 com.android.settings/com.android.settings.Settings paused=false}
I/WindowManager(  270): WINDOW DIED Window{419ce888 com.android.settings/com.android.settings.DevelopmentSettings paused=false}
W/WindowManager(  270): Failed looking up window
W/WindowManager(  270): java.lang.IllegalArgumentException: Requested window android.os.BinderProxy@414ffc28 does not exist
W/WindowManager(  270): 	at com.android.server.wm.WindowManagerService.windowForClientLocked(WindowManagerService.java:7772)
W/WindowManager(  270): 	at com.android.server.wm.WindowManagerService.windowForClientLocked(WindowManagerService.java:7763)
W/WindowManager(  270): 	at com.android.server.wm.WindowState$DeathRecipient.binderDied(WindowState.java:870)
W/WindowManager(  270): 	at android.os.BinderProxy.sendDeathNotice(Binder.java:449)
W/WindowManager(  270): 	at dalvik.system.NativeStart.run(Native Method)
I/WindowState(  270): WIN DEATH: null
W/WindowManager(  270): Failed looking up window
W/WindowManager(  270): java.lang.IllegalArgumentException: Requested window android.os.BinderProxy@416a21a8 does not exist
W/WindowManager(  270): 	at com.android.server.wm.WindowManagerService.windowForClientLocked(WindowManagerService.java:7772)
W/WindowManager(  270): 	at com.android.server.wm.WindowManagerService.windowForClientLocked(WindowManagerService.java:7763)
W/WindowManager(  270): 	at com.android.server.wm.WindowState$DeathRecipient.binderDied(WindowState.java:870)
W/WindowManager(  270): 	at android.os.BinderProxy.sendDeathNotice(Binder.java:449)
W/WindowManager(  270): 	at dalvik.system.NativeStart.run(Native Method)
I/WindowState(  270): WIN DEATH: null
I/ActivityManager(  270): Start proc com.google.android.googlequicksearchbox for broadcast com.google.android.googlequicksearchbox/com.google.android.apps.sidekick.GmmLocationProviderImpl$GmmPackageWatcher: pid=3818 uid=10021 gids={3003, 1028, 1007, 3002, 1015, 1006}
W/InputMethodManagerService(  270): Found no subtypes in a system IME: com.android.inputmethod.pinyin
I/ActivityManager(  270): Start proc com.google.android.partnersetup for content provider com.google.android.partnersetup/.RlzAppProvider: pid=3837 uid=10017 gids={3003, 1028}
I/ActivityManager(  270): Start proc com.google.android.gsf.login for service com.google.android.gsf.login/com.google.android.gsf.loginservice.GoogleLoginService: pid=3854 uid=10009 gids={3003, 1015, 1028, 1007, 2001, 3006}
W/ActivityManager(  270): Unable to start service Intent { act=com.google.android.gms.analytics.service.START (has extras) }: not found
I/ActivityManager(  270): No longer want android.process.media (pid 3136): hidden #16
I/ActivityManager(  270): No longer want com.archos.daos (pid 3460): hidden #17
I/ActivityManager(  270): No longer want com.google.android.apps.uploader (pid 2751): hidden #16
I/ActivityManager(  270): No longer want com.google.android.gcm (pid 3479): hidden #16
I/ActivityManager(  270): No longer want com.android.chrome (pid 2845): hidden #16
W/ActivityManager(  270): Unable to start service Intent { act=com.google.android.gms.analytics.service.START (has extras) }: not found
I/ActivityManager(  270): START {act=android.intent.action.MAIN cat=[android.intent.category.LAUNCHER] flg=0x10200000 pkg=com.pixjuegos.pixfrogger.free cmp=com.pixjuegos.pixfrogger.free/.PiXFrogger bnds=[192,31][272,111] u=0} from pid 613
I/ActivityManager(  270): Start proc com.pixjuegos.pixfrogger.free for activity com.pixjuegos.pixfrogger.free/.PiXFrogger: pid=3886 uid=10068 gids={1028}
I/ActivityManager(  270): Config changed: {1.0 0mcc0mnc es_ES sw720dp w600dp h976dp lrg port finger -keyb/v/h -nav/h s.12}
V/TabletStatusBar(  411): setLightsOn(true)
I/WindowState(  270): WIN DEATH: Window{4178c468 SurfaceView paused=false}
I/ActivityManager(  270): Process com.pixjuegos.pixfrogger.free (pid 3886) has died.
W/ActivityManager(  270): Force removing ActivityRecord{417e4110 com.pixjuegos.pixfrogger.free/.PiXFrogger}: app died, no saved state
I/WindowState(  270): WIN DEATH: Window{41732e20 com.pixjuegos.pixfrogger.free/com.pixjuegos.pixfrogger.free.PiXFrogger paused=false}
I/WindowManager(  270): WINDOW DIED Window{41732e20 com.pixjuegos.pixfrogger.free/com.pixjuegos.pixfrogger.free.PiXFrogger paused=false}
W/InputMethodManagerService(  270): Got RemoteException sending setActive(false) notification to pid 3886 uid 10068
I/ActivityManager(  270): No longer want com.google.android.youtube (pid 3187): hidden #16
I/ActivityManager(  270): START {act=android.settings.SETTINGS flg=0x10000000 cmp=com.android.settings/.Settings u=0} from pid 411
I/ActivityManager(  270): Start proc com.android.settings for activity com.android.settings/.Settings: pid=3936 uid=1000 gids={3003, 1015, 1006, 1028, 3002, 3001, 3007}
I/ActivityManager(  270): No longer want android.rockchip.update.service (pid 639): hidden #16
W/ActivityManager(  270): Scheduling restart of crashed service android.rockchip.update.service/.RKUpdateService in 3648758ms
I/ActivityManager(  270): Start proc android.process.media for content provider com.android.providers.media/.MediaProvider: pid=3957 uid=10020 gids={1015, 1023, 1024, 1028, 2001, 3003, 3007}
W/InputMethodManagerService(  270): Window already focused, ignoring focus gain of: com.android.internal.view.IInputMethodClient$Stub$Proxy@41729ce8 attribute=null
W/InputMethodManagerService(  270): Window already focused, ignoring focus gain of: com.android.internal.view.IInputMethodClient$Stub$Proxy@417fa6c0 attribute=null
W/InputMethodManagerService(  270): Window already focused, ignoring focus gain of: com.android.internal.view.IInputMethodClient$Stub$Proxy@4175fea8 attribute=null
I/ActivityManager(  270): Start proc com.android.defcontainer for service com.android.defcontainer/.DefaultContainerService: pid=3990 uid=10035 gids={1015, 2001, 1028}
I/ActivityManager(  270): START {act=android.intent.action.MAIN cat=[android.intent.category.HOME] flg=0x10200000 cmp=com.android.launcher/com.android.launcher2.Launcher u=0} from pid 270
W/InputMethodManagerService(  270): Window already focused, ignoring focus gain of: com.android.internal.view.IInputMethodClient$Stub$Proxy@414eb928 attribute=null
W/InputMethodManagerService(  270): Window already focused, ignoring focus gain of: com.android.internal.view.IInputMethodClient$Stub$Proxy@414325b0 attribute=null
I/ActivityManager(  270): START {act=android.intent.action.MAIN cat=[android.intent.category.HOME] flg=0x10200000 cmp=com.android.launcher/com.android.launcher2.Launcher u=0} from pid 270
I/ActivityManager(  270): START {act=android.intent.action.MAIN cat=[android.intent.category.APP_MARKET] flg=0x10000000 cmp=com.android.vending/.AssetBrowserActivity u=0} from pid 613
I/ActivityManager(  270): START {act=android.intent.action.SEARCH flg=0x10000000 cmp=com.android.vending/.AssetBrowserActivity (has extras) u=0} from pid 1069
I/ActivityManager(  270): START {flg=0x20010000 cmp=com.android.vending/com.google.android.finsky.activities.PurchaseDialog (has extras) u=0} from pid 1069
I/ActivityManager(  270): START {flg=0x20010000 cmp=com.android.vending/com.google.android.finsky.activities.PostPurchaseDialog (has extras) u=0} from pid 1069
W/StatusBar(  411): updateNotification for unknown key: android.os.BinderProxy@414f6fa8
I/ActivityManager(  270): START {act=android.intent.action.MAIN cat=[android.intent.category.HOME] flg=0x10200000 cmp=com.android.launcher/com.android.launcher2.Launcher u=0} from pid 270
I/ActivityManager(  270): No longer want com.archos.mediacenter.music (pid 3493): hidden #16
D/WifiService(  270): ---- mWifiWakeLock.acquire ----
I/WindowManager(  270): No lock screen!
D/WifiService(  270): ---- mWifiWakeLock.release ----
I/ActivityManager(  270): Config changed: {1.0 0mcc0mnc es_ES sw720dp w1024dp h552dp lrg land finger -keyb/v/h -nav/h s.13}
I/ActivityManager(  270): Config changed: {1.0 0mcc0mnc es_ES sw720dp w600dp h976dp lrg port finger -keyb/v/h -nav/h s.14}
I/ActivityManager(  270): Config changed: {1.0 0mcc0mnc es_ES sw720dp w1024dp h552dp lrg land finger -keyb/v/h -nav/h s.15}
I/ActivityManager(  270): START {act=android.intent.action.MAIN cat=[android.intent.category.HOME] flg=0x10200000 cmp=com.android.launcher/com.android.launcher2.Launcher u=0} from pid 270
D/WifiService(  270): ---- mWifiWakeLock.acquire ----
I/WindowManager(  270): No lock screen!
D/WifiService(  270): ---- mWifiWakeLock.release ----
D/WifiService(  270): ---- mWifiWakeLock.acquire ----
I/WindowManager(  270): No lock screen!
D/WifiService(  270): ---- mWifiWakeLock.release ----
D/WifiService(  270): ---- mWifiWakeLock.acquire ----
I/WindowManager(  270): No lock screen!
D/WifiService(  270): ---- mWifiWakeLock.release ----
I/ActivityManager(  270): START {act=android.intent.action.MAIN cat=[android.intent.category.LAUNCHER] flg=0x10200000 pkg=com.pixjuegos.nereabankpanicfree cmp=com.pixjuegos.nereabankpanicfree/.NereaBankPanic bnds=[416,31][496,111] u=0} from pid 613
I/ActivityManager(  270): Start proc com.pixjuegos.nereabankpanicfree for activity com.pixjuegos.nereabankpanicfree/.NereaBankPanic: pid=4281 uid=10070 gids={1028}
V/TabletStatusBar(  411): setLightsOn(true)
I/GamePadInputFilter(  270): GamePad input filter installed.
I/GamePadInputFilter(  270): GamePad input filter uninstalled.
I/GamePadInputFilter(  270): GamePad input filter installed.
I/GamePadInputFilter(  270): GamePad input filter uninstalled.
I/GamePadInputFilter(  270): GamePad input filter installed.
I/GamePadInputFilter(  270): GamePad input filter uninstalled.
I/GamePadInputFilter(  270): GamePad input filter installed.
I/GamePadInputFilter(  270): GamePad input filter uninstalled.
I/GamePadInputFilter(  270): GamePad input filter installed.
I/GamePadInputFilter(  270): GamePad input filter uninstalled.
I/GamePadInputFilter(  270): GamePad input filter installed.
I/GamePadInputFilter(  270): GamePad input filter uninstalled.
I/GamePadInputFilter(  270): GamePad input filter installed.
I/GamePadInputFilter(  270): GamePad input filter uninstalled.
I/GamePadInputFilter(  270): GamePad input filter installed.
I/GamePadInputFilter(  270): GamePad input filter uninstalled.
I/GamePadInputFilter(  270): GamePad input filter installed.
I/GamePadInputFilter(  270): GamePad input filter uninstalled.
I/GamePadInputFilter(  270): GamePad input filter installed.
I/GamePadInputFilter(  270): GamePad input filter uninstalled.
I/GamePadInputFilter(  270): GamePad input filter installed.
I/GamePadInputFilter(  270): GamePad input filter uninstalled.
I/GamePadInputFilter(  270): GamePad input filter installed.
I/GamePadInputFilter(  270): GamePad input filter uninstalled.
I/GamePadInputFilter(  270): GamePad input filter installed.
I/GamePadInputFilter(  270): GamePad input filter uninstalled.
I/GamePadInputFilter(  270): GamePad input filter installed.
I/GamePadInputFilter(  270): GamePad input filter uninstalled.
I/GamePadInputFilter(  270): GamePad input filter installed.
I/WindowState(  270): WIN DEATH: Window{416545d0 com.pixjuegos.nereabankpanicfree/com.pixjuegos.nereabankpanicfree.NereaBankPanic paused=false}
I/ActivityManager(  270): Process com.pixjuegos.nereabankpanicfree (pid 4281) has died.
W/ActivityManager(  270): Force removing ActivityRecord{415d5470 com.pixjuegos.nereabankpanicfree/.NereaBankPanic}: app died, no saved state
W/WindowManager(  270): Force-removing child win Window{4172c830 SurfaceView paused=false} from container Window{416545d0 com.pixjuegos.nereabankpanicfree/com.pixjuegos.nereabankpanicfree.NereaBankPanic paused=false}
W/WindowManager(  270): Failed looking up window
W/WindowManager(  270): java.lang.IllegalArgumentException: Requested window android.os.BinderProxy@416a39f0 does not exist
W/WindowManager(  270): 	at com.android.server.wm.WindowManagerService.windowForClientLocked(WindowManagerService.java:7772)
W/WindowManager(  270): 	at com.android.server.wm.WindowManagerService.windowForClientLocked(WindowManagerService.java:7763)
W/WindowManager(  270): 	at com.android.server.wm.WindowState$DeathRecipient.binderDied(WindowState.java:870)
W/WindowManager(  270): 	at android.os.BinderProxy.sendDeathNotice(Binder.java:449)
W/WindowManager(  270): 	at dalvik.system.NativeStart.run(Native Method)
I/WindowState(  270): WIN DEATH: null
W/InputMethodManagerService(  270): Got RemoteException sending setActive(false) notification to pid 4281 uid 10070
I/GamePadInputFilter(  270): GamePad input filter uninstalled.
I/ActivityManager(  270): START {act=android.intent.action.MAIN cat=[android.intent.category.HOME] flg=0x10200000 cmp=com.android.launcher/com.android.launcher2.Launcher u=0} from pid 270
W/InputMethodManagerService(  270): Window already focused, ignoring focus gain of: com.android.internal.view.IInputMethodClient$Stub$Proxy@414993a8 attribute=null
W/InputMethodManagerService(  270): Window already focused, ignoring focus gain of: com.android.internal.view.IInputMethodClient$Stub$Proxy@41524538 attribute=android.view.inputmethod.EditorInfo@41858e90
W/InputMethodManagerService(  270): Window already focused, ignoring focus gain of: com.android.internal.view.IInputMethodClient$Stub$Proxy@419894b0 attribute=null
W/InputMethodManagerService(  270): Window already focused, ignoring focus gain of: com.android.internal.view.IInputMethodClient$Stub$Proxy@414a3b70 attribute=null
D/WifiService(  270): ---- mWifiWakeLock.acquire ----
I/WindowManager(  270): No lock screen!
D/WifiService(  270): ---- mWifiWakeLock.release ----
W/InputMethodManagerService(  270): Window already focused, ignoring focus gain of: com.android.internal.view.IInputMethodClient$Stub$Proxy@418165e8 attribute=android.view.inputmethod.EditorInfo@41a0b620
W/StatusBar(  411): updateNotification for unknown key: android.os.BinderProxy@423d3fc0
I/ActivityManager(  270): START {act=android.intent.action.MAIN cat=[android.intent.category.HOME] flg=0x10200000 cmp=com.android.launcher/com.android.launcher2.Launcher u=0} from pid 270
W/StatusBar(  411): updateNotification for unknown key: android.os.BinderProxy@4226fa80
I/ActivityManager(  270): START {act=android.intent.action.MAIN cat=[android.intent.category.LAUNCHER] flg=0x10200000 cmp=com.android.vending/.AssetBrowserActivity bnds=[192,359][272,439] u=0} from pid 613
I/ActivityManager(  270): START {act=android.intent.action.SEARCH flg=0x10000000 cmp=com.android.vending/.AssetBrowserActivity (has extras) u=0} from pid 1069
W/ThrottleService(  270): unable to find stats for iface rmnet0
I/ActivityManager(  270): START {flg=0x20010000 cmp=com.android.vending/com.google.android.finsky.activities.PurchaseDialog (has extras) u=0} from pid 1069
W/StatusBar(  411): updateNotification for unknown key: android.os.BinderProxy@423c03d0
W/StatusBar(  411): updateNotification for unknown key: android.os.BinderProxy@423c03d0
I/ActivityManager(  270): START {act=android.intent.action.SEARCH flg=0x10000000 cmp=com.android.vending/.AssetBrowserActivity (has extras) u=0} from pid 1069
I/ActivityManager(  270): Config changed: {1.0 0mcc0mnc es_ES sw720dp w600dp h976dp lrg port finger -keyb/v/h -nav/h s.16}
I/ActivityManager(  270): Config changed: {1.0 0mcc0mnc es_ES sw720dp w1024dp h552dp lrg land finger -keyb/v/h -nav/h s.17}
I/ActivityManager(  270): START {act=android.intent.action.MAIN cat=[android.intent.category.HOME] flg=0x10200000 cmp=com.android.launcher/com.android.launcher2.Launcher u=0} from pid 270
D/WifiService(  270): ---- mWifiWakeLock.acquire ----
W/StatusBar(  411): updateNotification for unknown key: android.os.BinderProxy@4224b268
W/StatusBar(  411): updateNotification for unknown key: android.os.BinderProxy@4224b268
W/StatusBar(  411): updateNotification for unknown key: android.os.BinderProxy@4224b268
I/ActivityManager(  270): No longer want com.archos.mediacenter.music:scanner (pid 3505): hidden #16
W/ActivityManager(  270): No content provider found for permission revoke: file:///data/data/com.android.providers.downloads/cache/downloadfile.apk
D/VoldCmdListener(   89): asec list
D/VoldCmdListener(   89): asec create smdl2tmp1 3 fat {} 10035 0
I/Vold    (   89): Filesystem formatted OK
D/VoldCmdListener(   89): asec path smdl2tmp1
I/DefContainer( 3990): Created container for smdl2tmp1 at path : /mnt/asec/smdl2tmp1
I/DefContainer( 3990): Copied /data/app-private/vmdl1033515578.tmp to /mnt/asec/smdl2tmp1/pkg.apk
I/DefContainer( 3990): Copied resources to /mnt/asec/smdl2tmp1/res.zip
D/VoldCmdListener(   89): asec finalize smdl2tmp1
I/DefContainer( 3990): Finalized container smdl2tmp1
I/DefContainer( 3990): Unmounting smdl2tmp1 at path /mnt/asec/smdl2tmp1
D/VoldCmdListener(   89): asec unmount smdl2tmp1 force
W/ActivityManager(  270): No content provider found for permission revoke: file:///data/app-private/vmdl1033515578.tmp
D/VoldCmdListener(   89): asec mount smdl2tmp1 {} 1000
D/VoldCmdListener(   89): asec path smdl2tmp1
D/VoldCmdListener(   89): asec unmount smdl2tmp1 force
D/VoldCmdListener(   89): asec rename smdl2tmp1 com.sega.soniccd-1
W/PackageManager(  270): Mounting container com.sega.soniccd-1
D/VoldCmdListener(   89): asec mount com.sega.soniccd-1 {} 1000
D/VoldCmdListener(   89): asec path com.sega.soniccd-1
I/PackageManager(  270): Linking native library dir for /mnt/asec/com.sega.soniccd-1/pkg.apk
I/ActivityManager(  270): Force stopping package com.sega.soniccd uid=10066
D/VoldCmdListener(   89): asec fixperms com.sega.soniccd-1 10066 pkg.apk
D/BackupManagerService(  270): Received broadcast Intent { act=android.intent.action.PACKAGE_ADDED dat=package:com.sega.soniccd flg=0x8000010 (has extras) }
V/BackupManagerService(  270): addPackageParticipantsLocked: #1
W/InputMethodManagerService(  270): Found no subtypes in a system IME: com.archos.remote.serverrk
